Unable to determine clock rate from sysctl: hw.cpufrequency: No such file or directory
This does not affect benchmark measurements, only the metadata output.
***WARNING*** Failed to set thread affinity. Estimated CPU frequency may be incorrect.
2026-09-22T10:51:34-07:00
Running /Users/aryamaandash/GitHub/cpu_optimized_inference_engine/build/benchmark-release/matmul_bench
Run on (11 X 24 MHz CPU s)
CPU Caches:
  L1 Data 64 KiB
  L1 Instruction 128 KiB
  L2 Unified 4096 KiB (x11)
Load Average: 3.53, 3.84, 4.25
-------------------------------------------------------------------------------------------------------------
Benchmark                                                        Time             CPU   Iterations     GFLOPS
-------------------------------------------------------------------------------------------------------------
BM_MatmulIkjAllocationIncluded/M:1/K:256/N:256                4.83 us         4.83 us       290687  27.1559/s
BM_MatmulIkjAllocationIncluded/M:1/K:256/N:256                4.83 us         4.83 us       290687  27.1619/s
BM_MatmulIkjAllocationIncluded/M:1/K:256/N:256                4.82 us         4.82 us       290687  27.2042/s
BM_MatmulIkjAllocationIncluded/M:1/K:256/N:256                4.82 us         4.82 us       290687  27.2073/s
BM_MatmulIkjAllocationIncluded/M:1/K:256/N:256                4.84 us         4.84 us       290687  27.0894/s
BM_MatmulIkjAllocationIncluded/M:1/K:256/N:256                4.85 us         4.84 us       290687  27.0715/s
BM_MatmulIkjAllocationIncluded/M:1/K:256/N:256                4.82 us         4.81 us       290687  27.2307/s
BM_MatmulIkjAllocationIncluded/M:1/K:256/N:256                4.84 us         4.83 us       290687  27.1092/s
BM_MatmulIkjAllocationIncluded/M:1/K:256/N:256                4.83 us         4.83 us       290687  27.1562/s
BM_MatmulIkjAllocationIncluded/M:1/K:256/N:256                4.84 us         4.83 us       290687   27.109/s
BM_MatmulIkjAllocationIncluded/M:1/K:256/N:256_mean           4.83 us         4.83 us           10  27.1495/s
BM_MatmulIkjAllocationIncluded/M:1/K:256/N:256_median         4.83 us         4.83 us           10   27.156/s
BM_MatmulIkjAllocationIncluded/M:1/K:256/N:256_stddev        0.011 us        0.010 us           10 0.0538687/s
BM_MatmulIkjAllocationIncluded/M:1/K:256/N:256_cv             0.23 %          0.20 %            10      0.20%
BM_MatmulIkjAllocationIncluded/M:256/K:256/N:1                 184 us          184 us         7571 0.713894/s
BM_MatmulIkjAllocationIncluded/M:256/K:256/N:1                 182 us          181 us         7571 0.722709/s
BM_MatmulIkjAllocationIncluded/M:256/K:256/N:1                 185 us          184 us         7571 0.711616/s
BM_MatmulIkjAllocationIncluded/M:256/K:256/N:1                 188 us          188 us         7571  0.69672/s
BM_MatmulIkjAllocationIncluded/M:256/K:256/N:1                 190 us          190 us         7571 0.689383/s
BM_MatmulIkjAllocationIncluded/M:256/K:256/N:1                 188 us          188 us         7571 0.697021/s
BM_MatmulIkjAllocationIncluded/M:256/K:256/N:1                 186 us          186 us         7571 0.706269/s
BM_MatmulIkjAllocationIncluded/M:256/K:256/N:1                 192 us          192 us         7571 0.682939/s
BM_MatmulIkjAllocationIncluded/M:256/K:256/N:1                 192 us          192 us         7571 0.683576/s
BM_MatmulIkjAllocationIncluded/M:256/K:256/N:1                 190 us          189 us         7571 0.691907/s
BM_MatmulIkjAllocationIncluded/M:256/K:256/N:1_mean            188 us          187 us           10 0.699603/s
BM_MatmulIkjAllocationIncluded/M:256/K:256/N:1_median          188 us          188 us           10  0.69687/s
BM_MatmulIkjAllocationIncluded/M:256/K:256/N:1_stddev         3.40 us         3.60 us           10 0.0134992/s
BM_MatmulIkjAllocationIncluded/M:256/K:256/N:1_cv             1.81 %          1.92 %            10      1.93%
BM_MatmulIkjAllocationIncluded/M:1/K:64/N:64                 0.516 us        0.515 us      2714962  15.8964/s
BM_MatmulIkjAllocationIncluded/M:1/K:64/N:64                 0.545 us        0.540 us      2714962  15.1764/s
BM_MatmulIkjAllocationIncluded/M:1/K:64/N:64                 0.524 us        0.524 us      2714962  15.6438/s
BM_MatmulIkjAllocationIncluded/M:1/K:64/N:64                 0.525 us        0.524 us      2714962  15.6277/s
BM_MatmulIkjAllocationIncluded/M:1/K:64/N:64                 0.519 us        0.518 us      2714962  15.8077/s
BM_MatmulIkjAllocationIncluded/M:1/K:64/N:64                 0.521 us        0.521 us      2714962  15.7318/s
BM_MatmulIkjAllocationIncluded/M:1/K:64/N:64                 0.517 us        0.516 us      2714962   15.862/s
BM_MatmulIkjAllocationIncluded/M:1/K:64/N:64                 0.520 us        0.520 us      2714962  15.7609/s
BM_MatmulIkjAllocationIncluded/M:1/K:64/N:64                 0.518 us        0.518 us      2714962  15.8263/s
BM_MatmulIkjAllocationIncluded/M:1/K:64/N:64                 0.516 us        0.516 us      2714962  15.8772/s
BM_MatmulIkjAllocationIncluded/M:1/K:64/N:64_mean            0.522 us        0.521 us           10   15.721/s
BM_MatmulIkjAllocationIncluded/M:1/K:64/N:64_median          0.519 us        0.519 us           10  15.7843/s
BM_MatmulIkjAllocationIncluded/M:1/K:64/N:64_stddev          0.009 us        0.007 us           10 0.212562/s
BM_MatmulIkjAllocationIncluded/M:1/K:64/N:64_cv               1.68 %          1.38 %            10      1.35%
BM_MatmulIkjAllocationIncluded/M:64/K:64/N:1                  7.30 us         7.30 us       206999  1.12221/s
BM_MatmulIkjAllocationIncluded/M:64/K:64/N:1                  6.69 us         6.68 us       206999  1.22559/s
BM_MatmulIkjAllocationIncluded/M:64/K:64/N:1                  7.06 us         7.06 us       206999  1.16104/s
BM_MatmulIkjAllocationIncluded/M:64/K:64/N:1                  6.97 us         6.96 us       206999  1.17781/s
BM_MatmulIkjAllocationIncluded/M:64/K:64/N:1                  7.63 us         7.63 us       206999  1.07355/s
BM_MatmulIkjAllocationIncluded/M:64/K:64/N:1                  7.09 us         7.09 us       206999  1.15604/s
BM_MatmulIkjAllocationIncluded/M:64/K:64/N:1                  7.34 us         7.34 us       206999  1.11679/s
BM_MatmulIkjAllocationIncluded/M:64/K:64/N:1                  7.08 us         7.07 us       206999   1.1579/s
BM_MatmulIkjAllocationIncluded/M:64/K:64/N:1                  6.96 us         6.94 us       206999  1.18059/s
BM_MatmulIkjAllocationIncluded/M:64/K:64/N:1                  6.68 us         6.65 us       206999  1.23161/s
BM_MatmulIkjAllocationIncluded/M:64/K:64/N:1_mean             7.08 us         7.07 us           10  1.16031/s
BM_MatmulIkjAllocationIncluded/M:64/K:64/N:1_median           7.07 us         7.07 us           10  1.15947/s
BM_MatmulIkjAllocationIncluded/M:64/K:64/N:1_stddev          0.293 us        0.297 us           10 0.0482572/s
BM_MatmulIkjAllocationIncluded/M:64/K:64/N:1_cv               4.13 %          4.20 %            10      4.16%
BM_MatmulIkjAllocationIncluded/M:1/K:128/N:128                1.41 us         1.41 us       994057   23.296/s
BM_MatmulIkjAllocationIncluded/M:1/K:128/N:128                1.41 us         1.40 us       994057  23.3332/s
BM_MatmulIkjAllocationIncluded/M:1/K:128/N:128                1.41 us         1.41 us       994057  23.3117/s
BM_MatmulIkjAllocationIncluded/M:1/K:128/N:128                1.41 us         1.41 us       994057  23.2918/s
BM_MatmulIkjAllocationIncluded/M:1/K:128/N:128                1.40 us         1.40 us       994057  23.3379/s
BM_MatmulIkjAllocationIncluded/M:1/K:128/N:128                1.42 us         1.42 us       994057  23.1064/s
BM_MatmulIkjAllocationIncluded/M:1/K:128/N:128                1.41 us         1.41 us       994057  23.2958/s
BM_MatmulIkjAllocationIncluded/M:1/K:128/N:128                1.41 us         1.41 us       994057   23.281/s
BM_MatmulIkjAllocationIncluded/M:1/K:128/N:128                1.45 us         1.44 us       994057  22.7358/s
BM_MatmulIkjAllocationIncluded/M:1/K:128/N:128                1.41 us         1.41 us       994057  23.2746/s
BM_MatmulIkjAllocationIncluded/M:1/K:128/N:128_mean           1.41 us         1.41 us           10  23.2264/s
BM_MatmulIkjAllocationIncluded/M:1/K:128/N:128_median         1.41 us         1.41 us           10  23.2938/s
BM_MatmulIkjAllocationIncluded/M:1/K:128/N:128_stddev        0.014 us        0.011 us           10 0.184229/s
BM_MatmulIkjAllocationIncluded/M:1/K:128/N:128_cv             0.97 %          0.81 %            10      0.79%
BM_MatmulIkjAllocationIncluded/M:128/K:128/N:1                46.1 us         46.1 us        30818 0.711201/s
BM_MatmulIkjAllocationIncluded/M:128/K:128/N:1                45.3 us         45.3 us        30818 0.724042/s
BM_MatmulIkjAllocationIncluded/M:128/K:128/N:1                45.8 us         45.7 us        30818 0.716737/s
BM_MatmulIkjAllocationIncluded/M:128/K:128/N:1                45.7 us         45.7 us        30818 0.717114/s
BM_MatmulIkjAllocationIncluded/M:128/K:128/N:1                45.6 us         45.6 us        30818  0.71906/s
BM_MatmulIkjAllocationIncluded/M:128/K:128/N:1                45.7 us         45.7 us        30818 0.717124/s
BM_MatmulIkjAllocationIncluded/M:128/K:128/N:1                45.4 us         45.4 us        30818  0.72172/s
BM_MatmulIkjAllocationIncluded/M:128/K:128/N:1                45.9 us         45.7 us        30818 0.716344/s
BM_MatmulIkjAllocationIncluded/M:128/K:128/N:1                46.7 us         46.4 us        30818 0.706554/s
BM_MatmulIkjAllocationIncluded/M:128/K:128/N:1                46.0 us         45.9 us        30818 0.713391/s
BM_MatmulIkjAllocationIncluded/M:128/K:128/N:1_mean           45.8 us         45.7 us           10 0.716329/s
BM_MatmulIkjAllocationIncluded/M:128/K:128/N:1_median         45.7 us         45.7 us           10 0.716926/s
BM_MatmulIkjAllocationIncluded/M:128/K:128/N:1_stddev        0.391 us        0.322 us           10 5.03211m/s
BM_MatmulIkjAllocationIncluded/M:128/K:128/N:1_cv             0.85 %          0.70 %            10      0.70%
BM_MatmulIkjAllocationIncluded/M:1/K:255/N:255                5.08 us         5.07 us       279924  25.6614/s
BM_MatmulIkjAllocationIncluded/M:1/K:255/N:255                5.02 us         5.02 us       279924  25.9172/s
BM_MatmulIkjAllocationIncluded/M:1/K:255/N:255                5.02 us         5.01 us       279924  25.9477/s
BM_MatmulIkjAllocationIncluded/M:1/K:255/N:255                5.04 us         5.03 us       279924  25.8513/s
BM_MatmulIkjAllocationIncluded/M:1/K:255/N:255                5.04 us         5.03 us       279924  25.8423/s
BM_MatmulIkjAllocationIncluded/M:1/K:255/N:255                5.02 us         5.02 us       279924  25.9196/s
BM_MatmulIkjAllocationIncluded/M:1/K:255/N:255                5.00 us         5.00 us       279924  26.0307/s
BM_MatmulIkjAllocationIncluded/M:1/K:255/N:255                5.05 us         5.04 us       279924  25.8134/s
BM_MatmulIkjAllocationIncluded/M:1/K:255/N:255                5.00 us         5.00 us       279924  26.0101/s
BM_MatmulIkjAllocationIncluded/M:1/K:255/N:255                5.04 us         5.03 us       279924  25.8583/s
BM_MatmulIkjAllocationIncluded/M:1/K:255/N:255_mean           5.03 us         5.02 us           10  25.8852/s
BM_MatmulIkjAllocationIncluded/M:1/K:255/N:255_median         5.03 us         5.02 us           10  25.8878/s
BM_MatmulIkjAllocationIncluded/M:1/K:255/N:255_stddev        0.023 us        0.021 us           10 0.106373/s
BM_MatmulIkjAllocationIncluded/M:1/K:255/N:255_cv             0.45 %          0.41 %            10      0.41%
BM_MatmulIkjAllocationIncluded/M:255/K:255/N:1                 183 us          183 us         7273 0.711653/s
BM_MatmulIkjAllocationIncluded/M:255/K:255/N:1                 184 us          184 us         7273 0.706624/s
BM_MatmulIkjAllocationIncluded/M:255/K:255/N:1                 190 us          189 us         7273 0.686399/s
BM_MatmulIkjAllocationIncluded/M:255/K:255/N:1                 186 us          186 us         7273 0.700703/s
BM_MatmulIkjAllocationIncluded/M:255/K:255/N:1                 185 us          185 us         7273 0.704813/s
BM_MatmulIkjAllocationIncluded/M:255/K:255/N:1                 187 us          187 us         7273 0.695096/s
BM_MatmulIkjAllocationIncluded/M:255/K:255/N:1                 188 us          188 us         7273 0.693098/s
BM_MatmulIkjAllocationIncluded/M:255/K:255/N:1                 184 us          184 us         7273 0.708291/s
BM_MatmulIkjAllocationIncluded/M:255/K:255/N:1                 187 us          187 us         7273  0.69444/s
BM_MatmulIkjAllocationIncluded/M:255/K:255/N:1                 188 us          187 us         7273 0.693949/s
BM_MatmulIkjAllocationIncluded/M:255/K:255/N:1_mean            186 us          186 us           10 0.699507/s
BM_MatmulIkjAllocationIncluded/M:255/K:255/N:1_median          186 us          186 us           10 0.697899/s
BM_MatmulIkjAllocationIncluded/M:255/K:255/N:1_stddev         2.16 us         2.16 us           10 8.12284m/s
BM_MatmulIkjAllocationIncluded/M:255/K:255/N:1_cv             1.16 %          1.16 %            10      1.16%
BM_MatmulIkjAllocationIncluded/M:1/K:257/N:257                5.02 us         5.00 us       284100  26.4396/s
BM_MatmulIkjAllocationIncluded/M:1/K:257/N:257                5.02 us         5.01 us       284100  26.3889/s
BM_MatmulIkjAllocationIncluded/M:1/K:257/N:257                4.96 us         4.95 us       284100  26.6996/s
BM_MatmulIkjAllocationIncluded/M:1/K:257/N:257                4.95 us         4.95 us       284100  26.6919/s
BM_MatmulIkjAllocationIncluded/M:1/K:257/N:257                4.98 us         4.97 us       284100  26.5723/s
BM_MatmulIkjAllocationIncluded/M:1/K:257/N:257                4.96 us         4.95 us       284100  26.7004/s
BM_MatmulIkjAllocationIncluded/M:1/K:257/N:257                4.97 us         4.96 us       284100  26.6446/s
BM_MatmulIkjAllocationIncluded/M:1/K:257/N:257                4.93 us         4.93 us       284100  26.8106/s
BM_MatmulIkjAllocationIncluded/M:1/K:257/N:257                4.93 us         4.93 us       284100   26.798/s
BM_MatmulIkjAllocationIncluded/M:1/K:257/N:257                4.93 us         4.92 us       284100  26.8294/s
BM_MatmulIkjAllocationIncluded/M:1/K:257/N:257_mean           4.96 us         4.96 us           10  26.6575/s
BM_MatmulIkjAllocationIncluded/M:1/K:257/N:257_median         4.96 us         4.95 us           10  26.6957/s
BM_MatmulIkjAllocationIncluded/M:1/K:257/N:257_stddev        0.033 us        0.028 us           10 0.150772/s
BM_MatmulIkjAllocationIncluded/M:1/K:257/N:257_cv             0.67 %          0.57 %            10      0.57%
BM_MatmulIkjAllocationIncluded/M:257/K:257/N:1                 196 us          196 us         7190   0.6742/s
BM_MatmulIkjAllocationIncluded/M:257/K:257/N:1                 196 us          196 us         7190 0.673187/s
BM_MatmulIkjAllocationIncluded/M:257/K:257/N:1                 197 us          197 us         7190 0.669751/s
BM_MatmulIkjAllocationIncluded/M:257/K:257/N:1                 197 us          197 us         7190 0.671913/s
BM_MatmulIkjAllocationIncluded/M:257/K:257/N:1                 196 us          196 us         7190 0.675261/s
BM_MatmulIkjAllocationIncluded/M:257/K:257/N:1                 197 us          196 us         7190 0.672438/s
BM_MatmulIkjAllocationIncluded/M:257/K:257/N:1                 195 us          195 us         7190 0.676887/s
BM_MatmulIkjAllocationIncluded/M:257/K:257/N:1                 194 us          194 us         7190 0.681584/s
BM_MatmulIkjAllocationIncluded/M:257/K:257/N:1                 195 us          195 us         7190 0.679027/s
BM_MatmulIkjAllocationIncluded/M:257/K:257/N:1                 195 us          195 us         7190   0.6772/s
BM_MatmulIkjAllocationIncluded/M:257/K:257/N:1_mean            196 us          196 us           10 0.675145/s
BM_MatmulIkjAllocationIncluded/M:257/K:257/N:1_median          196 us          196 us           10  0.67473/s
BM_MatmulIkjAllocationIncluded/M:257/K:257/N:1_stddev        0.948 us         1.04 us           10 3.58067m/s
BM_MatmulIkjAllocationIncluded/M:257/K:257/N:1_cv             0.48 %          0.53 %            10      0.53%
BM_MatmulIkjAllocationIncluded/M:1/K:512/N:512                18.7 us         18.7 us        74798  28.0924/s
BM_MatmulIkjAllocationIncluded/M:1/K:512/N:512                18.7 us         18.7 us        74798  28.1021/s
BM_MatmulIkjAllocationIncluded/M:1/K:512/N:512                19.0 us         19.0 us        74798  27.6558/s
BM_MatmulIkjAllocationIncluded/M:1/K:512/N:512                19.4 us         19.3 us        74798  27.2291/s
BM_MatmulIkjAllocationIncluded/M:1/K:512/N:512                18.7 us         18.7 us        74798  28.0938/s
BM_MatmulIkjAllocationIncluded/M:1/K:512/N:512                18.6 us         18.6 us        74798  28.1369/s
BM_MatmulIkjAllocationIncluded/M:1/K:512/N:512                18.6 us         18.6 us        74798  28.1383/s
BM_MatmulIkjAllocationIncluded/M:1/K:512/N:512                18.6 us         18.6 us        74798   28.141/s
BM_MatmulIkjAllocationIncluded/M:1/K:512/N:512                18.7 us         18.7 us        74798  28.0397/s
BM_MatmulIkjAllocationIncluded/M:1/K:512/N:512                18.8 us         18.8 us        74798  27.9298/s
BM_MatmulIkjAllocationIncluded/M:1/K:512/N:512_mean           18.8 us         18.8 us           10  27.9559/s
BM_MatmulIkjAllocationIncluded/M:1/K:512/N:512_median         18.7 us         18.7 us           10  28.0931/s
BM_MatmulIkjAllocationIncluded/M:1/K:512/N:512_stddev        0.238 us        0.202 us           10 0.295398/s
BM_MatmulIkjAllocationIncluded/M:1/K:512/N:512_cv             1.26 %          1.08 %            10      1.06%
BM_MatmulIkjAllocationIncluded/M:512/K:512/N:1                 725 us          724 us         1971 0.724288/s
BM_MatmulIkjAllocationIncluded/M:512/K:512/N:1                 702 us          701 us         1971 0.747919/s
BM_MatmulIkjAllocationIncluded/M:512/K:512/N:1                 696 us          694 us         1971 0.755684/s
BM_MatmulIkjAllocationIncluded/M:512/K:512/N:1                 735 us          734 us         1971 0.714399/s
BM_MatmulIkjAllocationIncluded/M:512/K:512/N:1                 695 us          694 us         1971 0.755218/s
BM_MatmulIkjAllocationIncluded/M:512/K:512/N:1                 713 us          712 us         1971  0.73636/s
BM_MatmulIkjAllocationIncluded/M:512/K:512/N:1                 729 us          729 us         1971 0.719541/s
BM_MatmulIkjAllocationIncluded/M:512/K:512/N:1                 704 us          704 us         1971 0.745222/s
BM_MatmulIkjAllocationIncluded/M:512/K:512/N:1                 729 us          729 us         1971 0.719122/s
BM_MatmulIkjAllocationIncluded/M:512/K:512/N:1                 719 us          718 us         1971 0.730171/s
BM_MatmulIkjAllocationIncluded/M:512/K:512/N:1_mean            715 us          714 us           10 0.734793/s
BM_MatmulIkjAllocationIncluded/M:512/K:512/N:1_median          716 us          715 us           10 0.733266/s
BM_MatmulIkjAllocationIncluded/M:512/K:512/N:1_stddev         14.6 us         15.0 us           10 0.0155025/s
BM_MatmulIkjAllocationIncluded/M:512/K:512/N:1_cv             2.05 %          2.11 %            10      2.11%
BM_MatmulIkjAllocationIncluded/M:1/K:1024/N:1024              72.1 us         72.0 us        19009  29.1125/s
BM_MatmulIkjAllocationIncluded/M:1/K:1024/N:1024              72.1 us         72.0 us        19009  29.1144/s
BM_MatmulIkjAllocationIncluded/M:1/K:1024/N:1024              72.2 us         72.2 us        19009  29.0547/s
BM_MatmulIkjAllocationIncluded/M:1/K:1024/N:1024              72.0 us         72.0 us        19009  29.1261/s
BM_MatmulIkjAllocationIncluded/M:1/K:1024/N:1024              72.1 us         72.0 us        19009  29.1106/s
BM_MatmulIkjAllocationIncluded/M:1/K:1024/N:1024              72.2 us         72.1 us        19009  29.0879/s
BM_MatmulIkjAllocationIncluded/M:1/K:1024/N:1024              72.0 us         72.0 us        19009  29.1384/s
BM_MatmulIkjAllocationIncluded/M:1/K:1024/N:1024              72.1 us         72.0 us        19009  29.1196/s
BM_MatmulIkjAllocationIncluded/M:1/K:1024/N:1024              72.2 us         72.1 us        19009  29.0772/s
BM_MatmulIkjAllocationIncluded/M:1/K:1024/N:1024              74.2 us         73.5 us        19009   28.538/s
BM_MatmulIkjAllocationIncluded/M:1/K:1024/N:1024_mean         72.3 us         72.2 us           10  29.0479/s
BM_MatmulIkjAllocationIncluded/M:1/K:1024/N:1024_median       72.1 us         72.0 us           10  29.1116/s
BM_MatmulIkjAllocationIncluded/M:1/K:1024/N:1024_stddev      0.660 us        0.457 us           10 0.180888/s
BM_MatmulIkjAllocationIncluded/M:1/K:1024/N:1024_cv           0.91 %          0.63 %            10      0.62%
BM_MatmulIkjAllocationIncluded/M:1024/K:1024/N:1              2900 us         2899 us          498 0.723424/s
BM_MatmulIkjAllocationIncluded/M:1024/K:1024/N:1              2906 us         2904 us          498 0.722084/s
BM_MatmulIkjAllocationIncluded/M:1024/K:1024/N:1              2980 us         2977 us          498 0.704341/s
BM_MatmulIkjAllocationIncluded/M:1024/K:1024/N:1              2925 us         2922 us          498 0.717734/s
BM_MatmulIkjAllocationIncluded/M:1024/K:1024/N:1              2899 us         2897 us          498 0.724025/s
BM_MatmulIkjAllocationIncluded/M:1024/K:1024/N:1              2730 us         2721 us          498  0.77073/s
BM_MatmulIkjAllocationIncluded/M:1024/K:1024/N:1              2949 us         2948 us          498 0.711417/s
BM_MatmulIkjAllocationIncluded/M:1024/K:1024/N:1              2808 us         2801 us          498 0.748596/s
BM_MatmulIkjAllocationIncluded/M:1024/K:1024/N:1              2811 us         2801 us          498  0.74863/s
BM_MatmulIkjAllocationIncluded/M:1024/K:1024/N:1              2992 us         2989 us          498 0.701541/s
BM_MatmulIkjAllocationIncluded/M:1024/K:1024/N:1_mean         2890 us         2886 us           10 0.727252/s
BM_MatmulIkjAllocationIncluded/M:1024/K:1024/N:1_median       2903 us         2902 us           10 0.722754/s
BM_MatmulIkjAllocationIncluded/M:1024/K:1024/N:1_stddev       83.1 us         85.8 us           10 0.0220656/s
BM_MatmulIkjAllocationIncluded/M:1024/K:1024/N:1_cv           2.88 %          2.97 %            10      3.03%
BM_MatmulIkjAllocationIncluded/M:32/K:256/N:1                 23.6 us         23.5 us        58662 0.696185/s
BM_MatmulIkjAllocationIncluded/M:32/K:256/N:1                 24.0 us         23.9 us        58662 0.684215/s
BM_MatmulIkjAllocationIncluded/M:32/K:256/N:1                 23.0 us         23.0 us        58662 0.713767/s
BM_MatmulIkjAllocationIncluded/M:32/K:256/N:1                 23.3 us         23.1 us        58662 0.710462/s
BM_MatmulIkjAllocationIncluded/M:32/K:256/N:1                 23.2 us         23.1 us        58662 0.709396/s
BM_MatmulIkjAllocationIncluded/M:32/K:256/N:1                 23.6 us         23.6 us        58662 0.695086/s
BM_MatmulIkjAllocationIncluded/M:32/K:256/N:1                 23.7 us         23.7 us        58662 0.691515/s
BM_MatmulIkjAllocationIncluded/M:32/K:256/N:1                 23.5 us         23.4 us        58662 0.698788/s
BM_MatmulIkjAllocationIncluded/M:32/K:256/N:1                 23.7 us         23.7 us        58662 0.691476/s
BM_MatmulIkjAllocationIncluded/M:32/K:256/N:1                 23.8 us         23.7 us        58662 0.690021/s
BM_MatmulIkjAllocationIncluded/M:32/K:256/N:1_mean            23.5 us         23.5 us           10 0.698091/s
BM_MatmulIkjAllocationIncluded/M:32/K:256/N:1_median          23.6 us         23.6 us           10 0.695635/s
BM_MatmulIkjAllocationIncluded/M:32/K:256/N:1_stddev         0.295 us        0.332 us           10 9.91287m/s
BM_MatmulIkjAllocationIncluded/M:32/K:256/N:1_cv              1.25 %          1.41 %            10      1.42%
BM_MatmulIkjAllocationIncluded/M:32/K:256/N:4                 16.3 us         16.3 us        89799  4.02598/s
BM_MatmulIkjAllocationIncluded/M:32/K:256/N:4                 16.5 us         16.5 us        89799  3.97953/s
BM_MatmulIkjAllocationIncluded/M:32/K:256/N:4                 16.4 us         16.4 us        89799  3.98679/s
BM_MatmulIkjAllocationIncluded/M:32/K:256/N:4                 16.6 us         16.6 us        89799  3.93912/s
BM_MatmulIkjAllocationIncluded/M:32/K:256/N:4                 16.6 us         16.6 us        89799   3.9421/s
BM_MatmulIkjAllocationIncluded/M:32/K:256/N:4                 16.6 us         16.6 us        89799   3.9556/s
BM_MatmulIkjAllocationIncluded/M:32/K:256/N:4                 17.2 us         17.1 us        89799  3.82441/s
BM_MatmulIkjAllocationIncluded/M:32/K:256/N:4                 15.8 us         15.7 us        89799  4.16138/s
BM_MatmulIkjAllocationIncluded/M:32/K:256/N:4                 16.4 us         16.3 us        89799  4.01029/s
BM_MatmulIkjAllocationIncluded/M:32/K:256/N:4                 16.2 us         16.2 us        89799  4.04754/s
BM_MatmulIkjAllocationIncluded/M:32/K:256/N:4_mean            16.5 us         16.4 us           10  3.98727/s
BM_MatmulIkjAllocationIncluded/M:32/K:256/N:4_median          16.5 us         16.5 us           10  3.98316/s
BM_MatmulIkjAllocationIncluded/M:32/K:256/N:4_stddev         0.357 us        0.358 us           10 0.0868732/s
BM_MatmulIkjAllocationIncluded/M:32/K:256/N:4_cv              2.17 %          2.17 %            10      2.18%
BM_MatmulIkjAllocationIncluded/M:32/K:256/N:16                46.4 us         46.3 us        29909  5.65864/s
BM_MatmulIkjAllocationIncluded/M:32/K:256/N:16                45.7 us         45.7 us        29909  5.74004/s
BM_MatmulIkjAllocationIncluded/M:32/K:256/N:16                46.6 us         46.6 us        29909  5.62734/s
BM_MatmulIkjAllocationIncluded/M:32/K:256/N:16                47.8 us         47.7 us        29909   5.4973/s
BM_MatmulIkjAllocationIncluded/M:32/K:256/N:16                46.5 us         46.5 us        29909  5.64007/s
BM_MatmulIkjAllocationIncluded/M:32/K:256/N:16                47.1 us         47.0 us        29909  5.57893/s
BM_MatmulIkjAllocationIncluded/M:32/K:256/N:16                47.2 us         47.1 us        29909  5.56068/s
BM_MatmulIkjAllocationIncluded/M:32/K:256/N:16                47.3 us         47.2 us        29909  5.55304/s
BM_MatmulIkjAllocationIncluded/M:32/K:256/N:16                46.3 us         46.3 us        29909  5.66058/s
BM_MatmulIkjAllocationIncluded/M:32/K:256/N:16                46.6 us         46.6 us        29909  5.62884/s
BM_MatmulIkjAllocationIncluded/M:32/K:256/N:16_mean           46.8 us         46.7 us           10  5.61455/s
BM_MatmulIkjAllocationIncluded/M:32/K:256/N:16_median         46.6 us         46.6 us           10  5.62809/s
BM_MatmulIkjAllocationIncluded/M:32/K:256/N:16_stddev        0.596 us        0.572 us           10 0.0687432/s
BM_MatmulIkjAllocationIncluded/M:32/K:256/N:16_cv             1.28 %          1.22 %            10      1.22%
BM_MatmulIkjAllocationIncluded/M:32/K:256/N:17                26.3 us         26.3 us        52861  10.5789/s
BM_MatmulIkjAllocationIncluded/M:32/K:256/N:17                26.3 us         26.3 us        52861  10.5856/s
BM_MatmulIkjAllocationIncluded/M:32/K:256/N:17                26.3 us         26.3 us        52861  10.5869/s
BM_MatmulIkjAllocationIncluded/M:32/K:256/N:17                26.4 us         26.3 us        52861  10.5759/s
BM_MatmulIkjAllocationIncluded/M:32/K:256/N:17                26.3 us         26.3 us        52861   10.593/s
BM_MatmulIkjAllocationIncluded/M:32/K:256/N:17                26.3 us         26.3 us        52861  10.5913/s
BM_MatmulIkjAllocationIncluded/M:32/K:256/N:17                26.4 us         26.4 us        52861  10.5687/s
BM_MatmulIkjAllocationIncluded/M:32/K:256/N:17                26.3 us         26.3 us        52861  10.5908/s
BM_MatmulIkjAllocationIncluded/M:32/K:256/N:17                26.8 us         26.7 us        52861  10.4209/s
BM_MatmulIkjAllocationIncluded/M:32/K:256/N:17                26.4 us         26.3 us        52861  10.5724/s
BM_MatmulIkjAllocationIncluded/M:32/K:256/N:17_mean           26.4 us         26.4 us           10  10.5664/s
BM_MatmulIkjAllocationIncluded/M:32/K:256/N:17_median         26.3 us         26.3 us           10  10.5822/s
BM_MatmulIkjAllocationIncluded/M:32/K:256/N:17_stddev        0.162 us        0.131 us           10 0.0518231/s
BM_MatmulIkjAllocationIncluded/M:32/K:256/N:17_cv             0.62 %          0.50 %            10      0.49%
BM_MatmulIkjAllocationIncluded/M:32/K:256/N:64                62.3 us         62.3 us        22526  16.8298/s
BM_MatmulIkjAllocationIncluded/M:32/K:256/N:64                63.0 us         62.9 us        22526  16.6771/s
BM_MatmulIkjAllocationIncluded/M:32/K:256/N:64                62.4 us         62.3 us        22526  16.8304/s
BM_MatmulIkjAllocationIncluded/M:32/K:256/N:64                62.4 us         62.3 us        22526  16.8184/s
BM_MatmulIkjAllocationIncluded/M:32/K:256/N:64                62.6 us         62.5 us        22526  16.7641/s
BM_MatmulIkjAllocationIncluded/M:32/K:256/N:64                64.4 us         64.1 us        22526  16.3582/s
BM_MatmulIkjAllocationIncluded/M:32/K:256/N:64                62.2 us         62.2 us        22526  16.8564/s
BM_MatmulIkjAllocationIncluded/M:32/K:256/N:64                62.4 us         62.4 us        22526  16.8118/s
BM_MatmulIkjAllocationIncluded/M:32/K:256/N:64                62.2 us         62.2 us        22526  16.8683/s
BM_MatmulIkjAllocationIncluded/M:32/K:256/N:64                62.1 us         62.1 us        22526  16.8811/s
BM_MatmulIkjAllocationIncluded/M:32/K:256/N:64_mean           62.6 us         62.5 us           10  16.7696/s
BM_MatmulIkjAllocationIncluded/M:32/K:256/N:64_median         62.4 us         62.3 us           10  16.8241/s
BM_MatmulIkjAllocationIncluded/M:32/K:256/N:64_stddev        0.677 us        0.593 us           10 0.155988/s
BM_MatmulIkjAllocationIncluded/M:32/K:256/N:64_cv             1.08 %          0.95 %            10      0.93%
BM_MatmulIkjAllocationIncluded/M:32/K:256/N:255                190 us          190 us         7369  21.9632/s
BM_MatmulIkjAllocationIncluded/M:32/K:256/N:255                190 us          190 us         7369  21.9445/s
BM_MatmulIkjAllocationIncluded/M:32/K:256/N:255                191 us          190 us         7369  21.9361/s
BM_MatmulIkjAllocationIncluded/M:32/K:256/N:255                190 us          190 us         7369  21.9645/s
BM_MatmulIkjAllocationIncluded/M:32/K:256/N:255                191 us          191 us         7369  21.9049/s
BM_MatmulIkjAllocationIncluded/M:32/K:256/N:255                191 us          190 us         7369    21.94/s
BM_MatmulIkjAllocationIncluded/M:32/K:256/N:255                191 us          191 us         7369  21.9065/s
BM_MatmulIkjAllocationIncluded/M:32/K:256/N:255                191 us          191 us         7369  21.9271/s
BM_MatmulIkjAllocationIncluded/M:32/K:256/N:255                190 us          190 us         7369  21.9478/s
BM_MatmulIkjAllocationIncluded/M:32/K:256/N:255                190 us          190 us         7369  21.9654/s
BM_MatmulIkjAllocationIncluded/M:32/K:256/N:255_mean           191 us          190 us           10    21.94/s
BM_MatmulIkjAllocationIncluded/M:32/K:256/N:255_median         191 us          190 us           10  21.9423/s
BM_MatmulIkjAllocationIncluded/M:32/K:256/N:255_stddev       0.211 us        0.192 us           10 0.0221265/s
BM_MatmulIkjAllocationIncluded/M:32/K:256/N:255_cv            0.11 %          0.10 %            10      0.10%
BM_MatmulIkjAllocationIncluded/M:32/K:256/N:256                153 us          153 us         9151  27.3955/s
BM_MatmulIkjAllocationIncluded/M:32/K:256/N:256                153 us          153 us         9151  27.4053/s
BM_MatmulIkjAllocationIncluded/M:32/K:256/N:256                153 us          153 us         9151  27.4023/s
BM_MatmulIkjAllocationIncluded/M:32/K:256/N:256                153 us          153 us         9151  27.3739/s
BM_MatmulIkjAllocationIncluded/M:32/K:256/N:256                153 us          153 us         9151   27.392/s
BM_MatmulIkjAllocationIncluded/M:32/K:256/N:256                153 us          153 us         9151   27.394/s
BM_MatmulIkjAllocationIncluded/M:32/K:256/N:256                153 us          153 us         9151  27.4006/s
BM_MatmulIkjAllocationIncluded/M:32/K:256/N:256                153 us          153 us         9151  27.3449/s
BM_MatmulIkjAllocationIncluded/M:32/K:256/N:256                153 us          153 us         9151  27.3977/s
BM_MatmulIkjAllocationIncluded/M:32/K:256/N:256                153 us          153 us         9151  27.3878/s
BM_MatmulIkjAllocationIncluded/M:32/K:256/N:256_mean           153 us          153 us           10  27.3894/s
BM_MatmulIkjAllocationIncluded/M:32/K:256/N:256_median         153 us          153 us           10  27.3947/s
BM_MatmulIkjAllocationIncluded/M:32/K:256/N:256_stddev       0.103 us        0.100 us           10 0.0179402/s
BM_MatmulIkjAllocationIncluded/M:32/K:256/N:256_cv            0.07 %          0.07 %            10      0.07%
BM_MatmulIkjAllocationIncluded/M:32/K:256/N:257                197 us          197 us         7134  21.4169/s
BM_MatmulIkjAllocationIncluded/M:32/K:256/N:257                200 us          200 us         7134  21.0947/s
BM_MatmulIkjAllocationIncluded/M:32/K:256/N:257                197 us          197 us         7134  21.3904/s
BM_MatmulIkjAllocationIncluded/M:32/K:256/N:257                197 us          196 us         7134  21.4357/s
BM_MatmulIkjAllocationIncluded/M:32/K:256/N:257                197 us          197 us         7134  21.4098/s
BM_MatmulIkjAllocationIncluded/M:32/K:256/N:257                197 us          197 us         7134  21.4138/s
BM_MatmulIkjAllocationIncluded/M:32/K:256/N:257                197 us          197 us         7134  21.4058/s
BM_MatmulIkjAllocationIncluded/M:32/K:256/N:257                197 us          197 us         7134  21.3924/s
BM_MatmulIkjAllocationIncluded/M:32/K:256/N:257                197 us          197 us         7134  21.3801/s
BM_MatmulIkjAllocationIncluded/M:32/K:256/N:257                197 us          196 us         7134  21.4344/s
BM_MatmulIkjAllocationIncluded/M:32/K:256/N:257_mean           197 us          197 us           10  21.3774/s
BM_MatmulIkjAllocationIncluded/M:32/K:256/N:257_median         197 us          197 us           10  21.4078/s
BM_MatmulIkjAllocationIncluded/M:32/K:256/N:257_stddev        1.17 us        0.941 us           10  0.10094/s
BM_MatmulIkjAllocationIncluded/M:32/K:256/N:257_cv            0.59 %          0.48 %            10      0.47%
BM_MatmulIkjAllocationIncluded/M:32/K:256/N:512                299 us          299 us         4695   28.052/s
BM_MatmulIkjAllocationIncluded/M:32/K:256/N:512                299 us          299 us         4695   28.032/s
BM_MatmulIkjAllocationIncluded/M:32/K:256/N:512                300 us          300 us         4695  27.9694/s
BM_MatmulIkjAllocationIncluded/M:32/K:256/N:512                300 us          300 us         4695  27.9829/s
BM_MatmulIkjAllocationIncluded/M:32/K:256/N:512                299 us          299 us         4695  28.0315/s
BM_MatmulIkjAllocationIncluded/M:32/K:256/N:512                309 us          307 us         4695  27.3172/s
BM_MatmulIkjAllocationIncluded/M:32/K:256/N:512                302 us          302 us         4695  27.7977/s
BM_MatmulIkjAllocationIncluded/M:32/K:256/N:512                299 us          299 us         4695  28.0423/s
BM_MatmulIkjAllocationIncluded/M:32/K:256/N:512                300 us          300 us         4695  27.9352/s
BM_MatmulIkjAllocationIncluded/M:32/K:256/N:512                299 us          299 us         4695  28.0463/s
BM_MatmulIkjAllocationIncluded/M:32/K:256/N:512_mean           301 us          300 us           10  27.9207/s
BM_MatmulIkjAllocationIncluded/M:32/K:256/N:512_median         300 us          300 us           10  28.0072/s
BM_MatmulIkjAllocationIncluded/M:32/K:256/N:512_stddev        3.12 us         2.47 us           10 0.225651/s
BM_MatmulIkjAllocationIncluded/M:32/K:256/N:512_cv            1.04 %          0.82 %            10      0.81%
BM_MatmulIkjAllocationIncluded/M:32/K:256/N:1024               577 us          577 us         2428  29.0765/s
BM_MatmulIkjAllocationIncluded/M:32/K:256/N:1024               577 us          576 us         2428   29.113/s
BM_MatmulIkjAllocationIncluded/M:32/K:256/N:1024               577 us          577 us         2428  29.0807/s
BM_MatmulIkjAllocationIncluded/M:32/K:256/N:1024               577 us          577 us         2428  29.0721/s
BM_MatmulIkjAllocationIncluded/M:32/K:256/N:1024               577 us          576 us         2428  29.1116/s
BM_MatmulIkjAllocationIncluded/M:32/K:256/N:1024               577 us          577 us         2428  29.0946/s
BM_MatmulIkjAllocationIncluded/M:32/K:256/N:1024               577 us          577 us         2428  29.0883/s
BM_MatmulIkjAllocationIncluded/M:32/K:256/N:1024               577 us          576 us         2428  29.1148/s
BM_MatmulIkjAllocationIncluded/M:32/K:256/N:1024               577 us          577 us         2428  29.0808/s
BM_MatmulIkjAllocationIncluded/M:32/K:256/N:1024               577 us          577 us         2428  29.0907/s
BM_MatmulIkjAllocationIncluded/M:32/K:256/N:1024_mean          577 us          577 us           10  29.0923/s
BM_MatmulIkjAllocationIncluded/M:32/K:256/N:1024_median        577 us          577 us           10  29.0895/s
BM_MatmulIkjAllocationIncluded/M:32/K:256/N:1024_stddev      0.332 us        0.314 us           10 0.0158386/s
BM_MatmulIkjAllocationIncluded/M:32/K:256/N:1024_cv           0.06 %          0.05 %            10      0.05%
