Unable to determine clock rate from sysctl: hw.cpufrequency: No such file or directory
This does not affect benchmark measurements, only the metadata output.
***WARNING*** Failed to set thread affinity. Estimated CPU frequency may be incorrect.
2026-09-22T10:45:03-07:00
Running /Users/aryamaandash/GitHub/cpu_optimized_inference_engine/build/benchmark-release/matmul_bench
Run on (11 X 24 MHz CPU s)
CPU Caches:
  L1 Data 64 KiB
  L1 Instruction 128 KiB
  L2 Unified 4096 KiB (x11)
Load Average: 4.25, 3.76, 4.45
-------------------------------------------------------------------------------------------------------------------
Benchmark                                                              Time             CPU   Iterations     GFLOPS
-------------------------------------------------------------------------------------------------------------------
BM_MatmulReferenceAllocationIncluded/M:1/K:256/N:256                56.7 us         53.4 us        27629  2.45468/s
BM_MatmulReferenceAllocationIncluded/M:1/K:256/N:256                45.2 us         45.1 us        27629  2.90587/s
BM_MatmulReferenceAllocationIncluded/M:1/K:256/N:256                47.4 us         46.8 us        27629  2.79901/s
BM_MatmulReferenceAllocationIncluded/M:1/K:256/N:256                46.6 us         46.4 us        27629  2.82587/s
BM_MatmulReferenceAllocationIncluded/M:1/K:256/N:256                52.6 us         51.4 us        27629  2.54847/s
BM_MatmulReferenceAllocationIncluded/M:1/K:256/N:256                53.8 us         51.9 us        27629  2.52549/s
BM_MatmulReferenceAllocationIncluded/M:1/K:256/N:256                48.5 us         48.2 us        27629  2.72021/s
BM_MatmulReferenceAllocationIncluded/M:1/K:256/N:256                51.8 us         50.7 us        27629  2.58702/s
BM_MatmulReferenceAllocationIncluded/M:1/K:256/N:256                48.0 us         47.6 us        27629  2.75539/s
BM_MatmulReferenceAllocationIncluded/M:1/K:256/N:256                46.9 us         46.7 us        27629  2.80947/s
BM_MatmulReferenceAllocationIncluded/M:1/K:256/N:256_mean           49.8 us         48.8 us           10  2.69315/s
BM_MatmulReferenceAllocationIncluded/M:1/K:256/N:256_median         48.3 us         47.9 us           10   2.7378/s
BM_MatmulReferenceAllocationIncluded/M:1/K:256/N:256_stddev         3.73 us         2.81 us           10 0.152526/s
BM_MatmulReferenceAllocationIncluded/M:1/K:256/N:256_cv             7.50 %          5.75 %            10      5.66%
BM_MatmulReferenceAllocationIncluded/M:256/K:256/N:1                27.6 us         27.5 us        51903  4.77023/s
BM_MatmulReferenceAllocationIncluded/M:256/K:256/N:1                27.7 us         27.6 us        51903  4.74763/s
BM_MatmulReferenceAllocationIncluded/M:256/K:256/N:1                29.1 us         28.8 us        51903  4.55417/s
BM_MatmulReferenceAllocationIncluded/M:256/K:256/N:1                27.8 us         27.7 us        51903  4.73962/s
BM_MatmulReferenceAllocationIncluded/M:256/K:256/N:1                27.8 us         27.7 us        51903  4.73814/s
BM_MatmulReferenceAllocationIncluded/M:256/K:256/N:1                28.0 us         27.9 us        51903  4.70532/s
BM_MatmulReferenceAllocationIncluded/M:256/K:256/N:1                27.9 us         27.8 us        51903  4.71935/s
BM_MatmulReferenceAllocationIncluded/M:256/K:256/N:1                28.1 us         27.9 us        51903  4.70008/s
BM_MatmulReferenceAllocationIncluded/M:256/K:256/N:1                28.3 us         28.1 us        51903  4.66819/s
BM_MatmulReferenceAllocationIncluded/M:256/K:256/N:1                28.1 us         27.9 us        51903  4.70226/s
BM_MatmulReferenceAllocationIncluded/M:256/K:256/N:1_mean           28.1 us         27.9 us           10   4.7045/s
BM_MatmulReferenceAllocationIncluded/M:256/K:256/N:1_median         28.0 us         27.8 us           10  4.71234/s
BM_MatmulReferenceAllocationIncluded/M:256/K:256/N:1_stddev        0.416 us        0.364 us           10 0.0602853/s
BM_MatmulReferenceAllocationIncluded/M:256/K:256/N:1_cv             1.48 %          1.31 %            10      1.28%
BM_MatmulReferenceAllocationIncluded/M:1/K:64/N:64                  1.83 us         1.82 us       770946  4.49877/s
BM_MatmulReferenceAllocationIncluded/M:1/K:64/N:64                  1.84 us         1.83 us       770946  4.48764/s
BM_MatmulReferenceAllocationIncluded/M:1/K:64/N:64                  1.78 us         1.78 us       770946  4.60177/s
BM_MatmulReferenceAllocationIncluded/M:1/K:64/N:64                  1.82 us         1.81 us       770946  4.51429/s
BM_MatmulReferenceAllocationIncluded/M:1/K:64/N:64                  1.88 us         1.85 us       770946  4.42473/s
BM_MatmulReferenceAllocationIncluded/M:1/K:64/N:64                  1.87 us         1.85 us       770946  4.42286/s
BM_MatmulReferenceAllocationIncluded/M:1/K:64/N:64                  1.85 us         1.84 us       770946  4.46274/s
BM_MatmulReferenceAllocationIncluded/M:1/K:64/N:64                  1.83 us         1.82 us       770946  4.49178/s
BM_MatmulReferenceAllocationIncluded/M:1/K:64/N:64                  1.82 us         1.81 us       770946  4.51803/s
BM_MatmulReferenceAllocationIncluded/M:1/K:64/N:64                  1.81 us         1.80 us       770946  4.54334/s
BM_MatmulReferenceAllocationIncluded/M:1/K:64/N:64_mean             1.83 us         1.82 us           10  4.49659/s
BM_MatmulReferenceAllocationIncluded/M:1/K:64/N:64_median           1.83 us         1.82 us           10  4.49527/s
BM_MatmulReferenceAllocationIncluded/M:1/K:64/N:64_stddev          0.027 us        0.022 us           10 0.0536208/s
BM_MatmulReferenceAllocationIncluded/M:1/K:64/N:64_cv               1.49 %          1.19 %            10      1.19%
BM_MatmulReferenceAllocationIncluded/M:64/K:64/N:1                  1.05 us         1.04 us      1218758  7.84319/s
BM_MatmulReferenceAllocationIncluded/M:64/K:64/N:1                  1.02 us         1.02 us      1218758  8.01725/s
BM_MatmulReferenceAllocationIncluded/M:64/K:64/N:1                  1.02 us         1.02 us      1218758  8.03019/s
BM_MatmulReferenceAllocationIncluded/M:64/K:64/N:1                  1.03 us         1.03 us      1218758  7.97046/s
BM_MatmulReferenceAllocationIncluded/M:64/K:64/N:1                  1.10 us         1.07 us      1218758  7.63983/s
BM_MatmulReferenceAllocationIncluded/M:64/K:64/N:1                  1.04 us         1.04 us      1218758  7.91344/s
BM_MatmulReferenceAllocationIncluded/M:64/K:64/N:1                  1.08 us         1.06 us      1218758  7.71363/s
BM_MatmulReferenceAllocationIncluded/M:64/K:64/N:1                  1.05 us         1.04 us      1218758  7.86664/s
BM_MatmulReferenceAllocationIncluded/M:64/K:64/N:1                  1.11 us         1.09 us      1218758  7.50634/s
BM_MatmulReferenceAllocationIncluded/M:64/K:64/N:1                  1.01 us         1.01 us      1218758  8.08971/s
BM_MatmulReferenceAllocationIncluded/M:64/K:64/N:1_mean             1.05 us         1.04 us           10  7.85907/s
BM_MatmulReferenceAllocationIncluded/M:64/K:64/N:1_median           1.05 us         1.04 us           10  7.89004/s
BM_MatmulReferenceAllocationIncluded/M:64/K:64/N:1_stddev          0.034 us        0.025 us           10 0.187621/s
BM_MatmulReferenceAllocationIncluded/M:64/K:64/N:1_cv               3.19 %          2.42 %            10      2.39%
BM_MatmulReferenceAllocationIncluded/M:1/K:128/N:128                9.11 us         9.09 us       152643  3.60292/s
BM_MatmulReferenceAllocationIncluded/M:1/K:128/N:128                9.08 us         9.07 us       152643  3.61148/s
BM_MatmulReferenceAllocationIncluded/M:1/K:128/N:128                9.30 us         9.24 us       152643  3.54443/s
BM_MatmulReferenceAllocationIncluded/M:1/K:128/N:128                9.34 us         9.30 us       152643  3.52355/s
BM_MatmulReferenceAllocationIncluded/M:1/K:128/N:128                9.07 us         9.06 us       152643  3.61551/s
BM_MatmulReferenceAllocationIncluded/M:1/K:128/N:128                9.20 us         9.18 us       152643  3.56987/s
BM_MatmulReferenceAllocationIncluded/M:1/K:128/N:128                9.05 us         9.04 us       152643  3.62307/s
BM_MatmulReferenceAllocationIncluded/M:1/K:128/N:128                9.14 us         9.12 us       152643  3.59309/s
BM_MatmulReferenceAllocationIncluded/M:1/K:128/N:128                9.08 us         9.08 us       152643  3.61043/s
BM_MatmulReferenceAllocationIncluded/M:1/K:128/N:128                8.99 us         8.99 us       152643  3.64576/s
BM_MatmulReferenceAllocationIncluded/M:1/K:128/N:128_mean           9.14 us         9.12 us           10  3.59401/s
BM_MatmulReferenceAllocationIncluded/M:1/K:128/N:128_median         9.10 us         9.09 us           10  3.60668/s
BM_MatmulReferenceAllocationIncluded/M:1/K:128/N:128_stddev        0.111 us        0.096 us           10 0.0374822/s
BM_MatmulReferenceAllocationIncluded/M:1/K:128/N:128_cv             1.21 %          1.05 %            10      1.04%
BM_MatmulReferenceAllocationIncluded/M:128/K:128/N:1                5.18 us         5.14 us       270530  6.37953/s
BM_MatmulReferenceAllocationIncluded/M:128/K:128/N:1                5.07 us         5.07 us       270530  6.46546/s
BM_MatmulReferenceAllocationIncluded/M:128/K:128/N:1                5.12 us         5.11 us       270530  6.41765/s
BM_MatmulReferenceAllocationIncluded/M:128/K:128/N:1                5.15 us         5.13 us       270530  6.38202/s
BM_MatmulReferenceAllocationIncluded/M:128/K:128/N:1                5.39 us         5.32 us       270530  6.16114/s
BM_MatmulReferenceAllocationIncluded/M:128/K:128/N:1                5.33 us         5.27 us       270530  6.21406/s
BM_MatmulReferenceAllocationIncluded/M:128/K:128/N:1                5.24 us         5.21 us       270530  6.29495/s
BM_MatmulReferenceAllocationIncluded/M:128/K:128/N:1                5.40 us         5.34 us       270530  6.13795/s
BM_MatmulReferenceAllocationIncluded/M:128/K:128/N:1                5.79 us         5.67 us       270530   5.7753/s
BM_MatmulReferenceAllocationIncluded/M:128/K:128/N:1                5.08 us         5.08 us       270530  6.45028/s
BM_MatmulReferenceAllocationIncluded/M:128/K:128/N:1_mean           5.27 us         5.23 us           10  6.26783/s
BM_MatmulReferenceAllocationIncluded/M:128/K:128/N:1_median         5.21 us         5.17 us           10  6.33724/s
BM_MatmulReferenceAllocationIncluded/M:128/K:128/N:1_stddev        0.217 us        0.183 us           10 0.209436/s
BM_MatmulReferenceAllocationIncluded/M:128/K:128/N:1_cv             4.12 %          3.49 %            10      3.34%
BM_MatmulReferenceAllocationIncluded/M:1/K:255/N:255                43.2 us         43.2 us        32451  3.00995/s
BM_MatmulReferenceAllocationIncluded/M:1/K:255/N:255                43.3 us         43.3 us        32451  3.00449/s
BM_MatmulReferenceAllocationIncluded/M:1/K:255/N:255                43.6 us         43.6 us        32451  2.98399/s
BM_MatmulReferenceAllocationIncluded/M:1/K:255/N:255                43.5 us         43.4 us        32451  2.99515/s
BM_MatmulReferenceAllocationIncluded/M:1/K:255/N:255                43.2 us         43.2 us        32451  3.01107/s
BM_MatmulReferenceAllocationIncluded/M:1/K:255/N:255                43.1 us         43.1 us        32451  3.01928/s
BM_MatmulReferenceAllocationIncluded/M:1/K:255/N:255                43.2 us         43.2 us        32451  3.01331/s
BM_MatmulReferenceAllocationIncluded/M:1/K:255/N:255                43.3 us         43.3 us        32451   3.0052/s
BM_MatmulReferenceAllocationIncluded/M:1/K:255/N:255                43.6 us         43.6 us        32451  2.98587/s
BM_MatmulReferenceAllocationIncluded/M:1/K:255/N:255                43.4 us         43.4 us        32451  2.99561/s
BM_MatmulReferenceAllocationIncluded/M:1/K:255/N:255_mean           43.3 us         43.3 us           10  3.00239/s
BM_MatmulReferenceAllocationIncluded/M:1/K:255/N:255_median         43.3 us         43.3 us           10  3.00485/s
BM_MatmulReferenceAllocationIncluded/M:1/K:255/N:255_stddev        0.177 us        0.171 us           10 0.0118283/s
BM_MatmulReferenceAllocationIncluded/M:1/K:255/N:255_cv             0.41 %          0.39 %            10      0.39%
BM_MatmulReferenceAllocationIncluded/M:255/K:255/N:1                26.1 us         26.1 us        53770  4.98457/s
BM_MatmulReferenceAllocationIncluded/M:255/K:255/N:1                26.0 us         26.0 us        53770  4.99539/s
BM_MatmulReferenceAllocationIncluded/M:255/K:255/N:1                26.1 us         26.1 us        53770  4.99055/s
BM_MatmulReferenceAllocationIncluded/M:255/K:255/N:1                26.1 us         26.1 us        53770  4.98381/s
BM_MatmulReferenceAllocationIncluded/M:255/K:255/N:1                26.2 us         26.1 us        53770  4.97374/s
BM_MatmulReferenceAllocationIncluded/M:255/K:255/N:1                26.1 us         26.1 us        53770  4.97611/s
BM_MatmulReferenceAllocationIncluded/M:255/K:255/N:1                26.1 us         26.1 us        53770  4.98771/s
BM_MatmulReferenceAllocationIncluded/M:255/K:255/N:1                26.1 us         26.1 us        53770  4.99092/s
BM_MatmulReferenceAllocationIncluded/M:255/K:255/N:1                26.1 us         26.1 us        53770  4.98381/s
BM_MatmulReferenceAllocationIncluded/M:255/K:255/N:1                26.7 us         26.6 us        53770  4.89405/s
BM_MatmulReferenceAllocationIncluded/M:255/K:255/N:1_mean           26.2 us         26.1 us           10  4.97607/s
BM_MatmulReferenceAllocationIncluded/M:255/K:255/N:1_median         26.1 us         26.1 us           10  4.98419/s
BM_MatmulReferenceAllocationIncluded/M:255/K:255/N:1_stddev        0.188 us        0.157 us           10 0.0295591/s
BM_MatmulReferenceAllocationIncluded/M:255/K:255/N:1_cv             0.72 %          0.60 %            10      0.59%
BM_MatmulReferenceAllocationIncluded/M:1/K:257/N:257                44.9 us         44.9 us        31194  2.94383/s
BM_MatmulReferenceAllocationIncluded/M:1/K:257/N:257                45.0 us         45.0 us        31194  2.93614/s
BM_MatmulReferenceAllocationIncluded/M:1/K:257/N:257                44.7 us         44.7 us        31194   2.9537/s
BM_MatmulReferenceAllocationIncluded/M:1/K:257/N:257                44.4 us         44.3 us        31194   2.9796/s
BM_MatmulReferenceAllocationIncluded/M:1/K:257/N:257                44.7 us         44.6 us        31194  2.96299/s
BM_MatmulReferenceAllocationIncluded/M:1/K:257/N:257                44.6 us         44.6 us        31194  2.96274/s
BM_MatmulReferenceAllocationIncluded/M:1/K:257/N:257                46.9 us         45.9 us        31194  2.87663/s
BM_MatmulReferenceAllocationIncluded/M:1/K:257/N:257                45.2 us         45.1 us        31194   2.9316/s
BM_MatmulReferenceAllocationIncluded/M:1/K:257/N:257                47.3 us         46.5 us        31194    2.839/s
BM_MatmulReferenceAllocationIncluded/M:1/K:257/N:257                46.3 us         46.0 us        31194  2.87439/s
BM_MatmulReferenceAllocationIncluded/M:1/K:257/N:257_mean           45.4 us         45.2 us           10  2.92606/s
BM_MatmulReferenceAllocationIncluded/M:1/K:257/N:257_median         45.0 us         44.9 us           10  2.93998/s
BM_MatmulReferenceAllocationIncluded/M:1/K:257/N:257_stddev         1.04 us        0.726 us           10 0.0465258/s
BM_MatmulReferenceAllocationIncluded/M:1/K:257/N:257_cv             2.30 %          1.61 %            10      1.59%
BM_MatmulReferenceAllocationIncluded/M:257/K:257/N:1                26.6 us         26.6 us        52024  4.96035/s
BM_MatmulReferenceAllocationIncluded/M:257/K:257/N:1                27.4 us         27.2 us        52024  4.85556/s
BM_MatmulReferenceAllocationIncluded/M:257/K:257/N:1                27.6 us         27.4 us        52024   4.8143/s
BM_MatmulReferenceAllocationIncluded/M:257/K:257/N:1                27.8 us         27.5 us        52024  4.80176/s
BM_MatmulReferenceAllocationIncluded/M:257/K:257/N:1                27.4 us         27.1 us        52024  4.87389/s
BM_MatmulReferenceAllocationIncluded/M:257/K:257/N:1                27.7 us         27.6 us        52024  4.79401/s
BM_MatmulReferenceAllocationIncluded/M:257/K:257/N:1                26.6 us         26.6 us        52024  4.96112/s
BM_MatmulReferenceAllocationIncluded/M:257/K:257/N:1                26.8 us         26.7 us        52024  4.94144/s
BM_MatmulReferenceAllocationIncluded/M:257/K:257/N:1                28.1 us         27.8 us        52024  4.75417/s
BM_MatmulReferenceAllocationIncluded/M:257/K:257/N:1                27.0 us         26.9 us        52024  4.91285/s
BM_MatmulReferenceAllocationIncluded/M:257/K:257/N:1_mean           27.3 us         27.1 us           10  4.86694/s
BM_MatmulReferenceAllocationIncluded/M:257/K:257/N:1_median         27.4 us         27.2 us           10  4.86472/s
BM_MatmulReferenceAllocationIncluded/M:257/K:257/N:1_stddev        0.513 us        0.418 us           10 0.074898/s
BM_MatmulReferenceAllocationIncluded/M:257/K:257/N:1_cv             1.88 %          1.54 %            10      1.54%
BM_MatmulReferenceAllocationIncluded/M:1/K:512/N:512                 223 us          222 us         6381  2.36499/s
BM_MatmulReferenceAllocationIncluded/M:1/K:512/N:512                 219 us          219 us         6381  2.39823/s
BM_MatmulReferenceAllocationIncluded/M:1/K:512/N:512                 227 us          225 us         6381  2.33354/s
BM_MatmulReferenceAllocationIncluded/M:1/K:512/N:512                 215 us          215 us         6381    2.441/s
BM_MatmulReferenceAllocationIncluded/M:1/K:512/N:512                 215 us          215 us         6381   2.4396/s
BM_MatmulReferenceAllocationIncluded/M:1/K:512/N:512                 228 us          226 us         6381  2.31975/s
BM_MatmulReferenceAllocationIncluded/M:1/K:512/N:512                 217 us          216 us         6381  2.42421/s
BM_MatmulReferenceAllocationIncluded/M:1/K:512/N:512                 220 us          218 us         6381  2.40303/s
BM_MatmulReferenceAllocationIncluded/M:1/K:512/N:512                 219 us          218 us         6381  2.40383/s
BM_MatmulReferenceAllocationIncluded/M:1/K:512/N:512                 216 us          215 us         6381  2.43623/s
BM_MatmulReferenceAllocationIncluded/M:1/K:512/N:512_mean            220 us          219 us           10  2.39644/s
BM_MatmulReferenceAllocationIncluded/M:1/K:512/N:512_median          219 us          218 us           10  2.40343/s
BM_MatmulReferenceAllocationIncluded/M:1/K:512/N:512_stddev         4.68 us         4.03 us           10 0.0436283/s
BM_MatmulReferenceAllocationIncluded/M:1/K:512/N:512_cv             2.13 %          1.84 %            10      1.82%
BM_MatmulReferenceAllocationIncluded/M:512/K:512/N:1                 133 us          133 us        10550  3.95254/s
BM_MatmulReferenceAllocationIncluded/M:512/K:512/N:1                 131 us          131 us        10550  3.99305/s
BM_MatmulReferenceAllocationIncluded/M:512/K:512/N:1                 132 us          132 us        10550   3.9652/s
BM_MatmulReferenceAllocationIncluded/M:512/K:512/N:1                 133 us          133 us        10550  3.94347/s
BM_MatmulReferenceAllocationIncluded/M:512/K:512/N:1                 136 us          136 us        10550  3.86779/s
BM_MatmulReferenceAllocationIncluded/M:512/K:512/N:1                 132 us          132 us        10550  3.97274/s
BM_MatmulReferenceAllocationIncluded/M:512/K:512/N:1                 140 us          138 us        10550  3.79078/s
BM_MatmulReferenceAllocationIncluded/M:512/K:512/N:1                 137 us          136 us        10550  3.84516/s
BM_MatmulReferenceAllocationIncluded/M:512/K:512/N:1                 138 us          137 us        10550  3.81457/s
BM_MatmulReferenceAllocationIncluded/M:512/K:512/N:1                 138 us          137 us        10550   3.8294/s
BM_MatmulReferenceAllocationIncluded/M:512/K:512/N:1_mean            135 us          135 us           10  3.89747/s
BM_MatmulReferenceAllocationIncluded/M:512/K:512/N:1_median          135 us          134 us           10  3.90563/s
BM_MatmulReferenceAllocationIncluded/M:512/K:512/N:1_stddev         3.09 us         2.61 us           10 0.0753099/s
BM_MatmulReferenceAllocationIncluded/M:512/K:512/N:1_cv             2.28 %          1.94 %            10      1.93%
BM_MatmulReferenceAllocationIncluded/M:1/K:1024/N:1024               998 us          990 us         1442  2.11869/s
BM_MatmulReferenceAllocationIncluded/M:1/K:1024/N:1024              1048 us         1032 us         1442  2.03262/s
BM_MatmulReferenceAllocationIncluded/M:1/K:1024/N:1024              1038 us         1027 us         1442  2.04128/s
BM_MatmulReferenceAllocationIncluded/M:1/K:1024/N:1024              1039 us         1033 us         1442  2.03086/s
BM_MatmulReferenceAllocationIncluded/M:1/K:1024/N:1024               989 us          985 us         1442  2.12804/s
BM_MatmulReferenceAllocationIncluded/M:1/K:1024/N:1024              1007 us         1003 us         1442  2.09174/s
BM_MatmulReferenceAllocationIncluded/M:1/K:1024/N:1024               975 us          973 us         1442  2.15529/s
BM_MatmulReferenceAllocationIncluded/M:1/K:1024/N:1024               960 us          960 us         1442  2.18541/s
BM_MatmulReferenceAllocationIncluded/M:1/K:1024/N:1024               969 us          969 us         1442  2.16534/s
BM_MatmulReferenceAllocationIncluded/M:1/K:1024/N:1024               968 us          968 us         1442  2.16724/s
BM_MatmulReferenceAllocationIncluded/M:1/K:1024/N:1024_mean          999 us          994 us           10  2.11165/s
BM_MatmulReferenceAllocationIncluded/M:1/K:1024/N:1024_median        993 us          988 us           10  2.12336/s
BM_MatmulReferenceAllocationIncluded/M:1/K:1024/N:1024_stddev       32.6 us         28.2 us           10 0.0594023/s
BM_MatmulReferenceAllocationIncluded/M:1/K:1024/N:1024_cv           3.26 %          2.84 %            10      2.81%
BM_MatmulReferenceAllocationIncluded/M:1024/K:1024/N:1               629 us          628 us         2118  3.33752/s
BM_MatmulReferenceAllocationIncluded/M:1024/K:1024/N:1               624 us          624 us         2118  3.36178/s
BM_MatmulReferenceAllocationIncluded/M:1024/K:1024/N:1               644 us          641 us         2118  3.27322/s
BM_MatmulReferenceAllocationIncluded/M:1024/K:1024/N:1               650 us          646 us         2118  3.24387/s
BM_MatmulReferenceAllocationIncluded/M:1024/K:1024/N:1               631 us          630 us         2118  3.32954/s
BM_MatmulReferenceAllocationIncluded/M:1024/K:1024/N:1               625 us          624 us         2118  3.35875/s
BM_MatmulReferenceAllocationIncluded/M:1024/K:1024/N:1               622 us          621 us         2118  3.37555/s
BM_MatmulReferenceAllocationIncluded/M:1024/K:1024/N:1               626 us          626 us         2118  3.35204/s
BM_MatmulReferenceAllocationIncluded/M:1024/K:1024/N:1               621 us          621 us         2118  3.37672/s
BM_MatmulReferenceAllocationIncluded/M:1024/K:1024/N:1               654 us          649 us         2118  3.22973/s
BM_MatmulReferenceAllocationIncluded/M:1024/K:1024/N:1_mean          633 us          631 us           10  3.32387/s
BM_MatmulReferenceAllocationIncluded/M:1024/K:1024/N:1_median        628 us          627 us           10  3.34478/s
BM_MatmulReferenceAllocationIncluded/M:1024/K:1024/N:1_stddev       12.1 us         10.5 us           10 0.0547301/s
BM_MatmulReferenceAllocationIncluded/M:1024/K:1024/N:1_cv           1.91 %          1.67 %            10      1.65%
BM_MatmulReferenceAllocationIncluded/M:32/K:256/N:1                 3.37 us         3.36 us       411150   4.8733/s
BM_MatmulReferenceAllocationIncluded/M:32/K:256/N:1                 3.55 us         3.52 us       411150  4.65759/s
BM_MatmulReferenceAllocationIncluded/M:32/K:256/N:1                 3.42 us         3.42 us       411150   4.7922/s
BM_MatmulReferenceAllocationIncluded/M:32/K:256/N:1                 3.34 us         3.34 us       411150  4.90652/s
BM_MatmulReferenceAllocationIncluded/M:32/K:256/N:1                 3.42 us         3.41 us       411150  4.81096/s
BM_MatmulReferenceAllocationIncluded/M:32/K:256/N:1                 3.35 us         3.35 us       411150  4.89087/s
BM_MatmulReferenceAllocationIncluded/M:32/K:256/N:1                 3.34 us         3.34 us       411150  4.90456/s
BM_MatmulReferenceAllocationIncluded/M:32/K:256/N:1                 3.35 us         3.35 us       411150  4.88849/s
BM_MatmulReferenceAllocationIncluded/M:32/K:256/N:1                 3.37 us         3.37 us       411150  4.86758/s
BM_MatmulReferenceAllocationIncluded/M:32/K:256/N:1                 3.35 us         3.35 us       411150  4.88781/s
BM_MatmulReferenceAllocationIncluded/M:32/K:256/N:1_mean            3.39 us         3.38 us           10  4.84799/s
BM_MatmulReferenceAllocationIncluded/M:32/K:256/N:1_median          3.36 us         3.36 us           10  4.88056/s
BM_MatmulReferenceAllocationIncluded/M:32/K:256/N:1_stddev         0.063 us        0.055 us           10 0.0770645/s
BM_MatmulReferenceAllocationIncluded/M:32/K:256/N:1_cv              1.86 %          1.63 %            10      1.59%
BM_MatmulReferenceAllocationIncluded/M:32/K:256/N:4                 22.0 us         22.0 us        63344    2.977/s
BM_MatmulReferenceAllocationIncluded/M:32/K:256/N:4                 22.7 us         22.6 us        63344  2.90398/s
BM_MatmulReferenceAllocationIncluded/M:32/K:256/N:4                 23.3 us         23.1 us        63344  2.83731/s
BM_MatmulReferenceAllocationIncluded/M:32/K:256/N:4                 22.4 us         22.3 us        63344  2.93754/s
BM_MatmulReferenceAllocationIncluded/M:32/K:256/N:4                 22.6 us         22.5 us        63344  2.91316/s
BM_MatmulReferenceAllocationIncluded/M:32/K:256/N:4                 22.5 us         22.4 us        63344  2.92373/s
BM_MatmulReferenceAllocationIncluded/M:32/K:256/N:4                 22.4 us         22.4 us        63344  2.93111/s
BM_MatmulReferenceAllocationIncluded/M:32/K:256/N:4                 22.4 us         22.4 us        63344  2.92878/s
BM_MatmulReferenceAllocationIncluded/M:32/K:256/N:4                 22.3 us         22.3 us        63344  2.94173/s
BM_MatmulReferenceAllocationIncluded/M:32/K:256/N:4                 23.0 us         22.8 us        63344  2.87764/s
BM_MatmulReferenceAllocationIncluded/M:32/K:256/N:4_mean            22.6 us         22.5 us           10   2.9172/s
BM_MatmulReferenceAllocationIncluded/M:32/K:256/N:4_median          22.4 us         22.4 us           10  2.92625/s
BM_MatmulReferenceAllocationIncluded/M:32/K:256/N:4_stddev         0.352 us        0.297 us           10 0.0381504/s
BM_MatmulReferenceAllocationIncluded/M:32/K:256/N:4_cv              1.56 %          1.32 %            10      1.31%
BM_MatmulReferenceAllocationIncluded/M:32/K:256/N:16                90.1 us         89.7 us        15716  2.92299/s
BM_MatmulReferenceAllocationIncluded/M:32/K:256/N:16                88.8 us         88.6 us        15716  2.95721/s
BM_MatmulReferenceAllocationIncluded/M:32/K:256/N:16                87.3 us         87.3 us        15716  3.00335/s
BM_MatmulReferenceAllocationIncluded/M:32/K:256/N:16                87.7 us         87.6 us        15716  2.99096/s
BM_MatmulReferenceAllocationIncluded/M:32/K:256/N:16                89.0 us         88.4 us        15716  2.96541/s
BM_MatmulReferenceAllocationIncluded/M:32/K:256/N:16                87.5 us         87.4 us        15716  2.99851/s
BM_MatmulReferenceAllocationIncluded/M:32/K:256/N:16                87.8 us         87.7 us        15716  2.98936/s
BM_MatmulReferenceAllocationIncluded/M:32/K:256/N:16                90.5 us         89.9 us        15716  2.91669/s
BM_MatmulReferenceAllocationIncluded/M:32/K:256/N:16                89.0 us         88.7 us        15716  2.95384/s
BM_MatmulReferenceAllocationIncluded/M:32/K:256/N:16                91.1 us         90.6 us        15716  2.89203/s
BM_MatmulReferenceAllocationIncluded/M:32/K:256/N:16_mean           88.9 us         88.6 us           10  2.95903/s
BM_MatmulReferenceAllocationIncluded/M:32/K:256/N:16_median         88.9 us         88.5 us           10  2.96131/s
BM_MatmulReferenceAllocationIncluded/M:32/K:256/N:16_stddev         1.34 us         1.15 us           10 0.0381709/s
BM_MatmulReferenceAllocationIncluded/M:32/K:256/N:16_cv             1.51 %          1.30 %            10      1.29%
BM_MatmulReferenceAllocationIncluded/M:32/K:256/N:17                96.3 us         95.7 us        14638  2.91046/s
BM_MatmulReferenceAllocationIncluded/M:32/K:256/N:17                95.2 us         94.8 us        14638   2.9384/s
BM_MatmulReferenceAllocationIncluded/M:32/K:256/N:17                95.1 us         94.7 us        14638  2.93981/s
BM_MatmulReferenceAllocationIncluded/M:32/K:256/N:17                93.8 us         93.7 us        14638  2.97311/s
BM_MatmulReferenceAllocationIncluded/M:32/K:256/N:17                93.1 us         93.0 us        14638  2.99562/s
BM_MatmulReferenceAllocationIncluded/M:32/K:256/N:17                96.6 us         95.9 us        14638   2.9037/s
BM_MatmulReferenceAllocationIncluded/M:32/K:256/N:17                93.5 us         93.5 us        14638  2.98015/s
BM_MatmulReferenceAllocationIncluded/M:32/K:256/N:17                95.5 us         95.1 us        14638  2.92839/s
BM_MatmulReferenceAllocationIncluded/M:32/K:256/N:17                98.7 us         97.3 us        14638  2.86374/s
BM_MatmulReferenceAllocationIncluded/M:32/K:256/N:17                96.0 us         95.0 us        14638  2.93185/s
BM_MatmulReferenceAllocationIncluded/M:32/K:256/N:17_mean           95.4 us         94.9 us           10  2.93652/s
BM_MatmulReferenceAllocationIncluded/M:32/K:256/N:17_median         95.3 us         94.9 us           10  2.93513/s
BM_MatmulReferenceAllocationIncluded/M:32/K:256/N:17_stddev         1.68 us         1.27 us           10 0.0392866/s
BM_MatmulReferenceAllocationIncluded/M:32/K:256/N:17_cv             1.76 %          1.34 %            10      1.34%
BM_MatmulReferenceAllocationIncluded/M:32/K:256/N:64                 355 us          355 us         3702  2.95458/s
BM_MatmulReferenceAllocationIncluded/M:32/K:256/N:64                 356 us          355 us         3702  2.95723/s
BM_MatmulReferenceAllocationIncluded/M:32/K:256/N:64                 360 us          358 us         3702  2.93192/s
BM_MatmulReferenceAllocationIncluded/M:32/K:256/N:64                 357 us          356 us         3702  2.94527/s
BM_MatmulReferenceAllocationIncluded/M:32/K:256/N:64                 358 us          357 us         3702  2.93877/s
BM_MatmulReferenceAllocationIncluded/M:32/K:256/N:64                 384 us          377 us         3702  2.78072/s
BM_MatmulReferenceAllocationIncluded/M:32/K:256/N:64                 383 us          378 us         3702  2.77425/s
BM_MatmulReferenceAllocationIncluded/M:32/K:256/N:64                 372 us          368 us         3702  2.85307/s
BM_MatmulReferenceAllocationIncluded/M:32/K:256/N:64                 364 us          362 us         3702  2.89443/s
BM_MatmulReferenceAllocationIncluded/M:32/K:256/N:64                 365 us          363 us         3702  2.88772/s
BM_MatmulReferenceAllocationIncluded/M:32/K:256/N:64_mean            365 us          363 us           10   2.8918/s
BM_MatmulReferenceAllocationIncluded/M:32/K:256/N:64_median          362 us          360 us           10  2.91318/s
BM_MatmulReferenceAllocationIncluded/M:32/K:256/N:64_stddev         10.9 us         8.79 us           10 0.0687822/s
BM_MatmulReferenceAllocationIncluded/M:32/K:256/N:64_cv             2.98 %          2.42 %            10      2.38%
BM_MatmulReferenceAllocationIncluded/M:32/K:256/N:255               1419 us         1414 us         1007  2.95376/s
BM_MatmulReferenceAllocationIncluded/M:32/K:256/N:255               1432 us         1428 us         1007  2.92495/s
BM_MatmulReferenceAllocationIncluded/M:32/K:256/N:255               1458 us         1446 us         1007  2.89013/s
BM_MatmulReferenceAllocationIncluded/M:32/K:256/N:255               1441 us         1435 us         1007  2.91236/s
BM_MatmulReferenceAllocationIncluded/M:32/K:256/N:255               1412 us         1411 us         1007  2.96098/s
BM_MatmulReferenceAllocationIncluded/M:32/K:256/N:255               1412 us         1411 us         1007   2.9615/s
BM_MatmulReferenceAllocationIncluded/M:32/K:256/N:255               1407 us         1406 us         1007  2.97112/s
BM_MatmulReferenceAllocationIncluded/M:32/K:256/N:255               1406 us         1406 us         1007  2.97181/s
BM_MatmulReferenceAllocationIncluded/M:32/K:256/N:255               1413 us         1411 us         1007  2.96007/s
BM_MatmulReferenceAllocationIncluded/M:32/K:256/N:255               1453 us         1446 us         1007  2.88928/s
BM_MatmulReferenceAllocationIncluded/M:32/K:256/N:255_mean          1425 us         1421 us           10  2.93959/s
BM_MatmulReferenceAllocationIncluded/M:32/K:256/N:255_median        1416 us         1413 us           10  2.95691/s
BM_MatmulReferenceAllocationIncluded/M:32/K:256/N:255_stddev        19.4 us         15.8 us           10 0.0325278/s
BM_MatmulReferenceAllocationIncluded/M:32/K:256/N:255_cv            1.36 %          1.11 %            10      1.11%
BM_MatmulReferenceAllocationIncluded/M:32/K:256/N:256               1495 us         1492 us          943  2.81048/s
BM_MatmulReferenceAllocationIncluded/M:32/K:256/N:256               1491 us         1490 us          943  2.81578/s
BM_MatmulReferenceAllocationIncluded/M:32/K:256/N:256               1495 us         1493 us          943  2.80904/s
BM_MatmulReferenceAllocationIncluded/M:32/K:256/N:256               1482 us         1481 us          943   2.8325/s
BM_MatmulReferenceAllocationIncluded/M:32/K:256/N:256               1496 us         1494 us          943  2.80811/s
BM_MatmulReferenceAllocationIncluded/M:32/K:256/N:256               1526 us         1517 us          943  2.76472/s
BM_MatmulReferenceAllocationIncluded/M:32/K:256/N:256               1524 us         1518 us          943  2.76329/s
BM_MatmulReferenceAllocationIncluded/M:32/K:256/N:256               1496 us         1494 us          943  2.80652/s
BM_MatmulReferenceAllocationIncluded/M:32/K:256/N:256               1538 us         1530 us          943  2.74121/s
BM_MatmulReferenceAllocationIncluded/M:32/K:256/N:256               1528 us         1521 us          943  2.75702/s
BM_MatmulReferenceAllocationIncluded/M:32/K:256/N:256_mean          1507 us         1503 us           10  2.79087/s
BM_MatmulReferenceAllocationIncluded/M:32/K:256/N:256_median        1496 us         1494 us           10  2.80731/s
BM_MatmulReferenceAllocationIncluded/M:32/K:256/N:256_stddev        19.7 us         16.8 us           10 0.0310305/s
BM_MatmulReferenceAllocationIncluded/M:32/K:256/N:256_cv            1.31 %          1.12 %            10      1.11%
BM_MatmulReferenceAllocationIncluded/M:32/K:256/N:257               1492 us         1485 us          939  2.83585/s
BM_MatmulReferenceAllocationIncluded/M:32/K:256/N:257               1482 us         1476 us          939  2.85181/s
BM_MatmulReferenceAllocationIncluded/M:32/K:256/N:257               1486 us         1480 us          939  2.84488/s
BM_MatmulReferenceAllocationIncluded/M:32/K:256/N:257               1440 us         1440 us          939  2.92484/s
BM_MatmulReferenceAllocationIncluded/M:32/K:256/N:257               1448 us         1448 us          939  2.90888/s
BM_MatmulReferenceAllocationIncluded/M:32/K:256/N:257               1444 us         1443 us          939  2.91875/s
BM_MatmulReferenceAllocationIncluded/M:32/K:256/N:257               1465 us         1460 us          939  2.88398/s
BM_MatmulReferenceAllocationIncluded/M:32/K:256/N:257               1448 us         1447 us          939  2.91049/s
BM_MatmulReferenceAllocationIncluded/M:32/K:256/N:257               1450 us         1448 us          939  2.90784/s
BM_MatmulReferenceAllocationIncluded/M:32/K:256/N:257               1485 us         1470 us          939   2.8641/s
BM_MatmulReferenceAllocationIncluded/M:32/K:256/N:257_mean          1464 us         1460 us           10  2.88514/s
BM_MatmulReferenceAllocationIncluded/M:32/K:256/N:257_median        1457 us         1454 us           10  2.89591/s
BM_MatmulReferenceAllocationIncluded/M:32/K:256/N:257_stddev        20.3 us         16.9 us           10 0.0333888/s
BM_MatmulReferenceAllocationIncluded/M:32/K:256/N:257_cv            1.39 %          1.16 %            10      1.16%
BM_MatmulReferenceAllocationIncluded/M:32/K:256/N:512               3154 us         3141 us          429  2.67055/s
BM_MatmulReferenceAllocationIncluded/M:32/K:256/N:512               3357 us         3302 us          429  2.54063/s
BM_MatmulReferenceAllocationIncluded/M:32/K:256/N:512               3154 us         3138 us          429  2.67291/s
BM_MatmulReferenceAllocationIncluded/M:32/K:256/N:512               3075 us         3072 us          429  2.73064/s
BM_MatmulReferenceAllocationIncluded/M:32/K:256/N:512               3093 us         3086 us          429  2.71865/s
BM_MatmulReferenceAllocationIncluded/M:32/K:256/N:512               3047 us         3045 us          429  2.75475/s
BM_MatmulReferenceAllocationIncluded/M:32/K:256/N:512               3052 us         3050 us          429  2.75033/s
BM_MatmulReferenceAllocationIncluded/M:32/K:256/N:512               3046 us         3045 us          429  2.75515/s
BM_MatmulReferenceAllocationIncluded/M:32/K:256/N:512               3052 us         3049 us          429  2.75103/s
BM_MatmulReferenceAllocationIncluded/M:32/K:256/N:512               3046 us         3044 us          429  2.75542/s
BM_MatmulReferenceAllocationIncluded/M:32/K:256/N:512_mean          3108 us         3097 us           10  2.71001/s
BM_MatmulReferenceAllocationIncluded/M:32/K:256/N:512_median        3063 us         3061 us           10  2.74049/s
BM_MatmulReferenceAllocationIncluded/M:32/K:256/N:512_stddev        97.4 us         81.0 us           10 0.0679321/s
BM_MatmulReferenceAllocationIncluded/M:32/K:256/N:512_cv            3.14 %          2.61 %            10      2.51%
BM_MatmulReferenceAllocationIncluded/M:32/K:256/N:1024              7088 us         7084 us          198  2.36842/s
BM_MatmulReferenceAllocationIncluded/M:32/K:256/N:1024              7084 us         7081 us          198  2.36918/s
BM_MatmulReferenceAllocationIncluded/M:32/K:256/N:1024              7202 us         7188 us          198  2.33418/s
BM_MatmulReferenceAllocationIncluded/M:32/K:256/N:1024              7167 us         7156 us          198  2.34442/s
BM_MatmulReferenceAllocationIncluded/M:32/K:256/N:1024              7105 us         7101 us          198  2.36267/s
BM_MatmulReferenceAllocationIncluded/M:32/K:256/N:1024              7084 us         7080 us          198   2.3698/s
BM_MatmulReferenceAllocationIncluded/M:32/K:256/N:1024              7093 us         7090 us          198  2.36618/s
BM_MatmulReferenceAllocationIncluded/M:32/K:256/N:1024              7089 us         7085 us          198  2.36797/s
BM_MatmulReferenceAllocationIncluded/M:32/K:256/N:1024              7095 us         7090 us          198  2.36616/s
BM_MatmulReferenceAllocationIncluded/M:32/K:256/N:1024              7090 us         7087 us          198  2.36738/s
BM_MatmulReferenceAllocationIncluded/M:32/K:256/N:1024_mean         7110 us         7104 us           10  2.36164/s
BM_MatmulReferenceAllocationIncluded/M:32/K:256/N:1024_median       7092 us         7089 us           10  2.36678/s
BM_MatmulReferenceAllocationIncluded/M:32/K:256/N:1024_stddev       40.7 us         36.9 us           10 0.0121792/s
BM_MatmulReferenceAllocationIncluded/M:32/K:256/N:1024_cv           0.57 %          0.52 %            10      0.52%
