Unable to determine clock rate from sysctl: hw.cpufrequency: No such file or directory
This does not affect benchmark measurements, only the metadata output.
***WARNING*** Failed to set thread affinity. Estimated CPU frequency may be incorrect.
2026-10-07T16:36:54-07:00
Running /Users/aryamaandash/GitHub/cpu_optimized_inference_engine/build/benchmark-release/matmul_bench
Run on (11 X 24 MHz CPU s)
CPU Caches:
  L1 Data 64 KiB
  L1 Instruction 128 KiB
  L2 Unified 4096 KiB (x11)
Load Average: 3.76, 3.83, 3.41
-------------------------------------------------------------------------------------------------------------------
Benchmark                                                              Time             CPU   Iterations     GFLOPS
-------------------------------------------------------------------------------------------------------------------
BM_MatmulReferenceAllocationIncluded/M:1/K:1/N:1                   0.024 us        0.024 us     57684859 0.0837664/s
BM_MatmulReferenceAllocationIncluded/M:1/K:1/N:1                   0.024 us        0.024 us     57684859 0.0836954/s
BM_MatmulReferenceAllocationIncluded/M:1/K:1/N:1                   0.024 us        0.024 us     57684859 0.0834516/s
BM_MatmulReferenceAllocationIncluded/M:1/K:1/N:1                   0.024 us        0.024 us     57684859 0.0839031/s
BM_MatmulReferenceAllocationIncluded/M:1/K:1/N:1                   0.024 us        0.024 us     57684859 0.0836194/s
BM_MatmulReferenceAllocationIncluded/M:1/K:1/N:1                   0.024 us        0.024 us     57684859 0.0826937/s
BM_MatmulReferenceAllocationIncluded/M:1/K:1/N:1                   0.024 us        0.024 us     57684859 0.0833744/s
BM_MatmulReferenceAllocationIncluded/M:1/K:1/N:1                   0.024 us        0.024 us     57684859 0.0836395/s
BM_MatmulReferenceAllocationIncluded/M:1/K:1/N:1                   0.024 us        0.024 us     57684859 0.0839251/s
BM_MatmulReferenceAllocationIncluded/M:1/K:1/N:1                   0.024 us        0.024 us     57684859 0.0837363/s
BM_MatmulReferenceAllocationIncluded/M:1/K:1/N:1_mean              0.024 us        0.024 us           10 0.0835805/s
BM_MatmulReferenceAllocationIncluded/M:1/K:1/N:1_median            0.024 us        0.024 us           10 0.0836675/s
BM_MatmulReferenceAllocationIncluded/M:1/K:1/N:1_stddev            0.000 us        0.000 us           10 356.732u/s
BM_MatmulReferenceAllocationIncluded/M:1/K:1/N:1_cv                 0.45 %          0.43 %            10      0.43%
BM_MatmulReferenceAllocationIncluded/M:32/K:32/N:32                 11.4 us         11.4 us       123543  5.76716/s
BM_MatmulReferenceAllocationIncluded/M:32/K:32/N:32                 11.6 us         11.6 us       123543  5.65517/s
BM_MatmulReferenceAllocationIncluded/M:32/K:32/N:32                 11.6 us         11.5 us       123543  5.67801/s
BM_MatmulReferenceAllocationIncluded/M:32/K:32/N:32                 11.4 us         11.4 us       123543  5.75816/s
BM_MatmulReferenceAllocationIncluded/M:32/K:32/N:32                 11.4 us         11.4 us       123543  5.76536/s
BM_MatmulReferenceAllocationIncluded/M:32/K:32/N:32                 11.4 us         11.4 us       123543  5.75237/s
BM_MatmulReferenceAllocationIncluded/M:32/K:32/N:32                 11.4 us         11.4 us       123543  5.77162/s
BM_MatmulReferenceAllocationIncluded/M:32/K:32/N:32                 11.4 us         11.4 us       123543  5.75898/s
BM_MatmulReferenceAllocationIncluded/M:32/K:32/N:32                 11.8 us         11.7 us       123543  5.59866/s
BM_MatmulReferenceAllocationIncluded/M:32/K:32/N:32                 11.4 us         11.4 us       123543  5.76009/s
BM_MatmulReferenceAllocationIncluded/M:32/K:32/N:32_mean            11.5 us         11.4 us           10  5.72656/s
BM_MatmulReferenceAllocationIncluded/M:32/K:32/N:32_median          11.4 us         11.4 us           10  5.75857/s
BM_MatmulReferenceAllocationIncluded/M:32/K:32/N:32_stddev         0.141 us        0.122 us           10 0.0604021/s
BM_MatmulReferenceAllocationIncluded/M:32/K:32/N:32_cv              1.23 %          1.07 %            10      1.05%
BM_MatmulReferenceAllocationIncluded/M:128/K:128/N:128              1239 us         1233 us         1157  3.40079/s
BM_MatmulReferenceAllocationIncluded/M:128/K:128/N:128              1210 us         1210 us         1157  3.46659/s
BM_MatmulReferenceAllocationIncluded/M:128/K:128/N:128              1213 us         1213 us         1157  3.45725/s
BM_MatmulReferenceAllocationIncluded/M:128/K:128/N:128              1212 us         1212 us         1157  3.46018/s
BM_MatmulReferenceAllocationIncluded/M:128/K:128/N:128              1211 us         1211 us         1157  3.46412/s
BM_MatmulReferenceAllocationIncluded/M:128/K:128/N:128              1215 us         1215 us         1157  3.45279/s
BM_MatmulReferenceAllocationIncluded/M:128/K:128/N:128              1223 us         1223 us         1157  3.43076/s
BM_MatmulReferenceAllocationIncluded/M:128/K:128/N:128              1213 us         1213 us         1157  3.45914/s
BM_MatmulReferenceAllocationIncluded/M:128/K:128/N:128              1214 us         1214 us         1157  3.45504/s
BM_MatmulReferenceAllocationIncluded/M:128/K:128/N:128              1213 us         1213 us         1157  3.45854/s
BM_MatmulReferenceAllocationIncluded/M:128/K:128/N:128_mean         1216 us         1216 us           10  3.45052/s
BM_MatmulReferenceAllocationIncluded/M:128/K:128/N:128_median       1213 us         1213 us           10  3.45789/s
BM_MatmulReferenceAllocationIncluded/M:128/K:128/N:128_stddev       8.60 us         7.13 us           10 0.0200279/s
BM_MatmulReferenceAllocationIncluded/M:128/K:128/N:128_cv           0.71 %          0.59 %            10      0.58%
BM_MatmulReferenceAllocationIncluded/M:256/K:256/N:256             12351 us        12350 us          114  2.71686/s
BM_MatmulReferenceAllocationIncluded/M:256/K:256/N:256             12340 us        12338 us          114  2.71959/s
BM_MatmulReferenceAllocationIncluded/M:256/K:256/N:256             12367 us        12366 us          114  2.71338/s
BM_MatmulReferenceAllocationIncluded/M:256/K:256/N:256             12355 us        12354 us          114    2.716/s
BM_MatmulReferenceAllocationIncluded/M:256/K:256/N:256             12314 us        12313 us          114  2.72521/s
BM_MatmulReferenceAllocationIncluded/M:256/K:256/N:256             12308 us        12307 us          114  2.72635/s
BM_MatmulReferenceAllocationIncluded/M:256/K:256/N:256             12316 us        12316 us          114  2.72442/s
BM_MatmulReferenceAllocationIncluded/M:256/K:256/N:256             12306 us        12306 us          114  2.72671/s
BM_MatmulReferenceAllocationIncluded/M:256/K:256/N:256             12304 us        12304 us          114  2.72714/s
BM_MatmulReferenceAllocationIncluded/M:256/K:256/N:256             12308 us        12307 us          114  2.72655/s
BM_MatmulReferenceAllocationIncluded/M:256/K:256/N:256_mean        12327 us        12326 us           10  2.72222/s
BM_MatmulReferenceAllocationIncluded/M:256/K:256/N:256_median      12315 us        12314 us           10  2.72481/s
BM_MatmulReferenceAllocationIncluded/M:256/K:256/N:256_stddev       23.9 us         23.7 us           10 5.23311m/s
BM_MatmulReferenceAllocationIncluded/M:256/K:256/N:256_cv           0.19 %          0.19 %            10      0.19%
BM_MatmulReferenceAllocationIncluded/M:512/K:512/N:512            114754 us       114750 us           12   2.3393/s
BM_MatmulReferenceAllocationIncluded/M:512/K:512/N:512            114941 us       114932 us           12  2.33561/s
BM_MatmulReferenceAllocationIncluded/M:512/K:512/N:512            115597 us       115566 us           12  2.32278/s
BM_MatmulReferenceAllocationIncluded/M:512/K:512/N:512            115287 us       115265 us           12  2.32886/s
BM_MatmulReferenceAllocationIncluded/M:512/K:512/N:512            114498 us       114496 us           12  2.34449/s
BM_MatmulReferenceAllocationIncluded/M:512/K:512/N:512            114196 us       114194 us           12  2.35069/s
BM_MatmulReferenceAllocationIncluded/M:512/K:512/N:512            114453 us       114441 us           12  2.34563/s
BM_MatmulReferenceAllocationIncluded/M:512/K:512/N:512            114234 us       114233 us           12   2.3499/s
BM_MatmulReferenceAllocationIncluded/M:512/K:512/N:512            114177 us       114175 us           12   2.3511/s
BM_MatmulReferenceAllocationIncluded/M:512/K:512/N:512            114211 us       114210 us           12  2.35038/s
BM_MatmulReferenceAllocationIncluded/M:512/K:512/N:512_mean       114635 us       114626 us           10  2.34187/s
BM_MatmulReferenceAllocationIncluded/M:512/K:512/N:512_median     114475 us       114469 us           10  2.34506/s
BM_MatmulReferenceAllocationIncluded/M:512/K:512/N:512_stddev        500 us          491 us           10 0.0100013/s
BM_MatmulReferenceAllocationIncluded/M:512/K:512/N:512_cv           0.44 %          0.43 %            10      0.43%
BM_MatmulReferenceAllocationIncluded/M:129/K:257/N:131              3067 us         3066 us          457  2.83258/s
BM_MatmulReferenceAllocationIncluded/M:129/K:257/N:131              3066 us         3066 us          457  2.83327/s
BM_MatmulReferenceAllocationIncluded/M:129/K:257/N:131              3089 us         3086 us          457  2.81451/s
BM_MatmulReferenceAllocationIncluded/M:129/K:257/N:131              3068 us         3068 us          457  2.83074/s
BM_MatmulReferenceAllocationIncluded/M:129/K:257/N:131              3069 us         3069 us          457  2.83014/s
BM_MatmulReferenceAllocationIncluded/M:129/K:257/N:131              3057 us         3056 us          457  2.84196/s
BM_MatmulReferenceAllocationIncluded/M:129/K:257/N:131              3125 us         3105 us          457  2.79725/s
BM_MatmulReferenceAllocationIncluded/M:129/K:257/N:131              3067 us         3067 us          457   2.8325/s
BM_MatmulReferenceAllocationIncluded/M:129/K:257/N:131              3043 us         3043 us          457  2.85463/s
BM_MatmulReferenceAllocationIncluded/M:129/K:257/N:131              3048 us         3048 us          457   2.8498/s
BM_MatmulReferenceAllocationIncluded/M:129/K:257/N:131_mean         3070 us         3067 us           10  2.83174/s
BM_MatmulReferenceAllocationIncluded/M:129/K:257/N:131_median       3067 us         3067 us           10  2.83254/s
BM_MatmulReferenceAllocationIncluded/M:129/K:257/N:131_stddev       23.3 us         17.9 us           10 0.0164917/s
BM_MatmulReferenceAllocationIncluded/M:129/K:257/N:131_cv           0.76 %          0.58 %            10      0.58%
BM_MatmulReferenceAllocationIncluded/M:63/K:65/N:67                  122 us          122 us        11236  4.48289/s
BM_MatmulReferenceAllocationIncluded/M:63/K:65/N:67                  122 us          122 us        11236   4.4969/s
BM_MatmulReferenceAllocationIncluded/M:63/K:65/N:67                  122 us          122 us        11236  4.49153/s
BM_MatmulReferenceAllocationIncluded/M:63/K:65/N:67                  122 us          122 us        11236   4.4857/s
BM_MatmulReferenceAllocationIncluded/M:63/K:65/N:67                  122 us          122 us        11236   4.5014/s
BM_MatmulReferenceAllocationIncluded/M:63/K:65/N:67                  122 us          122 us        11236  4.48593/s
BM_MatmulReferenceAllocationIncluded/M:63/K:65/N:67                  123 us          123 us        11236  4.45129/s
BM_MatmulReferenceAllocationIncluded/M:63/K:65/N:67                  122 us          122 us        11236  4.49344/s
BM_MatmulReferenceAllocationIncluded/M:63/K:65/N:67                  122 us          122 us        11236  4.48905/s
BM_MatmulReferenceAllocationIncluded/M:63/K:65/N:67                  122 us          122 us        11236  4.49958/s
BM_MatmulReferenceAllocationIncluded/M:63/K:65/N:67_mean             122 us          122 us           10  4.48777/s
BM_MatmulReferenceAllocationIncluded/M:63/K:65/N:67_median           122 us          122 us           10  4.49029/s
BM_MatmulReferenceAllocationIncluded/M:63/K:65/N:67_stddev         0.389 us        0.389 us           10 0.0142149/s
BM_MatmulReferenceAllocationIncluded/M:63/K:65/N:67_cv              0.32 %          0.32 %            10      0.32%
BM_MatmulReferenceAllocationIncluded/M:1/K:256/N:256                47.4 us         47.4 us        29725  2.76477/s
BM_MatmulReferenceAllocationIncluded/M:1/K:256/N:256                47.4 us         47.4 us        29725  2.76344/s
BM_MatmulReferenceAllocationIncluded/M:1/K:256/N:256                47.5 us         47.5 us        29725  2.76097/s
BM_MatmulReferenceAllocationIncluded/M:1/K:256/N:256                47.5 us         47.4 us        29725  2.76259/s
BM_MatmulReferenceAllocationIncluded/M:1/K:256/N:256                47.5 us         47.4 us        29725  2.76649/s
BM_MatmulReferenceAllocationIncluded/M:1/K:256/N:256                47.3 us         47.3 us        29725  2.77182/s
BM_MatmulReferenceAllocationIncluded/M:1/K:256/N:256                47.2 us         47.2 us        29725  2.77468/s
BM_MatmulReferenceAllocationIncluded/M:1/K:256/N:256                47.1 us         47.1 us        29725  2.78125/s
BM_MatmulReferenceAllocationIncluded/M:1/K:256/N:256                47.2 us         47.2 us        29725  2.77511/s
BM_MatmulReferenceAllocationIncluded/M:1/K:256/N:256                47.2 us         47.2 us        29725  2.77886/s
BM_MatmulReferenceAllocationIncluded/M:1/K:256/N:256_mean           47.3 us         47.3 us           10     2.77/s
BM_MatmulReferenceAllocationIncluded/M:1/K:256/N:256_median         47.4 us         47.3 us           10  2.76916/s
BM_MatmulReferenceAllocationIncluded/M:1/K:256/N:256_stddev        0.132 us        0.124 us           10 7.26807m/s
BM_MatmulReferenceAllocationIncluded/M:1/K:256/N:256_cv             0.28 %          0.26 %            10      0.26%
BM_MatmulReferenceAllocationIncluded/M:256/K:256/N:1                26.6 us         26.6 us        51984  4.93536/s
BM_MatmulReferenceAllocationIncluded/M:256/K:256/N:1                28.7 us         28.4 us        51984  4.62125/s
BM_MatmulReferenceAllocationIncluded/M:256/K:256/N:1                27.6 us         27.6 us        51984  4.75587/s
BM_MatmulReferenceAllocationIncluded/M:256/K:256/N:1                26.5 us         26.5 us        51984  4.94454/s
BM_MatmulReferenceAllocationIncluded/M:256/K:256/N:1                29.2 us         28.8 us        51984    4.559/s
BM_MatmulReferenceAllocationIncluded/M:256/K:256/N:1                27.0 us         26.9 us        51984  4.86548/s
BM_MatmulReferenceAllocationIncluded/M:256/K:256/N:1                26.5 us         26.5 us        51984  4.95058/s
BM_MatmulReferenceAllocationIncluded/M:256/K:256/N:1                27.5 us         27.4 us        51984  4.78799/s
BM_MatmulReferenceAllocationIncluded/M:256/K:256/N:1                26.1 us         26.1 us        51984  5.01802/s
BM_MatmulReferenceAllocationIncluded/M:256/K:256/N:1                27.1 us         26.9 us        51984  4.86378/s
BM_MatmulReferenceAllocationIncluded/M:256/K:256/N:1_mean           27.3 us         27.2 us           10  4.83019/s
BM_MatmulReferenceAllocationIncluded/M:256/K:256/N:1_median         27.0 us         26.9 us           10  4.86463/s
BM_MatmulReferenceAllocationIncluded/M:256/K:256/N:1_stddev         1.01 us        0.857 us           10 0.149362/s
BM_MatmulReferenceAllocationIncluded/M:256/K:256/N:1_cv             3.69 %          3.16 %            10      3.09%
BM_MatmulReferenceAllocationIncluded/M:32/K:256/N:64                 365 us          365 us         3872  2.87369/s
BM_MatmulReferenceAllocationIncluded/M:32/K:256/N:64                 362 us          362 us         3872  2.89649/s
BM_MatmulReferenceAllocationIncluded/M:32/K:256/N:64                 355 us          355 us         3872  2.95475/s
BM_MatmulReferenceAllocationIncluded/M:32/K:256/N:64                 368 us          366 us         3872  2.86258/s
BM_MatmulReferenceAllocationIncluded/M:32/K:256/N:64                 363 us          363 us         3872  2.88833/s
BM_MatmulReferenceAllocationIncluded/M:32/K:256/N:64                 356 us          356 us         3872  2.94556/s
BM_MatmulReferenceAllocationIncluded/M:32/K:256/N:64                 355 us          355 us         3872  2.95788/s
BM_MatmulReferenceAllocationIncluded/M:32/K:256/N:64                 358 us          358 us         3872  2.92827/s
BM_MatmulReferenceAllocationIncluded/M:32/K:256/N:64                 359 us          359 us         3872  2.92411/s
BM_MatmulReferenceAllocationIncluded/M:32/K:256/N:64                 355 us          355 us         3872  2.95275/s
BM_MatmulReferenceAllocationIncluded/M:32/K:256/N:64_mean            360 us          359 us           10  2.91844/s
BM_MatmulReferenceAllocationIncluded/M:32/K:256/N:64_median          358 us          358 us           10  2.92619/s
BM_MatmulReferenceAllocationIncluded/M:32/K:256/N:64_stddev         4.71 us         4.41 us           10 0.0356327/s
BM_MatmulReferenceAllocationIncluded/M:32/K:256/N:64_cv             1.31 %          1.23 %            10      1.22%
BM_MatmulReferenceAllocationIncluded/M:32/K:256/N:255               1437 us         1437 us          956  2.90716/s
BM_MatmulReferenceAllocationIncluded/M:32/K:256/N:255               1443 us         1443 us          956  2.89514/s
BM_MatmulReferenceAllocationIncluded/M:32/K:256/N:255               1421 us         1421 us          956  2.94001/s
BM_MatmulReferenceAllocationIncluded/M:32/K:256/N:255               1459 us         1455 us          956  2.87143/s
BM_MatmulReferenceAllocationIncluded/M:32/K:256/N:255               1486 us         1482 us          956  2.81885/s
BM_MatmulReferenceAllocationIncluded/M:32/K:256/N:255               1445 us         1445 us          956  2.89189/s
BM_MatmulReferenceAllocationIncluded/M:32/K:256/N:255               1410 us         1410 us          956  2.96305/s
BM_MatmulReferenceAllocationIncluded/M:32/K:256/N:255               1421 us         1420 us          956  2.94117/s
BM_MatmulReferenceAllocationIncluded/M:32/K:256/N:255               1428 us         1427 us          956    2.927/s
BM_MatmulReferenceAllocationIncluded/M:32/K:256/N:255               1445 us         1445 us          956  2.89063/s
BM_MatmulReferenceAllocationIncluded/M:32/K:256/N:255_mean          1440 us         1439 us           10  2.90463/s
BM_MatmulReferenceAllocationIncluded/M:32/K:256/N:255_median        1440 us         1440 us           10  2.90115/s
BM_MatmulReferenceAllocationIncluded/M:32/K:256/N:255_stddev        22.0 us         20.7 us           10 0.041387/s
BM_MatmulReferenceAllocationIncluded/M:32/K:256/N:255_cv            1.53 %          1.44 %            10      1.42%
BM_MatmulReferenceAllocationIncluded/M:32/K:256/N:256               1508 us         1508 us          930  2.78228/s
BM_MatmulReferenceAllocationIncluded/M:32/K:256/N:256               1505 us         1505 us          930  2.78648/s
BM_MatmulReferenceAllocationIncluded/M:32/K:256/N:256               1506 us         1506 us          930  2.78585/s
BM_MatmulReferenceAllocationIncluded/M:32/K:256/N:256               1505 us         1505 us          930  2.78761/s
BM_MatmulReferenceAllocationIncluded/M:32/K:256/N:256               1505 us         1505 us          930  2.78751/s
BM_MatmulReferenceAllocationIncluded/M:32/K:256/N:256               1507 us         1507 us          930   2.7836/s
BM_MatmulReferenceAllocationIncluded/M:32/K:256/N:256               1506 us         1506 us          930  2.78454/s
BM_MatmulReferenceAllocationIncluded/M:32/K:256/N:256               1504 us         1504 us          930  2.78924/s
BM_MatmulReferenceAllocationIncluded/M:32/K:256/N:256               1530 us         1525 us          930  2.74996/s
BM_MatmulReferenceAllocationIncluded/M:32/K:256/N:256               1507 us         1506 us          930  2.78446/s
BM_MatmulReferenceAllocationIncluded/M:32/K:256/N:256_mean          1508 us         1508 us           10  2.78215/s
BM_MatmulReferenceAllocationIncluded/M:32/K:256/N:256_median        1506 us         1506 us           10  2.78519/s
BM_MatmulReferenceAllocationIncluded/M:32/K:256/N:256_stddev        7.66 us         6.30 us           10 0.011503/s
BM_MatmulReferenceAllocationIncluded/M:32/K:256/N:256_cv            0.51 %          0.42 %            10      0.41%
BM_MatmulReferenceAllocationIncluded/M:32/K:256/N:257               1477 us         1477 us          944  2.85081/s
BM_MatmulReferenceAllocationIncluded/M:32/K:256/N:257               1476 us         1475 us          944   2.8552/s
BM_MatmulReferenceAllocationIncluded/M:32/K:256/N:257               1464 us         1463 us          944  2.87714/s
BM_MatmulReferenceAllocationIncluded/M:32/K:256/N:257               1493 us         1491 us          944  2.82428/s
BM_MatmulReferenceAllocationIncluded/M:32/K:256/N:257               1467 us         1467 us          944  2.87014/s
BM_MatmulReferenceAllocationIncluded/M:32/K:256/N:257               1449 us         1449 us          944  2.90614/s
BM_MatmulReferenceAllocationIncluded/M:32/K:256/N:257               1450 us         1450 us          944  2.90463/s
BM_MatmulReferenceAllocationIncluded/M:32/K:256/N:257               1453 us         1453 us          944   2.8977/s
BM_MatmulReferenceAllocationIncluded/M:32/K:256/N:257               1456 us         1456 us          944   2.8928/s
BM_MatmulReferenceAllocationIncluded/M:32/K:256/N:257               1449 us         1449 us          944  2.90588/s
BM_MatmulReferenceAllocationIncluded/M:32/K:256/N:257_mean          1463 us         1463 us           10  2.87847/s
BM_MatmulReferenceAllocationIncluded/M:32/K:256/N:257_median        1460 us         1460 us           10  2.88497/s
BM_MatmulReferenceAllocationIncluded/M:32/K:256/N:257_stddev        14.9 us         14.4 us           10 0.0280684/s
BM_MatmulReferenceAllocationIncluded/M:32/K:256/N:257_cv            1.02 %          0.98 %            10      0.98%
BM_MatmulReferenceAllocationIncluded/M:32/K:256/N:512               3069 us         3069 us          457  2.73329/s
BM_MatmulReferenceAllocationIncluded/M:32/K:256/N:512               3068 us         3068 us          457  2.73416/s
BM_MatmulReferenceAllocationIncluded/M:32/K:256/N:512               3077 us         3076 us          457  2.72672/s
BM_MatmulReferenceAllocationIncluded/M:32/K:256/N:512               3120 us         3117 us          457  2.69083/s
BM_MatmulReferenceAllocationIncluded/M:32/K:256/N:512               3069 us         3069 us          457  2.73343/s
BM_MatmulReferenceAllocationIncluded/M:32/K:256/N:512               3071 us         3071 us          457  2.73172/s
BM_MatmulReferenceAllocationIncluded/M:32/K:256/N:512               3069 us         3069 us          457  2.73369/s
BM_MatmulReferenceAllocationIncluded/M:32/K:256/N:512               3068 us         3068 us          457  2.73413/s
BM_MatmulReferenceAllocationIncluded/M:32/K:256/N:512               3065 us         3065 us          457  2.73657/s
BM_MatmulReferenceAllocationIncluded/M:32/K:256/N:512               3066 us         3066 us          457   2.7364/s
BM_MatmulReferenceAllocationIncluded/M:32/K:256/N:512_mean          3074 us         3074 us           10  2.72909/s
BM_MatmulReferenceAllocationIncluded/M:32/K:256/N:512_median        3069 us         3069 us           10  2.73356/s
BM_MatmulReferenceAllocationIncluded/M:32/K:256/N:512_stddev        16.3 us         15.6 us           10 0.0137212/s
BM_MatmulReferenceAllocationIncluded/M:32/K:256/N:512_cv            0.53 %          0.51 %            10      0.50%
BM_MatmulReferenceAllocationIncluded/M:32/K:256/N:1024              7238 us         7235 us          197  2.31895/s
BM_MatmulReferenceAllocationIncluded/M:32/K:256/N:1024              7142 us         7140 us          197  2.34962/s
BM_MatmulReferenceAllocationIncluded/M:32/K:256/N:1024              7208 us         7205 us          197  2.32845/s
BM_MatmulReferenceAllocationIncluded/M:32/K:256/N:1024              7400 us         7351 us          197  2.28216/s
BM_MatmulReferenceAllocationIncluded/M:32/K:256/N:1024              7181 us         7180 us          197  2.33664/s
BM_MatmulReferenceAllocationIncluded/M:32/K:256/N:1024              7159 us         7159 us          197  2.34359/s
BM_MatmulReferenceAllocationIncluded/M:32/K:256/N:1024              7126 us         7126 us          197  2.35425/s
BM_MatmulReferenceAllocationIncluded/M:32/K:256/N:1024              7159 us         7159 us          197  2.34356/s
BM_MatmulReferenceAllocationIncluded/M:32/K:256/N:1024              7159 us         7159 us          197  2.34341/s
BM_MatmulReferenceAllocationIncluded/M:32/K:256/N:1024              7161 us         7161 us          197  2.34299/s
BM_MatmulReferenceAllocationIncluded/M:32/K:256/N:1024_mean         7193 us         7188 us           10  2.33436/s
BM_MatmulReferenceAllocationIncluded/M:32/K:256/N:1024_median       7160 us         7160 us           10   2.3432/s
BM_MatmulReferenceAllocationIncluded/M:32/K:256/N:1024_stddev       79.4 us         65.5 us           10 0.0209703/s
BM_MatmulReferenceAllocationIncluded/M:32/K:256/N:1024_cv           1.10 %          0.91 %            10      0.90%
