Unable to determine clock rate from sysctl: hw.cpufrequency: No such file or directory
This does not affect benchmark measurements, only the metadata output.
***WARNING*** Failed to set thread affinity. Estimated CPU frequency may be incorrect.
2026-10-07T16:32:46-07:00
Running /Users/aryamaandash/GitHub/cpu_optimized_inference_engine/build/benchmark-release/matmul_bench
Run on (11 X 24 MHz CPU s)
CPU Caches:
  L1 Data 64 KiB
  L1 Instruction 128 KiB
  L2 Unified 4096 KiB (x11)
Load Average: 4.73, 3.79, 3.26
-------------------------------------------------------------------------------------------------------------
Benchmark                                                        Time             CPU   Iterations     GFLOPS
-------------------------------------------------------------------------------------------------------------
BM_MatmulIkjAllocationIncluded/M:1/K:1/N:1                   0.024 us        0.024 us     59012966 0.0830941/s
BM_MatmulIkjAllocationIncluded/M:1/K:1/N:1                   0.025 us        0.025 us     59012966 0.0806145/s
BM_MatmulIkjAllocationIncluded/M:1/K:1/N:1                   0.024 us        0.024 us     59012966 0.0837454/s
BM_MatmulIkjAllocationIncluded/M:1/K:1/N:1                   0.024 us        0.024 us     59012966 0.0825136/s
BM_MatmulIkjAllocationIncluded/M:1/K:1/N:1                   0.026 us        0.025 us     59012966 0.0798811/s
BM_MatmulIkjAllocationIncluded/M:1/K:1/N:1                   0.026 us        0.026 us     59012966 0.078406/s
BM_MatmulIkjAllocationIncluded/M:1/K:1/N:1                   0.025 us        0.025 us     59012966 0.081522/s
BM_MatmulIkjAllocationIncluded/M:1/K:1/N:1                   0.024 us        0.024 us     59012966 0.0842386/s
BM_MatmulIkjAllocationIncluded/M:1/K:1/N:1                   0.024 us        0.024 us     59012966 0.083393/s
BM_MatmulIkjAllocationIncluded/M:1/K:1/N:1                   0.024 us        0.024 us     59012966 0.0837513/s
BM_MatmulIkjAllocationIncluded/M:1/K:1/N:1_mean              0.025 us        0.024 us           10 0.082116/s
BM_MatmulIkjAllocationIncluded/M:1/K:1/N:1_median            0.024 us        0.024 us           10 0.0828039/s
BM_MatmulIkjAllocationIncluded/M:1/K:1/N:1_stddev            0.001 us        0.001 us           10 1.94212m/s
BM_MatmulIkjAllocationIncluded/M:1/K:1/N:1_cv                 3.20 %          2.40 %            10      2.37%
BM_MatmulIkjAllocationIncluded/M:32/K:32/N:32                 6.67 us         6.67 us       210675  9.82852/s
BM_MatmulIkjAllocationIncluded/M:32/K:32/N:32                 6.66 us         6.66 us       210675  9.84239/s
BM_MatmulIkjAllocationIncluded/M:32/K:32/N:32                 6.68 us         6.68 us       210675  9.81196/s
BM_MatmulIkjAllocationIncluded/M:32/K:32/N:32                 6.67 us         6.67 us       210675  9.82155/s
BM_MatmulIkjAllocationIncluded/M:32/K:32/N:32                 6.72 us         6.72 us       210675  9.75844/s
BM_MatmulIkjAllocationIncluded/M:32/K:32/N:32                 6.67 us         6.67 us       210675  9.82213/s
BM_MatmulIkjAllocationIncluded/M:32/K:32/N:32                 6.68 us         6.68 us       210675  9.81402/s
BM_MatmulIkjAllocationIncluded/M:32/K:32/N:32                 6.68 us         6.68 us       210675  9.81228/s
BM_MatmulIkjAllocationIncluded/M:32/K:32/N:32                 6.67 us         6.67 us       210675  9.82127/s
BM_MatmulIkjAllocationIncluded/M:32/K:32/N:32                 6.67 us         6.67 us       210675  9.82315/s
BM_MatmulIkjAllocationIncluded/M:32/K:32/N:32_mean            6.68 us         6.68 us           10  9.81557/s
BM_MatmulIkjAllocationIncluded/M:32/K:32/N:32_median          6.67 us         6.67 us           10  9.82141/s
BM_MatmulIkjAllocationIncluded/M:32/K:32/N:32_stddev         0.016 us        0.015 us           10 0.0219747/s
BM_MatmulIkjAllocationIncluded/M:32/K:32/N:32_cv              0.23 %          0.22 %            10      0.22%
BM_MatmulIkjAllocationIncluded/M:128/K:128/N:128               179 us          179 us         7807  23.4647/s
BM_MatmulIkjAllocationIncluded/M:128/K:128/N:128               179 us          179 us         7807  23.4951/s
BM_MatmulIkjAllocationIncluded/M:128/K:128/N:128               182 us          181 us         7807  23.1601/s
BM_MatmulIkjAllocationIncluded/M:128/K:128/N:128               179 us          179 us         7807   23.434/s
BM_MatmulIkjAllocationIncluded/M:128/K:128/N:128               179 us          179 us         7807  23.4655/s
BM_MatmulIkjAllocationIncluded/M:128/K:128/N:128               185 us          184 us         7807  22.8466/s
BM_MatmulIkjAllocationIncluded/M:128/K:128/N:128               178 us          178 us         7807  23.5227/s
BM_MatmulIkjAllocationIncluded/M:128/K:128/N:128               180 us          179 us         7807   23.377/s
BM_MatmulIkjAllocationIncluded/M:128/K:128/N:128               179 us          179 us         7807  23.3801/s
BM_MatmulIkjAllocationIncluded/M:128/K:128/N:128               179 us          179 us         7807  23.3944/s
BM_MatmulIkjAllocationIncluded/M:128/K:128/N:128_mean          180 us          180 us           10   23.354/s
BM_MatmulIkjAllocationIncluded/M:128/K:128/N:128_median        179 us          179 us           10  23.4142/s
BM_MatmulIkjAllocationIncluded/M:128/K:128/N:128_stddev       1.96 us         1.60 us           10 0.204762/s
BM_MatmulIkjAllocationIncluded/M:128/K:128/N:128_cv           1.09 %          0.89 %            10      0.88%
BM_MatmulIkjAllocationIncluded/M:256/K:256/N:256              1266 us         1262 us         1097  26.5905/s
BM_MatmulIkjAllocationIncluded/M:256/K:256/N:256              1277 us         1269 us         1097  26.4395/s
BM_MatmulIkjAllocationIncluded/M:256/K:256/N:256              1279 us         1272 us         1097  26.3874/s
BM_MatmulIkjAllocationIncluded/M:256/K:256/N:256              1255 us         1254 us         1097  26.7617/s
BM_MatmulIkjAllocationIncluded/M:256/K:256/N:256              1239 us         1238 us         1097  27.0937/s
BM_MatmulIkjAllocationIncluded/M:256/K:256/N:256              1290 us         1284 us         1097  26.1377/s
BM_MatmulIkjAllocationIncluded/M:256/K:256/N:256              1241 us         1240 us         1097  27.0562/s
BM_MatmulIkjAllocationIncluded/M:256/K:256/N:256              1229 us         1229 us         1097  27.2993/s
BM_MatmulIkjAllocationIncluded/M:256/K:256/N:256              1231 us         1231 us         1097  27.2628/s
BM_MatmulIkjAllocationIncluded/M:256/K:256/N:256              1233 us         1232 us         1097   27.226/s
BM_MatmulIkjAllocationIncluded/M:256/K:256/N:256_mean         1254 us         1251 us           10  26.8255/s
BM_MatmulIkjAllocationIncluded/M:256/K:256/N:256_median       1248 us         1247 us           10  26.9089/s
BM_MatmulIkjAllocationIncluded/M:256/K:256/N:256_stddev       22.6 us         19.6 us           10 0.418268/s
BM_MatmulIkjAllocationIncluded/M:256/K:256/N:256_cv           1.80 %          1.57 %            10      1.56%
BM_MatmulIkjAllocationIncluded/M:512/K:512/N:512              9609 us         9606 us          144  27.9448/s
BM_MatmulIkjAllocationIncluded/M:512/K:512/N:512              9683 us         9678 us          144  27.7357/s
BM_MatmulIkjAllocationIncluded/M:512/K:512/N:512             11735 us        10141 us          144  26.4699/s
BM_MatmulIkjAllocationIncluded/M:512/K:512/N:512             11003 us        10432 us          144   25.732/s
BM_MatmulIkjAllocationIncluded/M:512/K:512/N:512             10123 us        10004 us          144  26.8316/s
BM_MatmulIkjAllocationIncluded/M:512/K:512/N:512              9627 us         9624 us          144  27.8928/s
BM_MatmulIkjAllocationIncluded/M:512/K:512/N:512              9577 us         9576 us          144  28.0314/s
BM_MatmulIkjAllocationIncluded/M:512/K:512/N:512              9699 us         9695 us          144  27.6884/s
BM_MatmulIkjAllocationIncluded/M:512/K:512/N:512              9590 us         9578 us          144  28.0265/s
BM_MatmulIkjAllocationIncluded/M:512/K:512/N:512              9736 us         9701 us          144   27.671/s
BM_MatmulIkjAllocationIncluded/M:512/K:512/N:512_mean        10038 us         9804 us           10  27.4024/s
BM_MatmulIkjAllocationIncluded/M:512/K:512/N:512_median       9691 us         9687 us           10   27.712/s
BM_MatmulIkjAllocationIncluded/M:512/K:512/N:512_stddev        739 us          291 us           10 0.786715/s
BM_MatmulIkjAllocationIncluded/M:512/K:512/N:512_cv           7.36 %          2.97 %            10      2.87%
BM_MatmulIkjAllocationIncluded/M:129/K:257/N:131               396 us          394 us         3607  22.0257/s
BM_MatmulIkjAllocationIncluded/M:129/K:257/N:131               390 us          390 us         3607  22.2585/s
BM_MatmulIkjAllocationIncluded/M:129/K:257/N:131               388 us          388 us         3607  22.3633/s
BM_MatmulIkjAllocationIncluded/M:129/K:257/N:131               388 us          388 us         3607  22.4016/s
BM_MatmulIkjAllocationIncluded/M:129/K:257/N:131               386 us          386 us         3607  22.5084/s
BM_MatmulIkjAllocationIncluded/M:129/K:257/N:131               395 us          395 us         3607  22.0045/s
BM_MatmulIkjAllocationIncluded/M:129/K:257/N:131               401 us          400 us         3607  21.7423/s
BM_MatmulIkjAllocationIncluded/M:129/K:257/N:131               392 us          392 us         3607  22.1567/s
BM_MatmulIkjAllocationIncluded/M:129/K:257/N:131               422 us          412 us         3607  21.0624/s
BM_MatmulIkjAllocationIncluded/M:129/K:257/N:131               412 us          407 us         3607  21.3417/s
BM_MatmulIkjAllocationIncluded/M:129/K:257/N:131_mean          397 us          395 us           10  21.9865/s
BM_MatmulIkjAllocationIncluded/M:129/K:257/N:131_median        394 us          393 us           10  22.0912/s
BM_MatmulIkjAllocationIncluded/M:129/K:257/N:131_stddev       11.6 us         8.67 us           10 0.473861/s
BM_MatmulIkjAllocationIncluded/M:129/K:257/N:131_cv           2.92 %          2.19 %            10      2.16%
BM_MatmulIkjAllocationIncluded/M:63/K:65/N:67                 26.8 us         25.2 us        57125  21.8005/s
BM_MatmulIkjAllocationIncluded/M:63/K:65/N:67                 24.2 us         24.1 us        57125  22.7272/s
BM_MatmulIkjAllocationIncluded/M:63/K:65/N:67                 23.9 us         23.8 us        57125  23.0222/s
BM_MatmulIkjAllocationIncluded/M:63/K:65/N:67                 24.1 us         24.0 us        57125  22.8197/s
BM_MatmulIkjAllocationIncluded/M:63/K:65/N:67                 24.5 us         24.3 us        57125  22.5843/s
BM_MatmulIkjAllocationIncluded/M:63/K:65/N:67                 23.9 us         23.9 us        57125  22.9874/s
BM_MatmulIkjAllocationIncluded/M:63/K:65/N:67                 24.1 us         24.0 us        57125  22.8644/s
BM_MatmulIkjAllocationIncluded/M:63/K:65/N:67                 23.9 us         23.9 us        57125  22.9536/s
BM_MatmulIkjAllocationIncluded/M:63/K:65/N:67                 24.2 us         24.1 us        57125   22.727/s
BM_MatmulIkjAllocationIncluded/M:63/K:65/N:67                 24.0 us         23.9 us        57125  22.9191/s
BM_MatmulIkjAllocationIncluded/M:63/K:65/N:67_mean            24.3 us         24.1 us           10  22.7405/s
BM_MatmulIkjAllocationIncluded/M:63/K:65/N:67_median          24.1 us         24.0 us           10  22.8421/s
BM_MatmulIkjAllocationIncluded/M:63/K:65/N:67_stddev         0.868 us        0.391 us           10 0.357099/s
BM_MatmulIkjAllocationIncluded/M:63/K:65/N:67_cv              3.57 %          1.62 %            10      1.57%
BM_MatmulIkjAllocationIncluded/M:1/K:256/N:256                4.81 us         4.81 us       292187  27.2574/s
BM_MatmulIkjAllocationIncluded/M:1/K:256/N:256                4.85 us         4.84 us       292187  27.0585/s
BM_MatmulIkjAllocationIncluded/M:1/K:256/N:256                4.80 us         4.80 us       292187  27.2967/s
BM_MatmulIkjAllocationIncluded/M:1/K:256/N:256                4.82 us         4.82 us       292187  27.2145/s
BM_MatmulIkjAllocationIncluded/M:1/K:256/N:256                4.84 us         4.84 us       292187  27.0923/s
BM_MatmulIkjAllocationIncluded/M:1/K:256/N:256                4.95 us         4.94 us       292187  26.5556/s
BM_MatmulIkjAllocationIncluded/M:1/K:256/N:256                4.91 us         4.90 us       292187  26.7422/s
BM_MatmulIkjAllocationIncluded/M:1/K:256/N:256                4.79 us         4.79 us       292187  27.3527/s
BM_MatmulIkjAllocationIncluded/M:1/K:256/N:256                4.81 us         4.81 us       292187  27.2354/s
BM_MatmulIkjAllocationIncluded/M:1/K:256/N:256                4.83 us         4.83 us       292187  27.1321/s
BM_MatmulIkjAllocationIncluded/M:1/K:256/N:256_mean           4.84 us         4.84 us           10  27.0937/s
BM_MatmulIkjAllocationIncluded/M:1/K:256/N:256_median         4.82 us         4.82 us           10  27.1733/s
BM_MatmulIkjAllocationIncluded/M:1/K:256/N:256_stddev        0.050 us        0.046 us           10 0.255096/s
BM_MatmulIkjAllocationIncluded/M:1/K:256/N:256_cv             1.03 %          0.95 %            10      0.94%
BM_MatmulIkjAllocationIncluded/M:256/K:256/N:1                 195 us          194 us         7412 0.673947/s
BM_MatmulIkjAllocationIncluded/M:256/K:256/N:1                 198 us          198 us         7412 0.660762/s
BM_MatmulIkjAllocationIncluded/M:256/K:256/N:1                 199 us          199 us         7412 0.659712/s
BM_MatmulIkjAllocationIncluded/M:256/K:256/N:1                 188 us          188 us         7412 0.698059/s
BM_MatmulIkjAllocationIncluded/M:256/K:256/N:1                 199 us          199 us         7412 0.660301/s
BM_MatmulIkjAllocationIncluded/M:256/K:256/N:1                 197 us          197 us         7412  0.66694/s
BM_MatmulIkjAllocationIncluded/M:256/K:256/N:1                 196 us          196 us         7412 0.669345/s
BM_MatmulIkjAllocationIncluded/M:256/K:256/N:1                 195 us          195 us         7412 0.670746/s
BM_MatmulIkjAllocationIncluded/M:256/K:256/N:1                 194 us          193 us         7412 0.677735/s
BM_MatmulIkjAllocationIncluded/M:256/K:256/N:1                 192 us          191 us         7412 0.686325/s
BM_MatmulIkjAllocationIncluded/M:256/K:256/N:1_mean            195 us          195 us           10 0.672387/s
BM_MatmulIkjAllocationIncluded/M:256/K:256/N:1_median          196 us          196 us           10 0.670046/s
BM_MatmulIkjAllocationIncluded/M:256/K:256/N:1_stddev         3.37 us         3.52 us           10 0.012328/s
BM_MatmulIkjAllocationIncluded/M:256/K:256/N:1_cv             1.73 %          1.81 %            10      1.83%
BM_MatmulIkjAllocationIncluded/M:32/K:256/N:64                62.1 us         62.0 us        22340  16.9014/s
BM_MatmulIkjAllocationIncluded/M:32/K:256/N:64                62.2 us         62.2 us        22340  16.8652/s
BM_MatmulIkjAllocationIncluded/M:32/K:256/N:64                62.6 us         62.5 us        22340  16.7688/s
BM_MatmulIkjAllocationIncluded/M:32/K:256/N:64                68.3 us         66.2 us        22340  15.8474/s
BM_MatmulIkjAllocationIncluded/M:32/K:256/N:64                94.7 us         79.7 us        22340  13.1629/s
BM_MatmulIkjAllocationIncluded/M:32/K:256/N:64                64.8 us         64.5 us        22340  16.2552/s
BM_MatmulIkjAllocationIncluded/M:32/K:256/N:64                63.1 us         62.9 us        22340  16.6727/s
BM_MatmulIkjAllocationIncluded/M:32/K:256/N:64                62.5 us         62.5 us        22340  16.7826/s
BM_MatmulIkjAllocationIncluded/M:32/K:256/N:64                62.5 us         62.4 us        22340  16.7997/s
BM_MatmulIkjAllocationIncluded/M:32/K:256/N:64                62.5 us         62.4 us        22340  16.8033/s
BM_MatmulIkjAllocationIncluded/M:32/K:256/N:64_mean           66.5 us         64.7 us           10  16.2859/s
BM_MatmulIkjAllocationIncluded/M:32/K:256/N:64_median         62.6 us         62.5 us           10  16.7757/s
BM_MatmulIkjAllocationIncluded/M:32/K:256/N:64_stddev         10.1 us         5.40 us           10  1.14611/s
BM_MatmulIkjAllocationIncluded/M:32/K:256/N:64_cv            15.16 %          8.35 %            10      7.04%
BM_MatmulIkjAllocationIncluded/M:32/K:256/N:255                193 us          192 us         7364  21.7116/s
BM_MatmulIkjAllocationIncluded/M:32/K:256/N:255                193 us          193 us         7364  21.6761/s
BM_MatmulIkjAllocationIncluded/M:32/K:256/N:255                190 us          190 us         7364  21.9894/s
BM_MatmulIkjAllocationIncluded/M:32/K:256/N:255                190 us          190 us         7364   21.985/s
BM_MatmulIkjAllocationIncluded/M:32/K:256/N:255                190 us          190 us         7364  21.9422/s
BM_MatmulIkjAllocationIncluded/M:32/K:256/N:255                191 us          191 us         7364   21.902/s
BM_MatmulIkjAllocationIncluded/M:32/K:256/N:255                197 us          196 us         7364  21.3356/s
BM_MatmulIkjAllocationIncluded/M:32/K:256/N:255                190 us          190 us         7364  22.0269/s
BM_MatmulIkjAllocationIncluded/M:32/K:256/N:255                191 us          191 us         7364  21.8685/s
BM_MatmulIkjAllocationIncluded/M:32/K:256/N:255                190 us          190 us         7364  21.9763/s
BM_MatmulIkjAllocationIncluded/M:32/K:256/N:255_mean           191 us          191 us           10  21.8413/s
BM_MatmulIkjAllocationIncluded/M:32/K:256/N:255_median         191 us          191 us           10  21.9221/s
BM_MatmulIkjAllocationIncluded/M:32/K:256/N:255_stddev        2.14 us         1.89 us           10 0.213364/s
BM_MatmulIkjAllocationIncluded/M:32/K:256/N:255_cv            1.12 %          0.99 %            10      0.98%
BM_MatmulIkjAllocationIncluded/M:32/K:256/N:256                156 us          156 us         9148  26.9651/s
BM_MatmulIkjAllocationIncluded/M:32/K:256/N:256                159 us          159 us         9148  26.3933/s
BM_MatmulIkjAllocationIncluded/M:32/K:256/N:256                158 us          158 us         9148  26.5694/s
BM_MatmulIkjAllocationIncluded/M:32/K:256/N:256                159 us          159 us         9148  26.4575/s
BM_MatmulIkjAllocationIncluded/M:32/K:256/N:256                158 us          157 us         9148  26.6513/s
BM_MatmulIkjAllocationIncluded/M:32/K:256/N:256                159 us          158 us         9148  26.5089/s
BM_MatmulIkjAllocationIncluded/M:32/K:256/N:256                158 us          158 us         9148  26.6293/s
BM_MatmulIkjAllocationIncluded/M:32/K:256/N:256                158 us          158 us         9148   26.604/s
BM_MatmulIkjAllocationIncluded/M:32/K:256/N:256                158 us          158 us         9148  26.5814/s
BM_MatmulIkjAllocationIncluded/M:32/K:256/N:256                158 us          158 us         9148  26.5884/s
BM_MatmulIkjAllocationIncluded/M:32/K:256/N:256_mean           158 us          158 us           10  26.5949/s
BM_MatmulIkjAllocationIncluded/M:32/K:256/N:256_median         158 us          158 us           10  26.5849/s
BM_MatmulIkjAllocationIncluded/M:32/K:256/N:256_stddev       0.896 us        0.898 us           10 0.152499/s
BM_MatmulIkjAllocationIncluded/M:32/K:256/N:256_cv            0.57 %          0.57 %            10      0.57%
BM_MatmulIkjAllocationIncluded/M:32/K:256/N:257                202 us          202 us         6939  20.8778/s
BM_MatmulIkjAllocationIncluded/M:32/K:256/N:257                202 us          202 us         6939  20.8452/s
BM_MatmulIkjAllocationIncluded/M:32/K:256/N:257                202 us          202 us         6939  20.8726/s
BM_MatmulIkjAllocationIncluded/M:32/K:256/N:257                203 us          202 us         6939  20.8096/s
BM_MatmulIkjAllocationIncluded/M:32/K:256/N:257                203 us          202 us         6939  20.8364/s
BM_MatmulIkjAllocationIncluded/M:32/K:256/N:257                202 us          201 us         6939  20.9112/s
BM_MatmulIkjAllocationIncluded/M:32/K:256/N:257                205 us          204 us         6939  20.6552/s
BM_MatmulIkjAllocationIncluded/M:32/K:256/N:257                202 us          202 us         6939  20.8694/s
BM_MatmulIkjAllocationIncluded/M:32/K:256/N:257                201 us          201 us         6939  20.9667/s
BM_MatmulIkjAllocationIncluded/M:32/K:256/N:257                202 us          201 us         6939  20.9149/s
BM_MatmulIkjAllocationIncluded/M:32/K:256/N:257_mean           202 us          202 us           10  20.8559/s
BM_MatmulIkjAllocationIncluded/M:32/K:256/N:257_median         202 us          202 us           10   20.871/s
BM_MatmulIkjAllocationIncluded/M:32/K:256/N:257_stddev        1.01 us        0.812 us           10 0.083453/s
BM_MatmulIkjAllocationIncluded/M:32/K:256/N:257_cv            0.50 %          0.40 %            10      0.40%
BM_MatmulIkjAllocationIncluded/M:32/K:256/N:512                308 us          307 us         4566  27.3137/s
BM_MatmulIkjAllocationIncluded/M:32/K:256/N:512                311 us          309 us         4566  27.1676/s
BM_MatmulIkjAllocationIncluded/M:32/K:256/N:512                308 us          307 us         4566  27.3201/s
BM_MatmulIkjAllocationIncluded/M:32/K:256/N:512                323 us          317 us         4566   26.454/s
BM_MatmulIkjAllocationIncluded/M:32/K:256/N:512                307 us          306 us         4566  27.3952/s
BM_MatmulIkjAllocationIncluded/M:32/K:256/N:512                309 us          308 us         4566  27.2468/s
BM_MatmulIkjAllocationIncluded/M:32/K:256/N:512                308 us          307 us         4566  27.3125/s
BM_MatmulIkjAllocationIncluded/M:32/K:256/N:512                308 us          307 us         4566  27.3567/s
BM_MatmulIkjAllocationIncluded/M:32/K:256/N:512                305 us          305 us         4566  27.5121/s
BM_MatmulIkjAllocationIncluded/M:32/K:256/N:512                311 us          310 us         4566  27.1004/s
BM_MatmulIkjAllocationIncluded/M:32/K:256/N:512_mean           310 us          308 us           10  27.2179/s
BM_MatmulIkjAllocationIncluded/M:32/K:256/N:512_median         308 us          307 us           10  27.3131/s
BM_MatmulIkjAllocationIncluded/M:32/K:256/N:512_stddev        4.84 us         3.37 us           10 0.291851/s
BM_MatmulIkjAllocationIncluded/M:32/K:256/N:512_cv            1.56 %          1.09 %            10      1.07%
BM_MatmulIkjAllocationIncluded/M:32/K:256/N:1024               598 us          596 us         2363  28.1474/s
BM_MatmulIkjAllocationIncluded/M:32/K:256/N:1024               593 us          592 us         2363  28.3349/s
BM_MatmulIkjAllocationIncluded/M:32/K:256/N:1024               594 us          593 us         2363  28.3013/s
BM_MatmulIkjAllocationIncluded/M:32/K:256/N:1024               595 us          593 us         2363  28.2858/s
BM_MatmulIkjAllocationIncluded/M:32/K:256/N:1024               592 us          591 us         2363  28.3821/s
BM_MatmulIkjAllocationIncluded/M:32/K:256/N:1024               593 us          592 us         2363  28.3372/s
BM_MatmulIkjAllocationIncluded/M:32/K:256/N:1024               593 us          591 us         2363   28.382/s
BM_MatmulIkjAllocationIncluded/M:32/K:256/N:1024               591 us          590 us         2363  28.4486/s
BM_MatmulIkjAllocationIncluded/M:32/K:256/N:1024               593 us          592 us         2363  28.3556/s
BM_MatmulIkjAllocationIncluded/M:32/K:256/N:1024               592 us          591 us         2363   28.383/s
BM_MatmulIkjAllocationIncluded/M:32/K:256/N:1024_mean          593 us          592 us           10  28.3358/s
BM_MatmulIkjAllocationIncluded/M:32/K:256/N:1024_median        593 us          592 us           10  28.3464/s
BM_MatmulIkjAllocationIncluded/M:32/K:256/N:1024_stddev       1.92 us         1.69 us           10 0.0808454/s
BM_MatmulIkjAllocationIncluded/M:32/K:256/N:1024_cv           0.32 %          0.29 %            10      0.29%
