Unable to determine clock rate from sysctl: hw.cpufrequency: No such file or directory
This does not affect benchmark measurements, only the metadata output.
***WARNING*** Failed to set thread affinity. Estimated CPU frequency may be incorrect.
2026-10-07T16:14:35-07:00
Running /Users/aryamaandash/GitHub/cpu_optimized_inference_engine/build/benchmark-release/matmul_bench
Run on (11 X 24 MHz CPU s)
CPU Caches:
  L1 Data 64 KiB
  L1 Instruction 128 KiB
  L2 Unified 4096 KiB (x11)
Load Average: 2.30, 2.83, 2.92
-------------------------------------------------------------------------------------------------------------------------
Benchmark                                                                    Time             CPU   Iterations     GFLOPS
-------------------------------------------------------------------------------------------------------------------------
BM_MatmulBlocked16x32x64AllocationIncluded/M:1/K:1/N:1                   0.026 us        0.026 us     53135366 0.0758783/s
BM_MatmulBlocked16x32x64AllocationIncluded/M:1/K:1/N:1                   0.026 us        0.026 us     53135366 0.0756408/s
BM_MatmulBlocked16x32x64AllocationIncluded/M:1/K:1/N:1                   0.027 us        0.027 us     53135366 0.0744692/s
BM_MatmulBlocked16x32x64AllocationIncluded/M:1/K:1/N:1                   0.027 us        0.027 us     53135366 0.0751452/s
BM_MatmulBlocked16x32x64AllocationIncluded/M:1/K:1/N:1                   0.026 us        0.026 us     53135366 0.075633/s
BM_MatmulBlocked16x32x64AllocationIncluded/M:1/K:1/N:1                   0.026 us        0.026 us     53135366 0.0757617/s
BM_MatmulBlocked16x32x64AllocationIncluded/M:1/K:1/N:1                   0.026 us        0.026 us     53135366 0.0757515/s
BM_MatmulBlocked16x32x64AllocationIncluded/M:1/K:1/N:1                   0.026 us        0.026 us     53135366 0.0757706/s
BM_MatmulBlocked16x32x64AllocationIncluded/M:1/K:1/N:1                   0.026 us        0.026 us     53135366 0.0757065/s
BM_MatmulBlocked16x32x64AllocationIncluded/M:1/K:1/N:1                   0.026 us        0.026 us     53135366 0.0755835/s
BM_MatmulBlocked16x32x64AllocationIncluded/M:1/K:1/N:1_mean              0.026 us        0.026 us           10 0.075534/s
BM_MatmulBlocked16x32x64AllocationIncluded/M:1/K:1/N:1_median            0.026 us        0.026 us           10 0.0756736/s
BM_MatmulBlocked16x32x64AllocationIncluded/M:1/K:1/N:1_stddev            0.000 us        0.000 us           10 423.222u/s
BM_MatmulBlocked16x32x64AllocationIncluded/M:1/K:1/N:1_cv                 0.60 %          0.57 %            10      0.56%
BM_MatmulBlocked16x32x64AllocationIncluded/M:32/K:32/N:32                 9.77 us         9.77 us       144259  6.70661/s
BM_MatmulBlocked16x32x64AllocationIncluded/M:32/K:32/N:32                 9.72 us         9.72 us       144259  6.74449/s
BM_MatmulBlocked16x32x64AllocationIncluded/M:32/K:32/N:32                 9.74 us         9.74 us       144259  6.72823/s
BM_MatmulBlocked16x32x64AllocationIncluded/M:32/K:32/N:32                 9.71 us         9.71 us       144259   6.7473/s
BM_MatmulBlocked16x32x64AllocationIncluded/M:32/K:32/N:32                 9.76 us         9.76 us       144259  6.71436/s
BM_MatmulBlocked16x32x64AllocationIncluded/M:32/K:32/N:32                 9.73 us         9.73 us       144259  6.73706/s
BM_MatmulBlocked16x32x64AllocationIncluded/M:32/K:32/N:32                 9.71 us         9.71 us       144259  6.74964/s
BM_MatmulBlocked16x32x64AllocationIncluded/M:32/K:32/N:32                 9.74 us         9.74 us       144259  6.73164/s
BM_MatmulBlocked16x32x64AllocationIncluded/M:32/K:32/N:32                 9.75 us         9.75 us       144259  6.72498/s
BM_MatmulBlocked16x32x64AllocationIncluded/M:32/K:32/N:32                 9.73 us         9.73 us       144259  6.73325/s
BM_MatmulBlocked16x32x64AllocationIncluded/M:32/K:32/N:32_mean            9.74 us         9.74 us           10  6.73176/s
BM_MatmulBlocked16x32x64AllocationIncluded/M:32/K:32/N:32_median          9.73 us         9.73 us           10  6.73244/s
BM_MatmulBlocked16x32x64AllocationIncluded/M:32/K:32/N:32_stddev         0.020 us        0.020 us           10 0.0139321/s
BM_MatmulBlocked16x32x64AllocationIncluded/M:32/K:32/N:32_cv              0.21 %          0.21 %            10      0.21%
BM_MatmulBlocked16x32x64AllocationIncluded/M:128/K:128/N:128               330 us          330 us         4220  12.6996/s
BM_MatmulBlocked16x32x64AllocationIncluded/M:128/K:128/N:128               329 us          329 us         4220   12.746/s
BM_MatmulBlocked16x32x64AllocationIncluded/M:128/K:128/N:128               330 us          330 us         4220  12.7056/s
BM_MatmulBlocked16x32x64AllocationIncluded/M:128/K:128/N:128               329 us          329 us         4220  12.7329/s
BM_MatmulBlocked16x32x64AllocationIncluded/M:128/K:128/N:128               330 us          330 us         4220  12.7288/s
BM_MatmulBlocked16x32x64AllocationIncluded/M:128/K:128/N:128               330 us          330 us         4220  12.7196/s
BM_MatmulBlocked16x32x64AllocationIncluded/M:128/K:128/N:128               330 us          330 us         4220  12.7198/s
BM_MatmulBlocked16x32x64AllocationIncluded/M:128/K:128/N:128               330 us          330 us         4220  12.7107/s
BM_MatmulBlocked16x32x64AllocationIncluded/M:128/K:128/N:128               331 us          331 us         4220  12.6797/s
BM_MatmulBlocked16x32x64AllocationIncluded/M:128/K:128/N:128               330 us          330 us         4220  12.7086/s
BM_MatmulBlocked16x32x64AllocationIncluded/M:128/K:128/N:128_mean          330 us          330 us           10  12.7151/s
BM_MatmulBlocked16x32x64AllocationIncluded/M:128/K:128/N:128_median        330 us          330 us           10  12.7152/s
BM_MatmulBlocked16x32x64AllocationIncluded/M:128/K:128/N:128_stddev      0.486 us        0.485 us           10 0.0186863/s
BM_MatmulBlocked16x32x64AllocationIncluded/M:128/K:128/N:128_cv           0.15 %          0.15 %            10      0.15%
BM_MatmulBlocked16x32x64AllocationIncluded/M:256/K:256/N:256              2645 us         2645 us          529   12.686/s
BM_MatmulBlocked16x32x64AllocationIncluded/M:256/K:256/N:256              2634 us         2634 us          529  12.7412/s
BM_MatmulBlocked16x32x64AllocationIncluded/M:256/K:256/N:256              2723 us         2686 us          529  12.4938/s
BM_MatmulBlocked16x32x64AllocationIncluded/M:256/K:256/N:256              2634 us         2634 us          529  12.7371/s
BM_MatmulBlocked16x32x64AllocationIncluded/M:256/K:256/N:256              2634 us         2634 us          529  12.7395/s
BM_MatmulBlocked16x32x64AllocationIncluded/M:256/K:256/N:256              2638 us         2638 us          529  12.7204/s
BM_MatmulBlocked16x32x64AllocationIncluded/M:256/K:256/N:256              2638 us         2638 us          529  12.7199/s
BM_MatmulBlocked16x32x64AllocationIncluded/M:256/K:256/N:256              2631 us         2630 us          529  12.7566/s
BM_MatmulBlocked16x32x64AllocationIncluded/M:256/K:256/N:256              2637 us         2637 us          529  12.7261/s
BM_MatmulBlocked16x32x64AllocationIncluded/M:256/K:256/N:256              2726 us         2716 us          529  12.3566/s
BM_MatmulBlocked16x32x64AllocationIncluded/M:256/K:256/N:256_mean         2654 us         2649 us           10  12.6677/s
BM_MatmulBlocked16x32x64AllocationIncluded/M:256/K:256/N:256_median       2637 us         2637 us           10  12.7233/s
BM_MatmulBlocked16x32x64AllocationIncluded/M:256/K:256/N:256_stddev       37.3 us         28.3 us           10 0.133161/s
BM_MatmulBlocked16x32x64AllocationIncluded/M:256/K:256/N:256_cv           1.41 %          1.07 %            10      1.05%
BM_MatmulBlocked16x32x64AllocationIncluded/M:512/K:512/N:512             21153 us        21151 us           66  12.6912/s
BM_MatmulBlocked16x32x64AllocationIncluded/M:512/K:512/N:512             21226 us        21225 us           66  12.6473/s
BM_MatmulBlocked16x32x64AllocationIncluded/M:512/K:512/N:512             21151 us        21149 us           66  12.6925/s
BM_MatmulBlocked16x32x64AllocationIncluded/M:512/K:512/N:512             21139 us        21139 us           66  12.6988/s
BM_MatmulBlocked16x32x64AllocationIncluded/M:512/K:512/N:512             21203 us        21202 us           66   12.661/s
BM_MatmulBlocked16x32x64AllocationIncluded/M:512/K:512/N:512             21529 us        21449 us           66  12.5149/s
BM_MatmulBlocked16x32x64AllocationIncluded/M:512/K:512/N:512             21184 us        21183 us           66  12.6722/s
BM_MatmulBlocked16x32x64AllocationIncluded/M:512/K:512/N:512             21164 us        21161 us           66  12.6856/s
BM_MatmulBlocked16x32x64AllocationIncluded/M:512/K:512/N:512             21133 us        21133 us           66  12.7021/s
BM_MatmulBlocked16x32x64AllocationIncluded/M:512/K:512/N:512             21156 us        21156 us           66  12.6887/s
BM_MatmulBlocked16x32x64AllocationIncluded/M:512/K:512/N:512_mean        21204 us        21195 us           10  12.6654/s
BM_MatmulBlocked16x32x64AllocationIncluded/M:512/K:512/N:512_median      21160 us        21158 us           10  12.6871/s
BM_MatmulBlocked16x32x64AllocationIncluded/M:512/K:512/N:512_stddev        118 us         94.0 us           10 0.0556234/s
BM_MatmulBlocked16x32x64AllocationIncluded/M:512/K:512/N:512_cv           0.56 %          0.44 %            10      0.44%
BM_MatmulBlocked16x32x64AllocationIncluded/M:129/K:257/N:131               794 us          794 us         1772  10.9401/s
BM_MatmulBlocked16x32x64AllocationIncluded/M:129/K:257/N:131               794 us          793 us         1772  10.9502/s
BM_MatmulBlocked16x32x64AllocationIncluded/M:129/K:257/N:131               791 us          791 us         1772  10.9747/s
BM_MatmulBlocked16x32x64AllocationIncluded/M:129/K:257/N:131               793 us          793 us         1772   10.956/s
BM_MatmulBlocked16x32x64AllocationIncluded/M:129/K:257/N:131               790 us          790 us         1772  10.9896/s
BM_MatmulBlocked16x32x64AllocationIncluded/M:129/K:257/N:131               791 us          791 us         1772  10.9833/s
BM_MatmulBlocked16x32x64AllocationIncluded/M:129/K:257/N:131               793 us          793 us         1772  10.9545/s
BM_MatmulBlocked16x32x64AllocationIncluded/M:129/K:257/N:131               791 us          791 us         1772  10.9768/s
BM_MatmulBlocked16x32x64AllocationIncluded/M:129/K:257/N:131               792 us          792 us         1772  10.9659/s
BM_MatmulBlocked16x32x64AllocationIncluded/M:129/K:257/N:131               792 us          791 us         1772  10.9744/s
BM_MatmulBlocked16x32x64AllocationIncluded/M:129/K:257/N:131_mean          792 us          792 us           10  10.9666/s
BM_MatmulBlocked16x32x64AllocationIncluded/M:129/K:257/N:131_median        792 us          792 us           10  10.9701/s
BM_MatmulBlocked16x32x64AllocationIncluded/M:129/K:257/N:131_stddev       1.20 us         1.15 us           10 0.0158788/s
BM_MatmulBlocked16x32x64AllocationIncluded/M:129/K:257/N:131_cv           0.15 %          0.14 %            10      0.14%
BM_MatmulBlocked16x32x64AllocationIncluded/M:63/K:65/N:67                 54.7 us         54.7 us        25575  10.0329/s
BM_MatmulBlocked16x32x64AllocationIncluded/M:63/K:65/N:67                 54.6 us         54.6 us        25575  10.0441/s
BM_MatmulBlocked16x32x64AllocationIncluded/M:63/K:65/N:67                 54.7 us         54.7 us        25575  10.0309/s
BM_MatmulBlocked16x32x64AllocationIncluded/M:63/K:65/N:67                 54.8 us         54.7 us        25575  10.0226/s
BM_MatmulBlocked16x32x64AllocationIncluded/M:63/K:65/N:67                 54.7 us         54.7 us        25575  10.0302/s
BM_MatmulBlocked16x32x64AllocationIncluded/M:63/K:65/N:67                 54.8 us         54.8 us        25575  10.0116/s
BM_MatmulBlocked16x32x64AllocationIncluded/M:63/K:65/N:67                 54.8 us         54.8 us        25575  10.0183/s
BM_MatmulBlocked16x32x64AllocationIncluded/M:63/K:65/N:67                 54.8 us         54.8 us        25575  10.0169/s
BM_MatmulBlocked16x32x64AllocationIncluded/M:63/K:65/N:67                 54.8 us         54.8 us        25575  10.0166/s
BM_MatmulBlocked16x32x64AllocationIncluded/M:63/K:65/N:67                 54.7 us         54.7 us        25575   10.027/s
BM_MatmulBlocked16x32x64AllocationIncluded/M:63/K:65/N:67_mean            54.7 us         54.7 us           10  10.0251/s
BM_MatmulBlocked16x32x64AllocationIncluded/M:63/K:65/N:67_median          54.7 us         54.7 us           10  10.0248/s
BM_MatmulBlocked16x32x64AllocationIncluded/M:63/K:65/N:67_stddev         0.054 us        0.053 us           10 9.77608m/s
BM_MatmulBlocked16x32x64AllocationIncluded/M:63/K:65/N:67_cv              0.10 %          0.10 %            10      0.10%
BM_MatmulBlocked16x32x64AllocationIncluded/M:1/K:256/N:256                10.4 us         10.4 us       134951  12.5963/s
BM_MatmulBlocked16x32x64AllocationIncluded/M:1/K:256/N:256                10.7 us         10.7 us       134951  12.2663/s
BM_MatmulBlocked16x32x64AllocationIncluded/M:1/K:256/N:256                10.4 us         10.4 us       134951  12.5699/s
BM_MatmulBlocked16x32x64AllocationIncluded/M:1/K:256/N:256                10.4 us         10.4 us       134951  12.6276/s
BM_MatmulBlocked16x32x64AllocationIncluded/M:1/K:256/N:256                10.4 us         10.4 us       134951  12.6407/s
BM_MatmulBlocked16x32x64AllocationIncluded/M:1/K:256/N:256                10.4 us         10.4 us       134951   12.615/s
BM_MatmulBlocked16x32x64AllocationIncluded/M:1/K:256/N:256                10.4 us         10.4 us       134951  12.6354/s
BM_MatmulBlocked16x32x64AllocationIncluded/M:1/K:256/N:256                10.3 us         10.3 us       134951  12.6826/s
BM_MatmulBlocked16x32x64AllocationIncluded/M:1/K:256/N:256                10.4 us         10.4 us       134951  12.6507/s
BM_MatmulBlocked16x32x64AllocationIncluded/M:1/K:256/N:256                10.4 us         10.4 us       134951  12.6532/s
BM_MatmulBlocked16x32x64AllocationIncluded/M:1/K:256/N:256_mean           10.4 us         10.4 us           10  12.5938/s
BM_MatmulBlocked16x32x64AllocationIncluded/M:1/K:256/N:256_median         10.4 us         10.4 us           10  12.6315/s
BM_MatmulBlocked16x32x64AllocationIncluded/M:1/K:256/N:256_stddev        0.108 us        0.101 us           10 0.119237/s
BM_MatmulBlocked16x32x64AllocationIncluded/M:1/K:256/N:256_cv             1.03 %          0.97 %            10      0.95%
BM_MatmulBlocked16x32x64AllocationIncluded/M:256/K:256/N:1                94.0 us         94.0 us        14886  1.39465/s
BM_MatmulBlocked16x32x64AllocationIncluded/M:256/K:256/N:1                94.4 us         94.4 us        14886  1.38902/s
BM_MatmulBlocked16x32x64AllocationIncluded/M:256/K:256/N:1                94.5 us         94.5 us        14886  1.38699/s
BM_MatmulBlocked16x32x64AllocationIncluded/M:256/K:256/N:1                94.2 us         94.2 us        14886   1.3911/s
BM_MatmulBlocked16x32x64AllocationIncluded/M:256/K:256/N:1                94.3 us         94.3 us        14886  1.38965/s
BM_MatmulBlocked16x32x64AllocationIncluded/M:256/K:256/N:1                94.5 us         94.4 us        14886  1.38777/s
BM_MatmulBlocked16x32x64AllocationIncluded/M:256/K:256/N:1                94.0 us         94.0 us        14886   1.3944/s
BM_MatmulBlocked16x32x64AllocationIncluded/M:256/K:256/N:1                94.2 us         94.2 us        14886  1.39121/s
BM_MatmulBlocked16x32x64AllocationIncluded/M:256/K:256/N:1                94.1 us         94.1 us        14886  1.39314/s
BM_MatmulBlocked16x32x64AllocationIncluded/M:256/K:256/N:1                94.0 us         94.0 us        14886  1.39408/s
BM_MatmulBlocked16x32x64AllocationIncluded/M:256/K:256/N:1_mean           94.2 us         94.2 us           10   1.3912/s
BM_MatmulBlocked16x32x64AllocationIncluded/M:256/K:256/N:1_median         94.2 us         94.2 us           10  1.39115/s
BM_MatmulBlocked16x32x64AllocationIncluded/M:256/K:256/N:1_stddev        0.192 us        0.190 us           10 2.80498m/s
BM_MatmulBlocked16x32x64AllocationIncluded/M:256/K:256/N:1_cv             0.20 %          0.20 %            10      0.20%
BM_MatmulBlocked16x32x64AllocationIncluded/M:32/K:256/N:64                81.7 us         81.7 us        17041  12.8354/s
BM_MatmulBlocked16x32x64AllocationIncluded/M:32/K:256/N:64                81.3 us         81.3 us        17041   12.904/s
BM_MatmulBlocked16x32x64AllocationIncluded/M:32/K:256/N:64                81.8 us         81.8 us        17041  12.8239/s
BM_MatmulBlocked16x32x64AllocationIncluded/M:32/K:256/N:64                81.6 us         81.6 us        17041  12.8446/s
BM_MatmulBlocked16x32x64AllocationIncluded/M:32/K:256/N:64                81.4 us         81.4 us        17041  12.8869/s
BM_MatmulBlocked16x32x64AllocationIncluded/M:32/K:256/N:64                81.8 us         81.8 us        17041  12.8239/s
BM_MatmulBlocked16x32x64AllocationIncluded/M:32/K:256/N:64                81.9 us         81.8 us        17041  12.8115/s
BM_MatmulBlocked16x32x64AllocationIncluded/M:32/K:256/N:64                81.2 us         81.2 us        17041  12.9116/s
BM_MatmulBlocked16x32x64AllocationIncluded/M:32/K:256/N:64                80.9 us         80.9 us        17041  12.9555/s
BM_MatmulBlocked16x32x64AllocationIncluded/M:32/K:256/N:64                82.0 us         82.0 us        17041  12.7861/s
BM_MatmulBlocked16x32x64AllocationIncluded/M:32/K:256/N:64_mean           81.6 us         81.5 us           10  12.8583/s
BM_MatmulBlocked16x32x64AllocationIncluded/M:32/K:256/N:64_median         81.7 us         81.7 us           10    12.84/s
BM_MatmulBlocked16x32x64AllocationIncluded/M:32/K:256/N:64_stddev        0.346 us        0.338 us           10 0.0534232/s
BM_MatmulBlocked16x32x64AllocationIncluded/M:32/K:256/N:64_cv             0.42 %          0.41 %            10      0.42%
BM_MatmulBlocked16x32x64AllocationIncluded/M:32/K:256/N:255                327 us          327 us         4305  12.7924/s
BM_MatmulBlocked16x32x64AllocationIncluded/M:32/K:256/N:255                327 us          327 us         4305  12.7894/s
BM_MatmulBlocked16x32x64AllocationIncluded/M:32/K:256/N:255                326 us          326 us         4305  12.8094/s
BM_MatmulBlocked16x32x64AllocationIncluded/M:32/K:256/N:255                328 us          328 us         4305  12.7431/s
BM_MatmulBlocked16x32x64AllocationIncluded/M:32/K:256/N:255                327 us          327 us         4305  12.7819/s
BM_MatmulBlocked16x32x64AllocationIncluded/M:32/K:256/N:255                326 us          326 us         4305   12.802/s
BM_MatmulBlocked16x32x64AllocationIncluded/M:32/K:256/N:255                339 us          336 us         4305  12.4439/s
BM_MatmulBlocked16x32x64AllocationIncluded/M:32/K:256/N:255                328 us          328 us         4305  12.7434/s
BM_MatmulBlocked16x32x64AllocationIncluded/M:32/K:256/N:255                327 us          327 us         4305  12.7794/s
BM_MatmulBlocked16x32x64AllocationIncluded/M:32/K:256/N:255                326 us          326 us         4305  12.8046/s
BM_MatmulBlocked16x32x64AllocationIncluded/M:32/K:256/N:255_mean           328 us          328 us           10   12.749/s
BM_MatmulBlocked16x32x64AllocationIncluded/M:32/K:256/N:255_median         327 us          327 us           10  12.7857/s
BM_MatmulBlocked16x32x64AllocationIncluded/M:32/K:256/N:255_stddev        3.77 us         2.88 us           10 0.109645/s
BM_MatmulBlocked16x32x64AllocationIncluded/M:32/K:256/N:255_cv            1.15 %          0.88 %            10      0.86%
BM_MatmulBlocked16x32x64AllocationIncluded/M:32/K:256/N:256                329 us          329 us         4288  12.7546/s
BM_MatmulBlocked16x32x64AllocationIncluded/M:32/K:256/N:256                346 us          337 us         4288  12.4596/s
BM_MatmulBlocked16x32x64AllocationIncluded/M:32/K:256/N:256                330 us          330 us         4288  12.7193/s
BM_MatmulBlocked16x32x64AllocationIncluded/M:32/K:256/N:256                331 us          331 us         4288   12.662/s
BM_MatmulBlocked16x32x64AllocationIncluded/M:32/K:256/N:256                329 us          329 us         4288  12.7356/s
BM_MatmulBlocked16x32x64AllocationIncluded/M:32/K:256/N:256                329 us          329 us         4288  12.7614/s
BM_MatmulBlocked16x32x64AllocationIncluded/M:32/K:256/N:256                330 us          329 us         4288  12.7293/s
BM_MatmulBlocked16x32x64AllocationIncluded/M:32/K:256/N:256                330 us          330 us         4288   12.723/s
BM_MatmulBlocked16x32x64AllocationIncluded/M:32/K:256/N:256                329 us          329 us         4288  12.7406/s
BM_MatmulBlocked16x32x64AllocationIncluded/M:32/K:256/N:256                329 us          329 us         4288  12.7432/s
BM_MatmulBlocked16x32x64AllocationIncluded/M:32/K:256/N:256_mean           331 us          330 us           10  12.7029/s
BM_MatmulBlocked16x32x64AllocationIncluded/M:32/K:256/N:256_median         329 us          329 us           10  12.7325/s
BM_MatmulBlocked16x32x64AllocationIncluded/M:32/K:256/N:256_stddev        5.23 us         2.37 us           10 0.0897276/s
BM_MatmulBlocked16x32x64AllocationIncluded/M:32/K:256/N:256_cv            1.58 %          0.72 %            10      0.71%
BM_MatmulBlocked16x32x64AllocationIncluded/M:32/K:256/N:257                356 us          356 us         3921    11.84/s
BM_MatmulBlocked16x32x64AllocationIncluded/M:32/K:256/N:257                357 us          357 us         3921  11.8045/s
BM_MatmulBlocked16x32x64AllocationIncluded/M:32/K:256/N:257                357 us          357 us         3921  11.8038/s
BM_MatmulBlocked16x32x64AllocationIncluded/M:32/K:256/N:257                357 us          357 us         3921  11.8109/s
BM_MatmulBlocked16x32x64AllocationIncluded/M:32/K:256/N:257                357 us          357 us         3921  11.7979/s
BM_MatmulBlocked16x32x64AllocationIncluded/M:32/K:256/N:257                356 us          356 us         3921  11.8337/s
BM_MatmulBlocked16x32x64AllocationIncluded/M:32/K:256/N:257                356 us          356 us         3921   11.837/s
BM_MatmulBlocked16x32x64AllocationIncluded/M:32/K:256/N:257                357 us          357 us         3921  11.7936/s
BM_MatmulBlocked16x32x64AllocationIncluded/M:32/K:256/N:257                357 us          357 us         3921  11.8011/s
BM_MatmulBlocked16x32x64AllocationIncluded/M:32/K:256/N:257                357 us          357 us         3921  11.7857/s
BM_MatmulBlocked16x32x64AllocationIncluded/M:32/K:256/N:257_mean           357 us          357 us           10  11.8108/s
BM_MatmulBlocked16x32x64AllocationIncluded/M:32/K:256/N:257_median         357 us          357 us           10  11.8041/s
BM_MatmulBlocked16x32x64AllocationIncluded/M:32/K:256/N:257_stddev       0.580 us        0.581 us           10 0.0192577/s
BM_MatmulBlocked16x32x64AllocationIncluded/M:32/K:256/N:257_cv            0.16 %          0.16 %            10      0.16%
BM_MatmulBlocked16x32x64AllocationIncluded/M:32/K:256/N:512                664 us          664 us         2112  12.6352/s
BM_MatmulBlocked16x32x64AllocationIncluded/M:32/K:256/N:512                664 us          664 us         2112  12.6393/s
BM_MatmulBlocked16x32x64AllocationIncluded/M:32/K:256/N:512                663 us          663 us         2112  12.6455/s
BM_MatmulBlocked16x32x64AllocationIncluded/M:32/K:256/N:512                664 us          664 us         2112  12.6315/s
BM_MatmulBlocked16x32x64AllocationIncluded/M:32/K:256/N:512                664 us          664 us         2112  12.6411/s
BM_MatmulBlocked16x32x64AllocationIncluded/M:32/K:256/N:512                663 us          663 us         2112  12.6504/s
BM_MatmulBlocked16x32x64AllocationIncluded/M:32/K:256/N:512                666 us          666 us         2112  12.5984/s
BM_MatmulBlocked16x32x64AllocationIncluded/M:32/K:256/N:512                666 us          666 us         2112  12.5982/s
BM_MatmulBlocked16x32x64AllocationIncluded/M:32/K:256/N:512                664 us          664 us         2112  12.6322/s
BM_MatmulBlocked16x32x64AllocationIncluded/M:32/K:256/N:512                666 us          666 us         2112  12.5947/s
BM_MatmulBlocked16x32x64AllocationIncluded/M:32/K:256/N:512_mean           664 us          664 us           10  12.6266/s
BM_MatmulBlocked16x32x64AllocationIncluded/M:32/K:256/N:512_median         664 us          664 us           10  12.6337/s
BM_MatmulBlocked16x32x64AllocationIncluded/M:32/K:256/N:512_stddev        1.12 us         1.12 us           10 0.0211925/s
BM_MatmulBlocked16x32x64AllocationIncluded/M:32/K:256/N:512_cv            0.17 %          0.17 %            10      0.17%
BM_MatmulBlocked16x32x64AllocationIncluded/M:32/K:256/N:1024              1351 us         1351 us         1035   12.419/s
BM_MatmulBlocked16x32x64AllocationIncluded/M:32/K:256/N:1024              1349 us         1349 us         1035  12.4364/s
BM_MatmulBlocked16x32x64AllocationIncluded/M:32/K:256/N:1024              1354 us         1354 us         1035  12.3914/s
BM_MatmulBlocked16x32x64AllocationIncluded/M:32/K:256/N:1024              1351 us         1351 us         1035  12.4145/s
BM_MatmulBlocked16x32x64AllocationIncluded/M:32/K:256/N:1024              1349 us         1349 us         1035  12.4339/s
BM_MatmulBlocked16x32x64AllocationIncluded/M:32/K:256/N:1024              1353 us         1353 us         1035  12.3976/s
BM_MatmulBlocked16x32x64AllocationIncluded/M:32/K:256/N:1024              1349 us         1349 us         1035  12.4337/s
BM_MatmulBlocked16x32x64AllocationIncluded/M:32/K:256/N:1024              1349 us         1349 us         1035  12.4362/s
BM_MatmulBlocked16x32x64AllocationIncluded/M:32/K:256/N:1024              1353 us         1353 us         1035   12.402/s
BM_MatmulBlocked16x32x64AllocationIncluded/M:32/K:256/N:1024              1350 us         1350 us         1035  12.4279/s
BM_MatmulBlocked16x32x64AllocationIncluded/M:32/K:256/N:1024_mean         1351 us         1351 us           10  12.4193/s
BM_MatmulBlocked16x32x64AllocationIncluded/M:32/K:256/N:1024_median       1350 us         1350 us           10  12.4234/s
BM_MatmulBlocked16x32x64AllocationIncluded/M:32/K:256/N:1024_stddev       1.90 us         1.87 us           10 0.0171483/s
BM_MatmulBlocked16x32x64AllocationIncluded/M:32/K:256/N:1024_cv           0.14 %          0.14 %            10      0.14%
