Unable to determine clock rate from sysctl: hw.cpufrequency: No such file or directory
This does not affect benchmark measurements, only the metadata output.
***WARNING*** Failed to set thread affinity. Estimated CPU frequency may be incorrect.
2026-10-07T16:18:44-07:00
Running /Users/aryamaandash/GitHub/cpu_optimized_inference_engine/build/benchmark-release/matmul_bench
Run on (11 X 24 MHz CPU s)
CPU Caches:
  L1 Data 64 KiB
  L1 Instruction 128 KiB
  L2 Unified 4096 KiB (x11)
Load Average: 2.75, 2.59, 2.77
------------------------------------------------------------------------------------------------------------------------
Benchmark                                                                   Time             CPU   Iterations     GFLOPS
------------------------------------------------------------------------------------------------------------------------
BM_MatmulBlocked8x32x64AllocationIncluded/M:1/K:1/N:1                   0.027 us        0.027 us     52860109 0.0747226/s
BM_MatmulBlocked8x32x64AllocationIncluded/M:1/K:1/N:1                   0.026 us        0.026 us     52860109 0.0754922/s
BM_MatmulBlocked8x32x64AllocationIncluded/M:1/K:1/N:1                    1.59 us        0.027 us     52860109 0.0738116/s
BM_MatmulBlocked8x32x64AllocationIncluded/M:1/K:1/N:1                   0.027 us        0.027 us     52860109 0.0750866/s
BM_MatmulBlocked8x32x64AllocationIncluded/M:1/K:1/N:1                   0.027 us        0.027 us     52860109 0.0747666/s
BM_MatmulBlocked8x32x64AllocationIncluded/M:1/K:1/N:1                   0.026 us        0.026 us     52860109 0.0757295/s
BM_MatmulBlocked8x32x64AllocationIncluded/M:1/K:1/N:1                   0.026 us        0.026 us     52860109 0.0756054/s
BM_MatmulBlocked8x32x64AllocationIncluded/M:1/K:1/N:1                    4.80 us        0.027 us     52860109 0.0736644/s
BM_MatmulBlocked8x32x64AllocationIncluded/M:1/K:1/N:1                   0.026 us        0.026 us     52860109 0.075717/s
BM_MatmulBlocked8x32x64AllocationIncluded/M:1/K:1/N:1                   0.026 us        0.026 us     52860109 0.0759456/s
BM_MatmulBlocked8x32x64AllocationIncluded/M:1/K:1/N:1_mean              0.660 us        0.027 us           10 0.0750541/s
BM_MatmulBlocked8x32x64AllocationIncluded/M:1/K:1/N:1_median            0.027 us        0.027 us           10 0.0752894/s
BM_MatmulBlocked8x32x64AllocationIncluded/M:1/K:1/N:1_stddev             1.53 us        0.000 us           10 806.572u/s
BM_MatmulBlocked8x32x64AllocationIncluded/M:1/K:1/N:1_cv               232.44 %          1.08 %            10      1.07%
BM_MatmulBlocked8x32x64AllocationIncluded/M:32/K:32/N:32                  121 us         9.67 us       148166  6.77863/s
BM_MatmulBlocked8x32x64AllocationIncluded/M:32/K:32/N:32                 9.75 us         9.73 us       148166  6.73386/s
BM_MatmulBlocked8x32x64AllocationIncluded/M:32/K:32/N:32                 9.65 us         9.65 us       148166  6.78829/s
BM_MatmulBlocked8x32x64AllocationIncluded/M:32/K:32/N:32                 9.29 us         9.29 us       148166  7.05783/s
BM_MatmulBlocked8x32x64AllocationIncluded/M:32/K:32/N:32                 9.56 us         9.56 us       148166  6.85536/s
BM_MatmulBlocked8x32x64AllocationIncluded/M:32/K:32/N:32                 9.48 us         9.48 us       148166  6.91372/s
BM_MatmulBlocked8x32x64AllocationIncluded/M:32/K:32/N:32                 9.35 us         9.35 us       148166   7.0115/s
BM_MatmulBlocked8x32x64AllocationIncluded/M:32/K:32/N:32                 9.39 us         9.39 us       148166  6.98211/s
BM_MatmulBlocked8x32x64AllocationIncluded/M:32/K:32/N:32                 9.44 us         9.44 us       148166  6.94012/s
BM_MatmulBlocked8x32x64AllocationIncluded/M:32/K:32/N:32                 9.44 us         9.44 us       148166  6.94012/s
BM_MatmulBlocked8x32x64AllocationIncluded/M:32/K:32/N:32_mean            20.7 us         9.50 us           10  6.90015/s
BM_MatmulBlocked8x32x64AllocationIncluded/M:32/K:32/N:32_median          9.46 us         9.46 us           10  6.92692/s
BM_MatmulBlocked8x32x64AllocationIncluded/M:32/K:32/N:32_stddev          35.4 us        0.149 us           10  0.10765/s
BM_MatmulBlocked8x32x64AllocationIncluded/M:32/K:32/N:32_cv            171.12 %          1.56 %            10      1.56%
BM_MatmulBlocked8x32x64AllocationIncluded/M:128/K:128/N:128               330 us          330 us         4269  12.7144/s
BM_MatmulBlocked8x32x64AllocationIncluded/M:128/K:128/N:128               331 us          331 us         4269  12.6662/s
BM_MatmulBlocked8x32x64AllocationIncluded/M:128/K:128/N:128               331 us          331 us         4269  12.6816/s
BM_MatmulBlocked8x32x64AllocationIncluded/M:128/K:128/N:128               330 us          330 us         4269  12.7206/s
BM_MatmulBlocked8x32x64AllocationIncluded/M:128/K:128/N:128               330 us          330 us         4269  12.7115/s
BM_MatmulBlocked8x32x64AllocationIncluded/M:128/K:128/N:128               330 us          330 us         4269  12.7101/s
BM_MatmulBlocked8x32x64AllocationIncluded/M:128/K:128/N:128               331 us          331 us         4269  12.6704/s
BM_MatmulBlocked8x32x64AllocationIncluded/M:128/K:128/N:128               331 us          331 us         4269  12.6903/s
BM_MatmulBlocked8x32x64AllocationIncluded/M:128/K:128/N:128               331 us          331 us         4269  12.6859/s
BM_MatmulBlocked8x32x64AllocationIncluded/M:128/K:128/N:128               332 us          332 us         4269  12.6351/s
BM_MatmulBlocked8x32x64AllocationIncluded/M:128/K:128/N:128_mean          331 us          331 us           10  12.6886/s
BM_MatmulBlocked8x32x64AllocationIncluded/M:128/K:128/N:128_median        331 us          331 us           10  12.6881/s
BM_MatmulBlocked8x32x64AllocationIncluded/M:128/K:128/N:128_stddev      0.713 us        0.697 us           10 0.0267283/s
BM_MatmulBlocked8x32x64AllocationIncluded/M:128/K:128/N:128_cv           0.22 %          0.21 %            10      0.21%
BM_MatmulBlocked8x32x64AllocationIncluded/M:256/K:256/N:256              2649 us         2649 us          535  12.6686/s
BM_MatmulBlocked8x32x64AllocationIncluded/M:256/K:256/N:256              2652 us         2652 us          535  12.6525/s
BM_MatmulBlocked8x32x64AllocationIncluded/M:256/K:256/N:256              2642 us         2642 us          535  12.7004/s
BM_MatmulBlocked8x32x64AllocationIncluded/M:256/K:256/N:256              2649 us         2649 us          535   12.668/s
BM_MatmulBlocked8x32x64AllocationIncluded/M:256/K:256/N:256              2640 us         2640 us          535  12.7124/s
BM_MatmulBlocked8x32x64AllocationIncluded/M:256/K:256/N:256              2645 us         2645 us          535  12.6879/s
BM_MatmulBlocked8x32x64AllocationIncluded/M:256/K:256/N:256              2648 us         2648 us          535  12.6728/s
BM_MatmulBlocked8x32x64AllocationIncluded/M:256/K:256/N:256              2645 us         2645 us          535  12.6863/s
BM_MatmulBlocked8x32x64AllocationIncluded/M:256/K:256/N:256              2643 us         2643 us          535  12.6941/s
BM_MatmulBlocked8x32x64AllocationIncluded/M:256/K:256/N:256              2648 us         2648 us          535  12.6714/s
BM_MatmulBlocked8x32x64AllocationIncluded/M:256/K:256/N:256_mean         2646 us         2646 us           10  12.6814/s
BM_MatmulBlocked8x32x64AllocationIncluded/M:256/K:256/N:256_median       2646 us         2646 us           10  12.6795/s
BM_MatmulBlocked8x32x64AllocationIncluded/M:256/K:256/N:256_stddev       3.76 us         3.75 us           10 0.0179593/s
BM_MatmulBlocked8x32x64AllocationIncluded/M:256/K:256/N:256_cv           0.14 %          0.14 %            10      0.14%
BM_MatmulBlocked8x32x64AllocationIncluded/M:512/K:512/N:512             21231 us        21231 us           66  12.6435/s
BM_MatmulBlocked8x32x64AllocationIncluded/M:512/K:512/N:512             21250 us        21248 us           66  12.6337/s
BM_MatmulBlocked8x32x64AllocationIncluded/M:512/K:512/N:512             21198 us        21198 us           66  12.6632/s
BM_MatmulBlocked8x32x64AllocationIncluded/M:512/K:512/N:512             21207 us        21207 us           66  12.6581/s
BM_MatmulBlocked8x32x64AllocationIncluded/M:512/K:512/N:512             21205 us        21205 us           66   12.659/s
BM_MatmulBlocked8x32x64AllocationIncluded/M:512/K:512/N:512             21227 us        21226 us           66  12.6463/s
BM_MatmulBlocked8x32x64AllocationIncluded/M:512/K:512/N:512             21306 us        21305 us           66  12.5997/s
BM_MatmulBlocked8x32x64AllocationIncluded/M:512/K:512/N:512             21330 us        21330 us           66  12.5848/s
BM_MatmulBlocked8x32x64AllocationIncluded/M:512/K:512/N:512             21258 us        21258 us           66  12.6276/s
BM_MatmulBlocked8x32x64AllocationIncluded/M:512/K:512/N:512             21248 us        21248 us           66  12.6336/s
BM_MatmulBlocked8x32x64AllocationIncluded/M:512/K:512/N:512_mean        21246 us        21246 us           10  12.6349/s
BM_MatmulBlocked8x32x64AllocationIncluded/M:512/K:512/N:512_median      21240 us        21239 us           10  12.6386/s
BM_MatmulBlocked8x32x64AllocationIncluded/M:512/K:512/N:512_stddev       43.4 us         43.3 us           10 0.0256807/s
BM_MatmulBlocked8x32x64AllocationIncluded/M:512/K:512/N:512_cv           0.20 %          0.20 %            10      0.20%
BM_MatmulBlocked8x32x64AllocationIncluded/M:129/K:257/N:131               794 us          794 us         1762  10.9397/s
BM_MatmulBlocked8x32x64AllocationIncluded/M:129/K:257/N:131               796 us          796 us         1762  10.9159/s
BM_MatmulBlocked8x32x64AllocationIncluded/M:129/K:257/N:131               794 us          794 us         1762  10.9386/s
BM_MatmulBlocked8x32x64AllocationIncluded/M:129/K:257/N:131               796 us          796 us         1762   10.911/s
BM_MatmulBlocked8x32x64AllocationIncluded/M:129/K:257/N:131               793 us          793 us         1762  10.9493/s
BM_MatmulBlocked8x32x64AllocationIncluded/M:129/K:257/N:131               794 us          794 us         1762  10.9401/s
BM_MatmulBlocked8x32x64AllocationIncluded/M:129/K:257/N:131               793 us          793 us         1762  10.9473/s
BM_MatmulBlocked8x32x64AllocationIncluded/M:129/K:257/N:131               793 us          793 us         1762  10.9489/s
BM_MatmulBlocked8x32x64AllocationIncluded/M:129/K:257/N:131               794 us          794 us         1762  10.9347/s
BM_MatmulBlocked8x32x64AllocationIncluded/M:129/K:257/N:131               794 us          794 us         1762  10.9417/s
BM_MatmulBlocked8x32x64AllocationIncluded/M:129/K:257/N:131_mean          794 us          794 us           10  10.9367/s
BM_MatmulBlocked8x32x64AllocationIncluded/M:129/K:257/N:131_median        794 us          794 us           10  10.9399/s
BM_MatmulBlocked8x32x64AllocationIncluded/M:129/K:257/N:131_stddev      0.958 us        0.959 us           10 0.0131943/s
BM_MatmulBlocked8x32x64AllocationIncluded/M:129/K:257/N:131_cv           0.12 %          0.12 %            10      0.12%
BM_MatmulBlocked8x32x64AllocationIncluded/M:63/K:65/N:67                 54.9 us         54.9 us        25509  9.99615/s
BM_MatmulBlocked8x32x64AllocationIncluded/M:63/K:65/N:67                 55.0 us         55.0 us        25509  9.96838/s
BM_MatmulBlocked8x32x64AllocationIncluded/M:63/K:65/N:67                 56.7 us         56.6 us        25509  9.69693/s
BM_MatmulBlocked8x32x64AllocationIncluded/M:63/K:65/N:67                 55.0 us         55.0 us        25509  9.97961/s
BM_MatmulBlocked8x32x64AllocationIncluded/M:63/K:65/N:67                 54.9 us         54.9 us        25509  9.99101/s
BM_MatmulBlocked8x32x64AllocationIncluded/M:63/K:65/N:67                 54.9 us         54.9 us        25509  10.0018/s
BM_MatmulBlocked8x32x64AllocationIncluded/M:63/K:65/N:67                 54.9 us         54.9 us        25509  9.98945/s
BM_MatmulBlocked8x32x64AllocationIncluded/M:63/K:65/N:67                 55.3 us         55.2 us        25509  9.93736/s
BM_MatmulBlocked8x32x64AllocationIncluded/M:63/K:65/N:67                 55.1 us         55.0 us        25509  9.96801/s
BM_MatmulBlocked8x32x64AllocationIncluded/M:63/K:65/N:67                 54.9 us         54.9 us        25509  9.98803/s
BM_MatmulBlocked8x32x64AllocationIncluded/M:63/K:65/N:67_mean            55.2 us         55.1 us           10  9.95168/s
BM_MatmulBlocked8x32x64AllocationIncluded/M:63/K:65/N:67_median          55.0 us         55.0 us           10  9.98382/s
BM_MatmulBlocked8x32x64AllocationIncluded/M:63/K:65/N:67_stddev         0.564 us        0.518 us           10 0.0914166/s
BM_MatmulBlocked8x32x64AllocationIncluded/M:63/K:65/N:67_cv              1.02 %          0.94 %            10      0.92%
BM_MatmulBlocked8x32x64AllocationIncluded/M:1/K:256/N:256                10.5 us         10.5 us       135040  12.5424/s
BM_MatmulBlocked8x32x64AllocationIncluded/M:1/K:256/N:256                10.4 us         10.4 us       135040  12.5877/s
BM_MatmulBlocked8x32x64AllocationIncluded/M:1/K:256/N:256                10.4 us         10.4 us       135040  12.5926/s
BM_MatmulBlocked8x32x64AllocationIncluded/M:1/K:256/N:256                10.4 us         10.4 us       135040  12.5875/s
BM_MatmulBlocked8x32x64AllocationIncluded/M:1/K:256/N:256                10.4 us         10.4 us       135040  12.6198/s
BM_MatmulBlocked8x32x64AllocationIncluded/M:1/K:256/N:256                10.4 us         10.4 us       135040  12.5988/s
BM_MatmulBlocked8x32x64AllocationIncluded/M:1/K:256/N:256                10.4 us         10.4 us       135040  12.5688/s
BM_MatmulBlocked8x32x64AllocationIncluded/M:1/K:256/N:256                10.4 us         10.4 us       135040  12.5906/s
BM_MatmulBlocked8x32x64AllocationIncluded/M:1/K:256/N:256                10.4 us         10.4 us       135040  12.5749/s
BM_MatmulBlocked8x32x64AllocationIncluded/M:1/K:256/N:256                10.4 us         10.4 us       135040  12.5854/s
BM_MatmulBlocked8x32x64AllocationIncluded/M:1/K:256/N:256_mean           10.4 us         10.4 us           10  12.5848/s
BM_MatmulBlocked8x32x64AllocationIncluded/M:1/K:256/N:256_median         10.4 us         10.4 us           10  12.5876/s
BM_MatmulBlocked8x32x64AllocationIncluded/M:1/K:256/N:256_stddev        0.017 us        0.017 us           10 0.0202296/s
BM_MatmulBlocked8x32x64AllocationIncluded/M:1/K:256/N:256_cv             0.16 %          0.16 %            10      0.16%
BM_MatmulBlocked8x32x64AllocationIncluded/M:256/K:256/N:1                95.1 us         95.1 us        14685  1.37865/s
BM_MatmulBlocked8x32x64AllocationIncluded/M:256/K:256/N:1                94.9 us         94.9 us        14685  1.38156/s
BM_MatmulBlocked8x32x64AllocationIncluded/M:256/K:256/N:1                95.2 us         95.2 us        14685  1.37626/s
BM_MatmulBlocked8x32x64AllocationIncluded/M:256/K:256/N:1                95.1 us         95.1 us        14685  1.37772/s
BM_MatmulBlocked8x32x64AllocationIncluded/M:256/K:256/N:1                95.1 us         95.1 us        14685  1.37835/s
BM_MatmulBlocked8x32x64AllocationIncluded/M:256/K:256/N:1                95.3 us         95.3 us        14685  1.37598/s
BM_MatmulBlocked8x32x64AllocationIncluded/M:256/K:256/N:1                3714 us         97.5 us        14685  1.34434/s
BM_MatmulBlocked8x32x64AllocationIncluded/M:256/K:256/N:1                96.2 us         96.2 us        14685  1.36287/s
BM_MatmulBlocked8x32x64AllocationIncluded/M:256/K:256/N:1                95.1 us         95.1 us        14685  1.37778/s
BM_MatmulBlocked8x32x64AllocationIncluded/M:256/K:256/N:1                95.8 us         95.8 us        14685    1.368/s
BM_MatmulBlocked8x32x64AllocationIncluded/M:256/K:256/N:1_mean            457 us         95.5 us           10  1.37215/s
BM_MatmulBlocked8x32x64AllocationIncluded/M:256/K:256/N:1_median         95.2 us         95.2 us           10  1.37699/s
BM_MatmulBlocked8x32x64AllocationIncluded/M:256/K:256/N:1_stddev         1144 us        0.794 us           10 0.0112558/s
BM_MatmulBlocked8x32x64AllocationIncluded/M:256/K:256/N:1_cv           250.30 %          0.83 %            10      0.82%
BM_MatmulBlocked8x32x64AllocationIncluded/M:32/K:256/N:64                2995 us         83.4 us        16935  12.5697/s
BM_MatmulBlocked8x32x64AllocationIncluded/M:32/K:256/N:64                83.5 us         83.5 us        16935  12.5613/s
BM_MatmulBlocked8x32x64AllocationIncluded/M:32/K:256/N:64                83.3 us         83.3 us        16935  12.5885/s
BM_MatmulBlocked8x32x64AllocationIncluded/M:32/K:256/N:64                82.1 us         82.1 us        16935  12.7759/s
BM_MatmulBlocked8x32x64AllocationIncluded/M:32/K:256/N:64                82.0 us         82.0 us        16935  12.7853/s
BM_MatmulBlocked8x32x64AllocationIncluded/M:32/K:256/N:64                81.9 us         81.9 us        16935  12.7977/s
BM_MatmulBlocked8x32x64AllocationIncluded/M:32/K:256/N:64                3159 us         84.2 us        16935  12.4492/s
BM_MatmulBlocked8x32x64AllocationIncluded/M:32/K:256/N:64                81.7 us         81.7 us        16935  12.8305/s
BM_MatmulBlocked8x32x64AllocationIncluded/M:32/K:256/N:64                81.5 us         81.4 us        16935  12.8743/s
BM_MatmulBlocked8x32x64AllocationIncluded/M:32/K:256/N:64                81.2 us         81.2 us        16935  12.9165/s
BM_MatmulBlocked8x32x64AllocationIncluded/M:32/K:256/N:64_mean            681 us         82.5 us           10  12.7149/s
BM_MatmulBlocked8x32x64AllocationIncluded/M:32/K:256/N:64_median         82.0 us         82.0 us           10  12.7806/s
BM_MatmulBlocked8x32x64AllocationIncluded/M:32/K:256/N:64_stddev         1263 us         1.03 us           10 0.158538/s
BM_MatmulBlocked8x32x64AllocationIncluded/M:32/K:256/N:64_cv           185.48 %          1.25 %            10      1.25%
BM_MatmulBlocked8x32x64AllocationIncluded/M:32/K:256/N:255                332 us          332 us         4273  12.5982/s
BM_MatmulBlocked8x32x64AllocationIncluded/M:32/K:256/N:255               1876 us          339 us         4273  12.3215/s
BM_MatmulBlocked8x32x64AllocationIncluded/M:32/K:256/N:255                327 us          327 us         4273  12.7937/s
BM_MatmulBlocked8x32x64AllocationIncluded/M:32/K:256/N:255                329 us          329 us         4273  12.7132/s
BM_MatmulBlocked8x32x64AllocationIncluded/M:32/K:256/N:255                329 us          329 us         4273  12.6869/s
BM_MatmulBlocked8x32x64AllocationIncluded/M:32/K:256/N:255                328 us          328 us         4273  12.7278/s
BM_MatmulBlocked8x32x64AllocationIncluded/M:32/K:256/N:255              19140 us          351 us         4273  11.8948/s
BM_MatmulBlocked8x32x64AllocationIncluded/M:32/K:256/N:255                379 us          344 us         4273  12.1297/s
BM_MatmulBlocked8x32x64AllocationIncluded/M:32/K:256/N:255                330 us          330 us         4273  12.6717/s
BM_MatmulBlocked8x32x64AllocationIncluded/M:32/K:256/N:255                334 us          333 us         4273   12.548/s
BM_MatmulBlocked8x32x64AllocationIncluded/M:32/K:256/N:255_mean          2370 us          334 us           10  12.5086/s
BM_MatmulBlocked8x32x64AllocationIncluded/M:32/K:256/N:255_median         331 us          331 us           10   12.635/s
BM_MatmulBlocked8x32x64AllocationIncluded/M:32/K:256/N:255_stddev        5912 us         8.14 us           10 0.297122/s
BM_MatmulBlocked8x32x64AllocationIncluded/M:32/K:256/N:255_cv          249.43 %          2.44 %            10      2.38%
BM_MatmulBlocked8x32x64AllocationIncluded/M:32/K:256/N:256                334 us          334 us         4236  12.5583/s
BM_MatmulBlocked8x32x64AllocationIncluded/M:32/K:256/N:256                332 us          332 us         4236  12.6233/s
BM_MatmulBlocked8x32x64AllocationIncluded/M:32/K:256/N:256                331 us          331 us         4236   12.672/s
BM_MatmulBlocked8x32x64AllocationIncluded/M:32/K:256/N:256                332 us          332 us         4236  12.6312/s
BM_MatmulBlocked8x32x64AllocationIncluded/M:32/K:256/N:256                344 us          341 us         4236   12.282/s
BM_MatmulBlocked8x32x64AllocationIncluded/M:32/K:256/N:256                334 us          334 us         4236  12.5666/s
BM_MatmulBlocked8x32x64AllocationIncluded/M:32/K:256/N:256                333 us          333 us         4236  12.6052/s
BM_MatmulBlocked8x32x64AllocationIncluded/M:32/K:256/N:256                331 us          331 us         4236  12.6793/s
BM_MatmulBlocked8x32x64AllocationIncluded/M:32/K:256/N:256                342 us          339 us         4236  12.3654/s
BM_MatmulBlocked8x32x64AllocationIncluded/M:32/K:256/N:256                345 us          341 us         4236  12.2841/s
BM_MatmulBlocked8x32x64AllocationIncluded/M:32/K:256/N:256_mean           336 us          335 us           10  12.5267/s
BM_MatmulBlocked8x32x64AllocationIncluded/M:32/K:256/N:256_median         333 us          333 us           10  12.5859/s
BM_MatmulBlocked8x32x64AllocationIncluded/M:32/K:256/N:256_stddev        5.59 us         4.20 us           10 0.155687/s
BM_MatmulBlocked8x32x64AllocationIncluded/M:32/K:256/N:256_cv            1.67 %          1.25 %            10      1.24%
BM_MatmulBlocked8x32x64AllocationIncluded/M:32/K:256/N:257                359 us          359 us         3827  11.7288/s
BM_MatmulBlocked8x32x64AllocationIncluded/M:32/K:256/N:257                525 us          442 us         3827  9.52305/s
BM_MatmulBlocked8x32x64AllocationIncluded/M:32/K:256/N:257                367 us          366 us         3827  11.5087/s
BM_MatmulBlocked8x32x64AllocationIncluded/M:32/K:256/N:257                360 us          360 us         3827  11.7125/s
BM_MatmulBlocked8x32x64AllocationIncluded/M:32/K:256/N:257                363 us          362 us         3827  11.6246/s
BM_MatmulBlocked8x32x64AllocationIncluded/M:32/K:256/N:257                358 us          358 us         3827  11.7745/s
BM_MatmulBlocked8x32x64AllocationIncluded/M:32/K:256/N:257                361 us          360 us         3827  11.6889/s
BM_MatmulBlocked8x32x64AllocationIncluded/M:32/K:256/N:257                361 us          360 us         3827  11.6813/s
BM_MatmulBlocked8x32x64AllocationIncluded/M:32/K:256/N:257                358 us          358 us         3827  11.7613/s
BM_MatmulBlocked8x32x64AllocationIncluded/M:32/K:256/N:257                358 us          358 us         3827  11.7666/s
BM_MatmulBlocked8x32x64AllocationIncluded/M:32/K:256/N:257_mean           377 us          368 us           10   11.477/s
BM_MatmulBlocked8x32x64AllocationIncluded/M:32/K:256/N:257_median         360 us          360 us           10  11.7007/s
BM_MatmulBlocked8x32x64AllocationIncluded/M:32/K:256/N:257_stddev        52.2 us         26.1 us           10 0.691175/s
BM_MatmulBlocked8x32x64AllocationIncluded/M:32/K:256/N:257_cv           13.84 %          7.08 %            10      6.02%
BM_MatmulBlocked8x32x64AllocationIncluded/M:32/K:256/N:512                680 us          678 us         2075  12.3712/s
BM_MatmulBlocked8x32x64AllocationIncluded/M:32/K:256/N:512                670 us          670 us         2075  12.5253/s
BM_MatmulBlocked8x32x64AllocationIncluded/M:32/K:256/N:512                667 us          667 us         2075  12.5831/s
BM_MatmulBlocked8x32x64AllocationIncluded/M:32/K:256/N:512                665 us          665 us         2075  12.6115/s
BM_MatmulBlocked8x32x64AllocationIncluded/M:32/K:256/N:512                672 us          671 us         2075  12.4992/s
BM_MatmulBlocked8x32x64AllocationIncluded/M:32/K:256/N:512                664 us          664 us         2075  12.6425/s
BM_MatmulBlocked8x32x64AllocationIncluded/M:32/K:256/N:512                665 us          665 us         2075  12.6114/s
BM_MatmulBlocked8x32x64AllocationIncluded/M:32/K:256/N:512                668 us          667 us         2075  12.5683/s
BM_MatmulBlocked8x32x64AllocationIncluded/M:32/K:256/N:512                667 us          667 us         2075  12.5797/s
BM_MatmulBlocked8x32x64AllocationIncluded/M:32/K:256/N:512                668 us          668 us         2075  12.5572/s
BM_MatmulBlocked8x32x64AllocationIncluded/M:32/K:256/N:512_mean           669 us          668 us           10  12.5549/s
BM_MatmulBlocked8x32x64AllocationIncluded/M:32/K:256/N:512_median         667 us          667 us           10   12.574/s
BM_MatmulBlocked8x32x64AllocationIncluded/M:32/K:256/N:512_stddev        4.55 us         4.13 us           10 0.0770123/s
BM_MatmulBlocked8x32x64AllocationIncluded/M:32/K:256/N:512_cv            0.68 %          0.62 %            10      0.61%
BM_MatmulBlocked8x32x64AllocationIncluded/M:32/K:256/N:1024              1366 us         1365 us         1029  12.2866/s
BM_MatmulBlocked8x32x64AllocationIncluded/M:32/K:256/N:1024              1389 us         1386 us         1029  12.1006/s
BM_MatmulBlocked8x32x64AllocationIncluded/M:32/K:256/N:1024              1377 us         1376 us         1029  12.1932/s
BM_MatmulBlocked8x32x64AllocationIncluded/M:32/K:256/N:1024              1375 us         1373 us         1029  12.2176/s
BM_MatmulBlocked8x32x64AllocationIncluded/M:32/K:256/N:1024              1406 us         1397 us         1029  12.0095/s
BM_MatmulBlocked8x32x64AllocationIncluded/M:32/K:256/N:1024              1405 us         1396 us         1029  12.0174/s
BM_MatmulBlocked8x32x64AllocationIncluded/M:32/K:256/N:1024              1407 us         1396 us         1029  12.0174/s
BM_MatmulBlocked8x32x64AllocationIncluded/M:32/K:256/N:1024              1434 us         1421 us         1029  11.8055/s
BM_MatmulBlocked8x32x64AllocationIncluded/M:32/K:256/N:1024              1364 us         1364 us         1029  12.3043/s
BM_MatmulBlocked8x32x64AllocationIncluded/M:32/K:256/N:1024              1416 us         1408 us         1029  11.9129/s
BM_MatmulBlocked8x32x64AllocationIncluded/M:32/K:256/N:1024_mean         1394 us         1388 us           10  12.0865/s
BM_MatmulBlocked8x32x64AllocationIncluded/M:32/K:256/N:1024_median       1397 us         1391 us           10   12.059/s
BM_MatmulBlocked8x32x64AllocationIncluded/M:32/K:256/N:1024_stddev       23.3 us         18.8 us           10  0.16358/s
BM_MatmulBlocked8x32x64AllocationIncluded/M:32/K:256/N:1024_cv           1.67 %          1.36 %            10      1.35%
