Unable to determine clock rate from sysctl: hw.cpufrequency: No such file or directory
This does not affect benchmark measurements, only the metadata output.
***WARNING*** Failed to set thread affinity. Estimated CPU frequency may be incorrect.
2026-10-07T16:10:27-07:00
Running /Users/aryamaandash/GitHub/cpu_optimized_inference_engine/build/benchmark-release/matmul_bench
Run on (11 X 24 MHz CPU s)
CPU Caches:
  L1 Data 64 KiB
  L1 Instruction 128 KiB
  L2 Unified 4096 KiB (x11)
Load Average: 3.88, 3.24, 3.05
-------------------------------------------------------------------------------------------------------------------------
Benchmark                                                                    Time             CPU   Iterations     GFLOPS
-------------------------------------------------------------------------------------------------------------------------
BM_MatmulBlocked16x64x64AllocationIncluded/M:1/K:1/N:1                   0.026 us        0.026 us     53034522 0.0757964/s
BM_MatmulBlocked16x64x64AllocationIncluded/M:1/K:1/N:1                   0.026 us        0.026 us     53034522 0.0758106/s
BM_MatmulBlocked16x64x64AllocationIncluded/M:1/K:1/N:1                   0.027 us        0.027 us     53034522 0.0749972/s
BM_MatmulBlocked16x64x64AllocationIncluded/M:1/K:1/N:1                   0.027 us        0.027 us     53034522 0.074977/s
BM_MatmulBlocked16x64x64AllocationIncluded/M:1/K:1/N:1                   0.026 us        0.026 us     53034522 0.0758751/s
BM_MatmulBlocked16x64x64AllocationIncluded/M:1/K:1/N:1                   0.026 us        0.026 us     53034522 0.0756882/s
BM_MatmulBlocked16x64x64AllocationIncluded/M:1/K:1/N:1                   0.026 us        0.026 us     53034522 0.0758212/s
BM_MatmulBlocked16x64x64AllocationIncluded/M:1/K:1/N:1                   0.026 us        0.026 us     53034522 0.0758079/s
BM_MatmulBlocked16x64x64AllocationIncluded/M:1/K:1/N:1                   0.026 us        0.026 us     53034522 0.0756158/s
BM_MatmulBlocked16x64x64AllocationIncluded/M:1/K:1/N:1                   0.026 us        0.026 us     53034522 0.0758148/s
BM_MatmulBlocked16x64x64AllocationIncluded/M:1/K:1/N:1_mean              0.026 us        0.026 us           10 0.0756204/s
BM_MatmulBlocked16x64x64AllocationIncluded/M:1/K:1/N:1_median            0.026 us        0.026 us           10 0.0758021/s
BM_MatmulBlocked16x64x64AllocationIncluded/M:1/K:1/N:1_stddev            0.000 us        0.000 us           10 341.923u/s
BM_MatmulBlocked16x64x64AllocationIncluded/M:1/K:1/N:1_cv                 0.47 %          0.45 %            10      0.45%
BM_MatmulBlocked16x64x64AllocationIncluded/M:32/K:32/N:32                 9.71 us         9.71 us       144234  6.75045/s
BM_MatmulBlocked16x64x64AllocationIncluded/M:32/K:32/N:32                 9.77 us         9.77 us       144234  6.70704/s
BM_MatmulBlocked16x64x64AllocationIncluded/M:32/K:32/N:32                 9.77 us         9.77 us       144234  6.70573/s
BM_MatmulBlocked16x64x64AllocationIncluded/M:32/K:32/N:32                 9.73 us         9.73 us       144234   6.7378/s
BM_MatmulBlocked16x64x64AllocationIncluded/M:32/K:32/N:32                 9.82 us         9.82 us       144234  6.67646/s
BM_MatmulBlocked16x64x64AllocationIncluded/M:32/K:32/N:32                 9.73 us         9.73 us       144234  6.73475/s
BM_MatmulBlocked16x64x64AllocationIncluded/M:32/K:32/N:32                 9.91 us         9.85 us       144234  6.65234/s
BM_MatmulBlocked16x64x64AllocationIncluded/M:32/K:32/N:32                 9.84 us         9.83 us       144234  6.66646/s
BM_MatmulBlocked16x64x64AllocationIncluded/M:32/K:32/N:32                 9.76 us         9.76 us       144234   6.7124/s
BM_MatmulBlocked16x64x64AllocationIncluded/M:32/K:32/N:32                 9.76 us         9.76 us       144234  6.71249/s
BM_MatmulBlocked16x64x64AllocationIncluded/M:32/K:32/N:32_mean            9.78 us         9.77 us           10  6.70559/s
BM_MatmulBlocked16x64x64AllocationIncluded/M:32/K:32/N:32_median          9.77 us         9.77 us           10  6.70972/s
BM_MatmulBlocked16x64x64AllocationIncluded/M:32/K:32/N:32_stddev         0.061 us        0.047 us           10 0.0319922/s
BM_MatmulBlocked16x64x64AllocationIncluded/M:32/K:32/N:32_cv              0.62 %          0.48 %            10      0.48%
BM_MatmulBlocked16x64x64AllocationIncluded/M:128/K:128/N:128               327 us          327 us         4300  12.8427/s
BM_MatmulBlocked16x64x64AllocationIncluded/M:128/K:128/N:128               326 us          326 us         4300  12.8754/s
BM_MatmulBlocked16x64x64AllocationIncluded/M:128/K:128/N:128               325 us          325 us         4300  12.8942/s
BM_MatmulBlocked16x64x64AllocationIncluded/M:128/K:128/N:128               326 us          326 us         4300  12.8605/s
BM_MatmulBlocked16x64x64AllocationIncluded/M:128/K:128/N:128               326 us          326 us         4300   12.879/s
BM_MatmulBlocked16x64x64AllocationIncluded/M:128/K:128/N:128               326 us          326 us         4300  12.8586/s
BM_MatmulBlocked16x64x64AllocationIncluded/M:128/K:128/N:128               326 us          326 us         4300  12.8632/s
BM_MatmulBlocked16x64x64AllocationIncluded/M:128/K:128/N:128               326 us          326 us         4300  12.8784/s
BM_MatmulBlocked16x64x64AllocationIncluded/M:128/K:128/N:128               327 us          327 us         4300  12.8298/s
BM_MatmulBlocked16x64x64AllocationIncluded/M:128/K:128/N:128               326 us          326 us         4300  12.8566/s
BM_MatmulBlocked16x64x64AllocationIncluded/M:128/K:128/N:128_mean          326 us          326 us           10  12.8638/s
BM_MatmulBlocked16x64x64AllocationIncluded/M:128/K:128/N:128_median        326 us          326 us           10  12.8618/s
BM_MatmulBlocked16x64x64AllocationIncluded/M:128/K:128/N:128_stddev      0.479 us        0.478 us           10 0.0188388/s
BM_MatmulBlocked16x64x64AllocationIncluded/M:128/K:128/N:128_cv           0.15 %          0.15 %            10      0.15%
BM_MatmulBlocked16x64x64AllocationIncluded/M:256/K:256/N:256              2603 us         2603 us          539  12.8896/s
BM_MatmulBlocked16x64x64AllocationIncluded/M:256/K:256/N:256              2605 us         2605 us          539  12.8788/s
BM_MatmulBlocked16x64x64AllocationIncluded/M:256/K:256/N:256              2604 us         2604 us          539  12.8876/s
BM_MatmulBlocked16x64x64AllocationIncluded/M:256/K:256/N:256              2611 us         2611 us          539   12.851/s
BM_MatmulBlocked16x64x64AllocationIncluded/M:256/K:256/N:256              2604 us         2604 us          539  12.8866/s
BM_MatmulBlocked16x64x64AllocationIncluded/M:256/K:256/N:256              2607 us         2607 us          539  12.8712/s
BM_MatmulBlocked16x64x64AllocationIncluded/M:256/K:256/N:256              2608 us         2607 us          539  12.8697/s
BM_MatmulBlocked16x64x64AllocationIncluded/M:256/K:256/N:256              2606 us         2606 us          539  12.8769/s
BM_MatmulBlocked16x64x64AllocationIncluded/M:256/K:256/N:256              2611 us         2611 us          539  12.8529/s
BM_MatmulBlocked16x64x64AllocationIncluded/M:256/K:256/N:256              2606 us         2606 us          539  12.8781/s
BM_MatmulBlocked16x64x64AllocationIncluded/M:256/K:256/N:256_mean         2607 us         2606 us           10  12.8742/s
BM_MatmulBlocked16x64x64AllocationIncluded/M:256/K:256/N:256_median       2606 us         2606 us           10  12.8775/s
BM_MatmulBlocked16x64x64AllocationIncluded/M:256/K:256/N:256_stddev       2.81 us         2.73 us           10 0.0134733/s
BM_MatmulBlocked16x64x64AllocationIncluded/M:256/K:256/N:256_cv           0.11 %          0.10 %            10      0.10%
BM_MatmulBlocked16x64x64AllocationIncluded/M:512/K:512/N:512             21001 us        21000 us           67  12.7824/s
BM_MatmulBlocked16x64x64AllocationIncluded/M:512/K:512/N:512             20947 us        20947 us           67  12.8151/s
BM_MatmulBlocked16x64x64AllocationIncluded/M:512/K:512/N:512             21270 us        21262 us           67  12.6252/s
BM_MatmulBlocked16x64x64AllocationIncluded/M:512/K:512/N:512             21107 us        21106 us           67  12.7186/s
BM_MatmulBlocked16x64x64AllocationIncluded/M:512/K:512/N:512             21045 us        21044 us           67  12.7559/s
BM_MatmulBlocked16x64x64AllocationIncluded/M:512/K:512/N:512             20961 us        20961 us           67  12.8066/s
BM_MatmulBlocked16x64x64AllocationIncluded/M:512/K:512/N:512             20991 us        20991 us           67  12.7884/s
BM_MatmulBlocked16x64x64AllocationIncluded/M:512/K:512/N:512             20928 us        20928 us           67  12.8266/s
BM_MatmulBlocked16x64x64AllocationIncluded/M:512/K:512/N:512             21005 us        21004 us           67  12.7801/s
BM_MatmulBlocked16x64x64AllocationIncluded/M:512/K:512/N:512             21001 us        21000 us           67  12.7825/s
BM_MatmulBlocked16x64x64AllocationIncluded/M:512/K:512/N:512_mean        21026 us        21024 us           10  12.7681/s
BM_MatmulBlocked16x64x64AllocationIncluded/M:512/K:512/N:512_median      21001 us        21000 us           10  12.7825/s
BM_MatmulBlocked16x64x64AllocationIncluded/M:512/K:512/N:512_stddev       99.7 us         97.5 us           10 0.0587866/s
BM_MatmulBlocked16x64x64AllocationIncluded/M:512/K:512/N:512_cv           0.47 %          0.46 %            10      0.46%
BM_MatmulBlocked16x64x64AllocationIncluded/M:129/K:257/N:131               789 us          789 us         1760  11.0048/s
BM_MatmulBlocked16x64x64AllocationIncluded/M:129/K:257/N:131               787 us          787 us         1760  11.0386/s
BM_MatmulBlocked16x64x64AllocationIncluded/M:129/K:257/N:131               813 us          810 us         1760  10.7235/s
BM_MatmulBlocked16x64x64AllocationIncluded/M:129/K:257/N:131               786 us          785 us         1760  11.0581/s
BM_MatmulBlocked16x64x64AllocationIncluded/M:129/K:257/N:131               784 us          784 us         1760  11.0728/s
BM_MatmulBlocked16x64x64AllocationIncluded/M:129/K:257/N:131               786 us          786 us         1760   11.053/s
BM_MatmulBlocked16x64x64AllocationIncluded/M:129/K:257/N:131               823 us          815 us         1760   10.663/s
BM_MatmulBlocked16x64x64AllocationIncluded/M:129/K:257/N:131               819 us          807 us         1760  10.7646/s
BM_MatmulBlocked16x64x64AllocationIncluded/M:129/K:257/N:131               786 us          786 us         1760  11.0564/s
BM_MatmulBlocked16x64x64AllocationIncluded/M:129/K:257/N:131               784 us          784 us         1760  11.0773/s
BM_MatmulBlocked16x64x64AllocationIncluded/M:129/K:257/N:131_mean          796 us          793 us           10  10.9512/s
BM_MatmulBlocked16x64x64AllocationIncluded/M:129/K:257/N:131_median        786 us          786 us           10  11.0458/s
BM_MatmulBlocked16x64x64AllocationIncluded/M:129/K:257/N:131_stddev       15.9 us         12.1 us           10 0.164571/s
BM_MatmulBlocked16x64x64AllocationIncluded/M:129/K:257/N:131_cv           2.00 %          1.52 %            10      1.50%
BM_MatmulBlocked16x64x64AllocationIncluded/M:63/K:65/N:67                 54.2 us         54.2 us        25704  10.1234/s
BM_MatmulBlocked16x64x64AllocationIncluded/M:63/K:65/N:67                 54.3 us         54.3 us        25704  10.1016/s
BM_MatmulBlocked16x64x64AllocationIncluded/M:63/K:65/N:67                 58.9 us         57.4 us        25704  9.56469/s
BM_MatmulBlocked16x64x64AllocationIncluded/M:63/K:65/N:67                 54.2 us         54.2 us        25704  10.1292/s
BM_MatmulBlocked16x64x64AllocationIncluded/M:63/K:65/N:67                 54.4 us         54.4 us        25704   10.095/s
BM_MatmulBlocked16x64x64AllocationIncluded/M:63/K:65/N:67                 54.2 us         54.2 us        25704  10.1187/s
BM_MatmulBlocked16x64x64AllocationIncluded/M:63/K:65/N:67                 54.2 us         54.2 us        25704  10.1317/s
BM_MatmulBlocked16x64x64AllocationIncluded/M:63/K:65/N:67                 54.3 us         54.3 us        25704  10.1129/s
BM_MatmulBlocked16x64x64AllocationIncluded/M:63/K:65/N:67                 54.2 us         54.2 us        25704  10.1166/s
BM_MatmulBlocked16x64x64AllocationIncluded/M:63/K:65/N:67                 54.2 us         54.2 us        25704  10.1229/s
BM_MatmulBlocked16x64x64AllocationIncluded/M:63/K:65/N:67_mean            54.7 us         54.6 us           10  10.0617/s
BM_MatmulBlocked16x64x64AllocationIncluded/M:63/K:65/N:67_median          54.2 us         54.2 us           10  10.1176/s
BM_MatmulBlocked16x64x64AllocationIncluded/M:63/K:65/N:67_stddev          1.47 us        0.992 us           10 0.174994/s
BM_MatmulBlocked16x64x64AllocationIncluded/M:63/K:65/N:67_cv              2.68 %          1.82 %            10      1.74%
BM_MatmulBlocked16x64x64AllocationIncluded/M:1/K:256/N:256                10.3 us         10.3 us       136795  12.7719/s
BM_MatmulBlocked16x64x64AllocationIncluded/M:1/K:256/N:256                10.2 us         10.2 us       136795  12.8459/s
BM_MatmulBlocked16x64x64AllocationIncluded/M:1/K:256/N:256                10.2 us         10.2 us       136795  12.8095/s
BM_MatmulBlocked16x64x64AllocationIncluded/M:1/K:256/N:256                10.2 us         10.2 us       136795  12.8505/s
BM_MatmulBlocked16x64x64AllocationIncluded/M:1/K:256/N:256                10.2 us         10.2 us       136795  12.7959/s
BM_MatmulBlocked16x64x64AllocationIncluded/M:1/K:256/N:256                10.2 us         10.2 us       136795  12.8322/s
BM_MatmulBlocked16x64x64AllocationIncluded/M:1/K:256/N:256                10.2 us         10.2 us       136795  12.8542/s
BM_MatmulBlocked16x64x64AllocationIncluded/M:1/K:256/N:256                10.2 us         10.2 us       136795  12.8035/s
BM_MatmulBlocked16x64x64AllocationIncluded/M:1/K:256/N:256                10.2 us         10.2 us       136795  12.7913/s
BM_MatmulBlocked16x64x64AllocationIncluded/M:1/K:256/N:256                10.2 us         10.2 us       136795  12.8033/s
BM_MatmulBlocked16x64x64AllocationIncluded/M:1/K:256/N:256_mean           10.2 us         10.2 us           10  12.8158/s
BM_MatmulBlocked16x64x64AllocationIncluded/M:1/K:256/N:256_median         10.2 us         10.2 us           10  12.8065/s
BM_MatmulBlocked16x64x64AllocationIncluded/M:1/K:256/N:256_stddev        0.022 us        0.022 us           10 0.0281441/s
BM_MatmulBlocked16x64x64AllocationIncluded/M:1/K:256/N:256_cv             0.22 %          0.22 %            10      0.22%
BM_MatmulBlocked16x64x64AllocationIncluded/M:256/K:256/N:1                96.0 us         96.0 us        14488  1.36576/s
BM_MatmulBlocked16x64x64AllocationIncluded/M:256/K:256/N:1                96.4 us         96.4 us        14488   1.3599/s
BM_MatmulBlocked16x64x64AllocationIncluded/M:256/K:256/N:1                96.2 us         96.2 us        14488  1.36239/s
BM_MatmulBlocked16x64x64AllocationIncluded/M:256/K:256/N:1                96.5 us         96.5 us        14488  1.35881/s
BM_MatmulBlocked16x64x64AllocationIncluded/M:256/K:256/N:1                99.7 us         99.3 us        14488  1.32021/s
BM_MatmulBlocked16x64x64AllocationIncluded/M:256/K:256/N:1                95.7 us         95.7 us        14488  1.36944/s
BM_MatmulBlocked16x64x64AllocationIncluded/M:256/K:256/N:1                96.0 us         96.0 us        14488  1.36566/s
BM_MatmulBlocked16x64x64AllocationIncluded/M:256/K:256/N:1                96.0 us         96.0 us        14488  1.36472/s
BM_MatmulBlocked16x64x64AllocationIncluded/M:256/K:256/N:1                95.9 us         95.9 us        14488  1.36723/s
BM_MatmulBlocked16x64x64AllocationIncluded/M:256/K:256/N:1                95.8 us         95.8 us        14488  1.36841/s
BM_MatmulBlocked16x64x64AllocationIncluded/M:256/K:256/N:1_mean           96.4 us         96.4 us           10  1.36025/s
BM_MatmulBlocked16x64x64AllocationIncluded/M:256/K:256/N:1_median         96.0 us         96.0 us           10  1.36519/s
BM_MatmulBlocked16x64x64AllocationIncluded/M:256/K:256/N:1_stddev         1.17 us         1.05 us           10 0.0144873/s
BM_MatmulBlocked16x64x64AllocationIncluded/M:256/K:256/N:1_cv             1.21 %          1.09 %            10      1.07%
BM_MatmulBlocked16x64x64AllocationIncluded/M:32/K:256/N:64                80.8 us         80.8 us        17431  12.9761/s
BM_MatmulBlocked16x64x64AllocationIncluded/M:32/K:256/N:64                80.9 us         80.9 us        17431  12.9599/s
BM_MatmulBlocked16x64x64AllocationIncluded/M:32/K:256/N:64                80.2 us         80.2 us        17431  13.0817/s
BM_MatmulBlocked16x64x64AllocationIncluded/M:32/K:256/N:64                80.7 us         80.7 us        17431  12.9909/s
BM_MatmulBlocked16x64x64AllocationIncluded/M:32/K:256/N:64                80.6 us         80.6 us        17431  13.0023/s
BM_MatmulBlocked16x64x64AllocationIncluded/M:32/K:256/N:64                80.4 us         80.4 us        17431   13.046/s
BM_MatmulBlocked16x64x64AllocationIncluded/M:32/K:256/N:64                81.0 us         81.0 us        17431  12.9421/s
BM_MatmulBlocked16x64x64AllocationIncluded/M:32/K:256/N:64                80.8 us         80.8 us        17431  12.9738/s
BM_MatmulBlocked16x64x64AllocationIncluded/M:32/K:256/N:64                80.6 us         80.6 us        17431  13.0131/s
BM_MatmulBlocked16x64x64AllocationIncluded/M:32/K:256/N:64                80.9 us         80.9 us        17431  12.9664/s
BM_MatmulBlocked16x64x64AllocationIncluded/M:32/K:256/N:64_mean           80.7 us         80.7 us           10  12.9952/s
BM_MatmulBlocked16x64x64AllocationIncluded/M:32/K:256/N:64_median         80.8 us         80.8 us           10  12.9835/s
BM_MatmulBlocked16x64x64AllocationIncluded/M:32/K:256/N:64_stddev        0.263 us        0.263 us           10 0.0423858/s
BM_MatmulBlocked16x64x64AllocationIncluded/M:32/K:256/N:64_cv             0.33 %          0.33 %            10      0.33%
BM_MatmulBlocked16x64x64AllocationIncluded/M:32/K:256/N:255                324 us          324 us         4345  12.9076/s
BM_MatmulBlocked16x64x64AllocationIncluded/M:32/K:256/N:255                323 us          323 us         4345  12.9515/s
BM_MatmulBlocked16x64x64AllocationIncluded/M:32/K:256/N:255                322 us          322 us         4345  12.9945/s
BM_MatmulBlocked16x64x64AllocationIncluded/M:32/K:256/N:255                323 us          323 us         4345  12.9535/s
BM_MatmulBlocked16x64x64AllocationIncluded/M:32/K:256/N:255                323 us          323 us         4345   12.954/s
BM_MatmulBlocked16x64x64AllocationIncluded/M:32/K:256/N:255                322 us          322 us         4345  12.9614/s
BM_MatmulBlocked16x64x64AllocationIncluded/M:32/K:256/N:255                323 us          323 us         4345  12.9325/s
BM_MatmulBlocked16x64x64AllocationIncluded/M:32/K:256/N:255                322 us          322 us         4345  12.9681/s
BM_MatmulBlocked16x64x64AllocationIncluded/M:32/K:256/N:255                322 us          322 us         4345  12.9615/s
BM_MatmulBlocked16x64x64AllocationIncluded/M:32/K:256/N:255                323 us          323 us         4345  12.9354/s
BM_MatmulBlocked16x64x64AllocationIncluded/M:32/K:256/N:255_mean           323 us          323 us           10   12.952/s
BM_MatmulBlocked16x64x64AllocationIncluded/M:32/K:256/N:255_median         323 us          323 us           10  12.9537/s
BM_MatmulBlocked16x64x64AllocationIncluded/M:32/K:256/N:255_stddev       0.580 us        0.580 us           10 0.0232685/s
BM_MatmulBlocked16x64x64AllocationIncluded/M:32/K:256/N:255_cv            0.18 %          0.18 %            10      0.18%
BM_MatmulBlocked16x64x64AllocationIncluded/M:32/K:256/N:256                326 us          326 us         4308  12.8835/s
BM_MatmulBlocked16x64x64AllocationIncluded/M:32/K:256/N:256                325 us          325 us         4308  12.9109/s
BM_MatmulBlocked16x64x64AllocationIncluded/M:32/K:256/N:256                325 us          325 us         4308  12.8956/s
BM_MatmulBlocked16x64x64AllocationIncluded/M:32/K:256/N:256                326 us          326 us         4308  12.8793/s
BM_MatmulBlocked16x64x64AllocationIncluded/M:32/K:256/N:256                326 us          326 us         4308  12.8812/s
BM_MatmulBlocked16x64x64AllocationIncluded/M:32/K:256/N:256                325 us          325 us         4308  12.9231/s
BM_MatmulBlocked16x64x64AllocationIncluded/M:32/K:256/N:256                327 us          327 us         4308  12.8197/s
BM_MatmulBlocked16x64x64AllocationIncluded/M:32/K:256/N:256                326 us          326 us         4308  12.8598/s
BM_MatmulBlocked16x64x64AllocationIncluded/M:32/K:256/N:256                325 us          325 us         4308  12.8997/s
BM_MatmulBlocked16x64x64AllocationIncluded/M:32/K:256/N:256                325 us          325 us         4308  12.8984/s
BM_MatmulBlocked16x64x64AllocationIncluded/M:32/K:256/N:256_mean           326 us          326 us           10  12.8851/s
BM_MatmulBlocked16x64x64AllocationIncluded/M:32/K:256/N:256_median         325 us          325 us           10  12.8895/s
BM_MatmulBlocked16x64x64AllocationIncluded/M:32/K:256/N:256_stddev       0.744 us        0.735 us           10 0.0290313/s
BM_MatmulBlocked16x64x64AllocationIncluded/M:32/K:256/N:256_cv            0.23 %          0.23 %            10      0.23%
BM_MatmulBlocked16x64x64AllocationIncluded/M:32/K:256/N:257                368 us          367 us         3938  11.4851/s
BM_MatmulBlocked16x64x64AllocationIncluded/M:32/K:256/N:257                355 us          355 us         3938  11.8686/s
BM_MatmulBlocked16x64x64AllocationIncluded/M:32/K:256/N:257                356 us          356 us         3938   11.828/s
BM_MatmulBlocked16x64x64AllocationIncluded/M:32/K:256/N:257                355 us          355 us         3938  11.8671/s
BM_MatmulBlocked16x64x64AllocationIncluded/M:32/K:256/N:257                355 us          355 us         3938  11.8719/s
BM_MatmulBlocked16x64x64AllocationIncluded/M:32/K:256/N:257                356 us          356 us         3938  11.8431/s
BM_MatmulBlocked16x64x64AllocationIncluded/M:32/K:256/N:257                354 us          354 us         3938   11.885/s
BM_MatmulBlocked16x64x64AllocationIncluded/M:32/K:256/N:257                354 us          354 us         3938  11.8928/s
BM_MatmulBlocked16x64x64AllocationIncluded/M:32/K:256/N:257                356 us          356 us         3938  11.8414/s
BM_MatmulBlocked16x64x64AllocationIncluded/M:32/K:256/N:257                355 us          355 us         3938  11.8517/s
BM_MatmulBlocked16x64x64AllocationIncluded/M:32/K:256/N:257_mean           356 us          356 us           10  11.8235/s
BM_MatmulBlocked16x64x64AllocationIncluded/M:32/K:256/N:257_median         355 us          355 us           10  11.8594/s
BM_MatmulBlocked16x64x64AllocationIncluded/M:32/K:256/N:257_stddev        4.21 us         3.72 us           10 0.120588/s
BM_MatmulBlocked16x64x64AllocationIncluded/M:32/K:256/N:257_cv            1.18 %          1.05 %            10      1.02%
BM_MatmulBlocked16x64x64AllocationIncluded/M:32/K:256/N:512                656 us          656 us         2132  12.7914/s
BM_MatmulBlocked16x64x64AllocationIncluded/M:32/K:256/N:512                656 us          656 us         2132  12.7904/s
BM_MatmulBlocked16x64x64AllocationIncluded/M:32/K:256/N:512                658 us          658 us         2132   12.753/s
BM_MatmulBlocked16x64x64AllocationIncluded/M:32/K:256/N:512                656 us          656 us         2132  12.7889/s
BM_MatmulBlocked16x64x64AllocationIncluded/M:32/K:256/N:512                657 us          657 us         2132  12.7649/s
BM_MatmulBlocked16x64x64AllocationIncluded/M:32/K:256/N:512                656 us          656 us         2132   12.778/s
BM_MatmulBlocked16x64x64AllocationIncluded/M:32/K:256/N:512                656 us          656 us         2132  12.7952/s
BM_MatmulBlocked16x64x64AllocationIncluded/M:32/K:256/N:512                656 us          656 us         2132  12.7861/s
BM_MatmulBlocked16x64x64AllocationIncluded/M:32/K:256/N:512                656 us          656 us         2132  12.7797/s
BM_MatmulBlocked16x64x64AllocationIncluded/M:32/K:256/N:512                655 us          655 us         2132  12.8034/s
BM_MatmulBlocked16x64x64AllocationIncluded/M:32/K:256/N:512_mean           656 us          656 us           10  12.7831/s
BM_MatmulBlocked16x64x64AllocationIncluded/M:32/K:256/N:512_median         656 us          656 us           10  12.7875/s
BM_MatmulBlocked16x64x64AllocationIncluded/M:32/K:256/N:512_stddev       0.766 us        0.767 us           10 0.0149212/s
BM_MatmulBlocked16x64x64AllocationIncluded/M:32/K:256/N:512_cv            0.12 %          0.12 %            10      0.12%
BM_MatmulBlocked16x64x64AllocationIncluded/M:32/K:256/N:1024              1334 us         1334 us         1050  12.5774/s
BM_MatmulBlocked16x64x64AllocationIncluded/M:32/K:256/N:1024              1334 us         1334 us         1050   12.578/s
BM_MatmulBlocked16x64x64AllocationIncluded/M:32/K:256/N:1024              1337 us         1337 us         1050    12.55/s
BM_MatmulBlocked16x64x64AllocationIncluded/M:32/K:256/N:1024              1333 us         1333 us         1050  12.5905/s
BM_MatmulBlocked16x64x64AllocationIncluded/M:32/K:256/N:1024              1332 us         1332 us         1050  12.5918/s
BM_MatmulBlocked16x64x64AllocationIncluded/M:32/K:256/N:1024              1336 us         1336 us         1050  12.5618/s
BM_MatmulBlocked16x64x64AllocationIncluded/M:32/K:256/N:1024              1333 us         1333 us         1050  12.5854/s
BM_MatmulBlocked16x64x64AllocationIncluded/M:32/K:256/N:1024              1338 us         1338 us         1050  12.5428/s
BM_MatmulBlocked16x64x64AllocationIncluded/M:32/K:256/N:1024              1335 us         1335 us         1050  12.5696/s
BM_MatmulBlocked16x64x64AllocationIncluded/M:32/K:256/N:1024              1333 us         1333 us         1050  12.5841/s
BM_MatmulBlocked16x64x64AllocationIncluded/M:32/K:256/N:1024_mean         1334 us         1334 us           10  12.5732/s
BM_MatmulBlocked16x64x64AllocationIncluded/M:32/K:256/N:1024_median       1334 us         1334 us           10  12.5777/s
BM_MatmulBlocked16x64x64AllocationIncluded/M:32/K:256/N:1024_stddev       1.81 us         1.79 us           10 0.0168669/s
BM_MatmulBlocked16x64x64AllocationIncluded/M:32/K:256/N:1024_cv           0.14 %          0.13 %            10      0.13%
