Unable to determine clock rate from sysctl: hw.cpufrequency: No such file or directory
This does not affect benchmark measurements, only the metadata output.
***WARNING*** Failed to set thread affinity. Estimated CPU frequency may be incorrect.
2026-09-22T11:05:00-07:00
Running /Users/aryamaandash/GitHub/cpu_optimized_inference_engine/build/benchmark-release/matmul_bench
Run on (11 X 24 MHz CPU s)
CPU Caches:
  L1 Data 64 KiB
  L1 Instruction 128 KiB
  L2 Unified 4096 KiB (x11)
Load Average: 4.64, 3.99, 4.09
-------------------------------------------------------------------------------------------------------------------
Benchmark                                                              Time             CPU   Iterations     GFLOPS
-------------------------------------------------------------------------------------------------------------------
BM_MatmulReferenceAllocationIncluded/M:1/K:256/N:256                47.7 us         47.6 us        29527  2.75445/s
BM_MatmulReferenceAllocationIncluded/M:1/K:256/N:256                47.5 us         47.5 us        29527  2.76034/s
BM_MatmulReferenceAllocationIncluded/M:1/K:256/N:256                49.5 us         49.1 us        29527  2.66735/s
BM_MatmulReferenceAllocationIncluded/M:1/K:256/N:256                47.6 us         47.5 us        29527  2.75766/s
BM_MatmulReferenceAllocationIncluded/M:1/K:256/N:256                47.5 us         47.4 us        29527   2.7635/s
BM_MatmulReferenceAllocationIncluded/M:1/K:256/N:256                47.5 us         47.4 us        29527  2.76395/s
BM_MatmulReferenceAllocationIncluded/M:1/K:256/N:256                47.4 us         47.4 us        29527  2.76747/s
BM_MatmulReferenceAllocationIncluded/M:1/K:256/N:256                47.4 us         47.4 us        29527  2.76494/s
BM_MatmulReferenceAllocationIncluded/M:1/K:256/N:256                47.5 us         47.4 us        29527  2.76372/s
BM_MatmulReferenceAllocationIncluded/M:1/K:256/N:256                47.8 us         47.7 us        29527  2.74582/s
BM_MatmulReferenceAllocationIncluded/M:1/K:256/N:256_mean           47.7 us         47.7 us           10  2.75092/s
BM_MatmulReferenceAllocationIncluded/M:1/K:256/N:256_median         47.5 us         47.5 us           10  2.76192/s
BM_MatmulReferenceAllocationIncluded/M:1/K:256/N:256_stddev        0.637 us        0.534 us           10 0.0300347/s
BM_MatmulReferenceAllocationIncluded/M:1/K:256/N:256_cv             1.34 %          1.12 %            10      1.09%
BM_MatmulReferenceAllocationIncluded/M:256/K:256/N:1                27.0 us         26.9 us        51730  4.87224/s
BM_MatmulReferenceAllocationIncluded/M:256/K:256/N:1                27.0 us         27.0 us        51730  4.85662/s
BM_MatmulReferenceAllocationIncluded/M:256/K:256/N:1                27.1 us         27.1 us        51730  4.83885/s
BM_MatmulReferenceAllocationIncluded/M:256/K:256/N:1                27.0 us         27.0 us        51730  4.85696/s
BM_MatmulReferenceAllocationIncluded/M:256/K:256/N:1                27.8 us         27.7 us        51730  4.73468/s
BM_MatmulReferenceAllocationIncluded/M:256/K:256/N:1                26.9 us         26.8 us        51730  4.88536/s
BM_MatmulReferenceAllocationIncluded/M:256/K:256/N:1                26.9 us         26.9 us        51730  4.87175/s
BM_MatmulReferenceAllocationIncluded/M:256/K:256/N:1                27.1 us         27.1 us        51730  4.84547/s
BM_MatmulReferenceAllocationIncluded/M:256/K:256/N:1                26.8 us         26.7 us        51730  4.90205/s
BM_MatmulReferenceAllocationIncluded/M:256/K:256/N:1                27.0 us         27.0 us        51730  4.86115/s
BM_MatmulReferenceAllocationIncluded/M:256/K:256/N:1_mean           27.1 us         27.0 us           10  4.85251/s
BM_MatmulReferenceAllocationIncluded/M:256/K:256/N:1_median         27.0 us         27.0 us           10  4.85905/s
BM_MatmulReferenceAllocationIncluded/M:256/K:256/N:1_stddev        0.295 us        0.257 us           10 0.0453678/s
BM_MatmulReferenceAllocationIncluded/M:256/K:256/N:1_cv             1.09 %          0.95 %            10      0.93%
BM_MatmulReferenceAllocationIncluded/M:1/K:64/N:64                  1.84 us         1.84 us       749212  4.45082/s
BM_MatmulReferenceAllocationIncluded/M:1/K:64/N:64                  1.83 us         1.83 us       749212  4.47503/s
BM_MatmulReferenceAllocationIncluded/M:1/K:64/N:64                  1.83 us         1.83 us       749212  4.47372/s
BM_MatmulReferenceAllocationIncluded/M:1/K:64/N:64                  1.84 us         1.84 us       749212  4.45672/s
BM_MatmulReferenceAllocationIncluded/M:1/K:64/N:64                  1.85 us         1.84 us       749212  4.44436/s
BM_MatmulReferenceAllocationIncluded/M:1/K:64/N:64                  1.84 us         1.84 us       749212  4.45582/s
BM_MatmulReferenceAllocationIncluded/M:1/K:64/N:64                  1.84 us         1.83 us       749212  4.46634/s
BM_MatmulReferenceAllocationIncluded/M:1/K:64/N:64                  1.83 us         1.82 us       749212  4.49047/s
BM_MatmulReferenceAllocationIncluded/M:1/K:64/N:64                  1.84 us         1.84 us       749212  4.46081/s
BM_MatmulReferenceAllocationIncluded/M:1/K:64/N:64                  1.84 us         1.84 us       749212  4.45551/s
BM_MatmulReferenceAllocationIncluded/M:1/K:64/N:64_mean             1.84 us         1.84 us           10  4.46296/s
BM_MatmulReferenceAllocationIncluded/M:1/K:64/N:64_median           1.84 us         1.84 us           10  4.45877/s
BM_MatmulReferenceAllocationIncluded/M:1/K:64/N:64_stddev          0.007 us        0.006 us           10 0.0136323/s
BM_MatmulReferenceAllocationIncluded/M:1/K:64/N:64_cv               0.37 %          0.30 %            10      0.31%
BM_MatmulReferenceAllocationIncluded/M:64/K:64/N:1                  1.05 us         1.04 us      1357958  7.85509/s
BM_MatmulReferenceAllocationIncluded/M:64/K:64/N:1                  1.03 us         1.03 us      1357958  7.98121/s
BM_MatmulReferenceAllocationIncluded/M:64/K:64/N:1                  1.03 us         1.03 us      1357958  7.95005/s
BM_MatmulReferenceAllocationIncluded/M:64/K:64/N:1                  1.03 us         1.03 us      1357958  7.98875/s
BM_MatmulReferenceAllocationIncluded/M:64/K:64/N:1                  1.02 us         1.02 us      1357958  8.00207/s
BM_MatmulReferenceAllocationIncluded/M:64/K:64/N:1                  1.03 us         1.03 us      1357958  7.97105/s
BM_MatmulReferenceAllocationIncluded/M:64/K:64/N:1                  1.03 us         1.03 us      1357958  7.97679/s
BM_MatmulReferenceAllocationIncluded/M:64/K:64/N:1                  1.04 us         1.04 us      1357958  7.89871/s
BM_MatmulReferenceAllocationIncluded/M:64/K:64/N:1                  1.03 us         1.03 us      1357958  7.95594/s
BM_MatmulReferenceAllocationIncluded/M:64/K:64/N:1                  1.04 us         1.04 us      1357958  7.90907/s
BM_MatmulReferenceAllocationIncluded/M:64/K:64/N:1_mean             1.03 us         1.03 us           10  7.94887/s
BM_MatmulReferenceAllocationIncluded/M:64/K:64/N:1_median           1.03 us         1.03 us           10   7.9635/s
BM_MatmulReferenceAllocationIncluded/M:64/K:64/N:1_stddev          0.007 us        0.006 us           10 0.0467651/s
BM_MatmulReferenceAllocationIncluded/M:64/K:64/N:1_cv               0.67 %          0.59 %            10      0.59%
BM_MatmulReferenceAllocationIncluded/M:1/K:128/N:128                9.27 us         9.27 us       150977  3.53524/s
BM_MatmulReferenceAllocationIncluded/M:1/K:128/N:128                9.32 us         9.31 us       150977  3.51865/s
BM_MatmulReferenceAllocationIncluded/M:1/K:128/N:128                9.27 us         9.26 us       150977  3.53684/s
BM_MatmulReferenceAllocationIncluded/M:1/K:128/N:128                9.27 us         9.26 us       150977  3.53677/s
BM_MatmulReferenceAllocationIncluded/M:1/K:128/N:128                9.28 us         9.28 us       150977  3.53269/s
BM_MatmulReferenceAllocationIncluded/M:1/K:128/N:128                9.28 us         9.27 us       150977  3.53536/s
BM_MatmulReferenceAllocationIncluded/M:1/K:128/N:128                9.78 us         9.73 us       150977  3.36772/s
BM_MatmulReferenceAllocationIncluded/M:1/K:128/N:128                9.27 us         9.27 us       150977  3.53642/s
BM_MatmulReferenceAllocationIncluded/M:1/K:128/N:128                9.65 us         9.57 us       150977  3.42256/s
BM_MatmulReferenceAllocationIncluded/M:1/K:128/N:128                9.77 us         9.71 us       150977  3.37511/s
BM_MatmulReferenceAllocationIncluded/M:1/K:128/N:128_mean           9.42 us         9.39 us           10  3.48974/s
BM_MatmulReferenceAllocationIncluded/M:1/K:128/N:128_median         9.28 us         9.27 us           10  3.53396/s
BM_MatmulReferenceAllocationIncluded/M:1/K:128/N:128_stddev        0.222 us        0.196 us           10 0.0714779/s
BM_MatmulReferenceAllocationIncluded/M:1/K:128/N:128_cv             2.36 %          2.09 %            10      2.05%
BM_MatmulReferenceAllocationIncluded/M:128/K:128/N:1                5.13 us         5.13 us       275891  6.38742/s
BM_MatmulReferenceAllocationIncluded/M:128/K:128/N:1                5.13 us         5.13 us       275891  6.39113/s
BM_MatmulReferenceAllocationIncluded/M:128/K:128/N:1                5.15 us         5.15 us       275891  6.36327/s
BM_MatmulReferenceAllocationIncluded/M:128/K:128/N:1                5.13 us         5.12 us       275891  6.39659/s
BM_MatmulReferenceAllocationIncluded/M:128/K:128/N:1                5.26 us         5.24 us       275891  6.24867/s
BM_MatmulReferenceAllocationIncluded/M:128/K:128/N:1                5.14 us         5.14 us       275891  6.37599/s
BM_MatmulReferenceAllocationIncluded/M:128/K:128/N:1                5.22 us         5.20 us       275891   6.2957/s
BM_MatmulReferenceAllocationIncluded/M:128/K:128/N:1                5.25 us         5.23 us       275891  6.26307/s
BM_MatmulReferenceAllocationIncluded/M:128/K:128/N:1                5.21 us         5.19 us       275891  6.31238/s
BM_MatmulReferenceAllocationIncluded/M:128/K:128/N:1                5.17 us         5.17 us       275891  6.34045/s
BM_MatmulReferenceAllocationIncluded/M:128/K:128/N:1_mean           5.18 us         5.17 us           10  6.33747/s
BM_MatmulReferenceAllocationIncluded/M:128/K:128/N:1_median         5.16 us         5.16 us           10  6.35186/s
BM_MatmulReferenceAllocationIncluded/M:128/K:128/N:1_stddev        0.052 us        0.045 us           10 0.0545922/s
BM_MatmulReferenceAllocationIncluded/M:128/K:128/N:1_cv             1.00 %          0.86 %            10      0.86%
BM_MatmulReferenceAllocationIncluded/M:1/K:255/N:255                44.2 us         44.2 us        31927  2.94184/s
BM_MatmulReferenceAllocationIncluded/M:1/K:255/N:255                43.9 us         43.8 us        31927  2.96757/s
BM_MatmulReferenceAllocationIncluded/M:1/K:255/N:255                43.7 us         43.7 us        31927  2.97923/s
BM_MatmulReferenceAllocationIncluded/M:1/K:255/N:255                44.0 us         43.9 us        31927  2.96138/s
BM_MatmulReferenceAllocationIncluded/M:1/K:255/N:255                44.7 us         44.4 us        31927  2.92619/s
BM_MatmulReferenceAllocationIncluded/M:1/K:255/N:255                45.7 us         45.2 us        31927  2.87711/s
BM_MatmulReferenceAllocationIncluded/M:1/K:255/N:255                44.2 us         44.1 us        31927  2.94752/s
BM_MatmulReferenceAllocationIncluded/M:1/K:255/N:255                44.1 us         44.0 us        31927  2.95313/s
BM_MatmulReferenceAllocationIncluded/M:1/K:255/N:255                43.8 us         43.8 us        31927  2.96797/s
BM_MatmulReferenceAllocationIncluded/M:1/K:255/N:255                43.6 us         43.6 us        31927  2.98346/s
BM_MatmulReferenceAllocationIncluded/M:1/K:255/N:255_mean           44.2 us         44.1 us           10  2.95054/s
BM_MatmulReferenceAllocationIncluded/M:1/K:255/N:255_median         44.0 us         44.0 us           10  2.95725/s
BM_MatmulReferenceAllocationIncluded/M:1/K:255/N:255_stddev        0.611 us        0.471 us           10 0.031081/s
BM_MatmulReferenceAllocationIncluded/M:1/K:255/N:255_cv             1.38 %          1.07 %            10      1.05%
BM_MatmulReferenceAllocationIncluded/M:255/K:255/N:1                26.9 us         26.8 us        52478   4.8608/s
BM_MatmulReferenceAllocationIncluded/M:255/K:255/N:1                27.5 us         27.4 us        52478  4.75446/s
BM_MatmulReferenceAllocationIncluded/M:255/K:255/N:1                27.3 us         27.2 us        52478   4.7838/s
BM_MatmulReferenceAllocationIncluded/M:255/K:255/N:1                27.3 us         27.2 us        52478  4.78414/s
BM_MatmulReferenceAllocationIncluded/M:255/K:255/N:1                34.3 us         29.5 us        52478  4.40645/s
BM_MatmulReferenceAllocationIncluded/M:255/K:255/N:1                29.5 us         28.7 us        52478  4.53401/s
BM_MatmulReferenceAllocationIncluded/M:255/K:255/N:1                32.6 us         31.4 us        52478  4.14818/s
BM_MatmulReferenceAllocationIncluded/M:255/K:255/N:1                27.7 us         27.4 us        52478   4.7383/s
BM_MatmulReferenceAllocationIncluded/M:255/K:255/N:1                26.9 us         26.9 us        52478  4.84109/s
BM_MatmulReferenceAllocationIncluded/M:255/K:255/N:1                26.6 us         26.6 us        52478   4.8972/s
BM_MatmulReferenceAllocationIncluded/M:255/K:255/N:1_mean           28.6 us         27.9 us           10  4.67484/s
BM_MatmulReferenceAllocationIncluded/M:255/K:255/N:1_median         27.4 us         27.3 us           10  4.76913/s
BM_MatmulReferenceAllocationIncluded/M:255/K:255/N:1_stddev         2.68 us         1.52 us           10 0.239231/s
BM_MatmulReferenceAllocationIncluded/M:255/K:255/N:1_cv             9.35 %          5.46 %            10      5.12%
BM_MatmulReferenceAllocationIncluded/M:1/K:257/N:257                45.3 us         45.3 us        30818  2.91845/s
BM_MatmulReferenceAllocationIncluded/M:1/K:257/N:257                47.2 us         46.7 us        30818   2.8296/s
BM_MatmulReferenceAllocationIncluded/M:1/K:257/N:257                48.9 us         48.4 us        30818  2.73174/s
BM_MatmulReferenceAllocationIncluded/M:1/K:257/N:257                49.1 us         48.3 us        30818   2.7355/s
BM_MatmulReferenceAllocationIncluded/M:1/K:257/N:257                46.8 us         46.6 us        30818  2.83389/s
BM_MatmulReferenceAllocationIncluded/M:1/K:257/N:257                47.1 us         46.9 us        30818   2.8163/s
BM_MatmulReferenceAllocationIncluded/M:1/K:257/N:257                47.5 us         47.2 us        30818  2.79883/s
BM_MatmulReferenceAllocationIncluded/M:1/K:257/N:257                45.8 us         45.8 us        30818  2.88644/s
BM_MatmulReferenceAllocationIncluded/M:1/K:257/N:257                55.7 us         52.4 us        30818  2.52001/s
BM_MatmulReferenceAllocationIncluded/M:1/K:257/N:257                59.7 us         55.3 us        30818  2.38941/s
BM_MatmulReferenceAllocationIncluded/M:1/K:257/N:257_mean           49.3 us         48.3 us           10  2.74602/s
BM_MatmulReferenceAllocationIncluded/M:1/K:257/N:257_median         47.3 us         47.1 us           10  2.80756/s
BM_MatmulReferenceAllocationIncluded/M:1/K:257/N:257_stddev         4.68 us         3.16 us           10 0.166817/s
BM_MatmulReferenceAllocationIncluded/M:1/K:257/N:257_cv             9.48 %          6.55 %            10      6.07%
BM_MatmulReferenceAllocationIncluded/M:257/K:257/N:1                27.9 us         27.8 us        50550  4.75628/s
BM_MatmulReferenceAllocationIncluded/M:257/K:257/N:1                27.6 us         27.6 us        50550  4.79153/s
BM_MatmulReferenceAllocationIncluded/M:257/K:257/N:1                27.4 us         27.4 us        50550  4.82307/s
BM_MatmulReferenceAllocationIncluded/M:257/K:257/N:1                27.3 us         27.3 us        50550  4.84135/s
BM_MatmulReferenceAllocationIncluded/M:257/K:257/N:1                27.9 us         27.8 us        50550  4.75382/s
BM_MatmulReferenceAllocationIncluded/M:257/K:257/N:1                27.5 us         27.5 us        50550  4.81107/s
BM_MatmulReferenceAllocationIncluded/M:257/K:257/N:1                28.1 us         27.8 us        50550  4.74983/s
BM_MatmulReferenceAllocationIncluded/M:257/K:257/N:1                28.5 us         28.4 us        50550  4.64795/s
BM_MatmulReferenceAllocationIncluded/M:257/K:257/N:1                28.0 us         27.9 us        50550  4.72637/s
BM_MatmulReferenceAllocationIncluded/M:257/K:257/N:1                27.3 us         27.2 us        50550  4.85374/s
BM_MatmulReferenceAllocationIncluded/M:257/K:257/N:1_mean           27.8 us         27.7 us           10   4.7755/s
BM_MatmulReferenceAllocationIncluded/M:257/K:257/N:1_median         27.7 us         27.7 us           10  4.77391/s
BM_MatmulReferenceAllocationIncluded/M:257/K:257/N:1_stddev        0.388 us        0.361 us           10 0.0618439/s
BM_MatmulReferenceAllocationIncluded/M:257/K:257/N:1_cv             1.40 %          1.31 %            10      1.30%
BM_MatmulReferenceAllocationIncluded/M:1/K:512/N:512                 222 us          222 us         6266  2.36037/s
BM_MatmulReferenceAllocationIncluded/M:1/K:512/N:512                 223 us          222 us         6266  2.35655/s
BM_MatmulReferenceAllocationIncluded/M:1/K:512/N:512                 220 us          220 us         6266  2.38226/s
BM_MatmulReferenceAllocationIncluded/M:1/K:512/N:512                 219 us          219 us         6266  2.39641/s
BM_MatmulReferenceAllocationIncluded/M:1/K:512/N:512                 220 us          220 us         6266  2.38703/s
BM_MatmulReferenceAllocationIncluded/M:1/K:512/N:512                 220 us          219 us         6266  2.38899/s
BM_MatmulReferenceAllocationIncluded/M:1/K:512/N:512                 218 us          218 us         6266  2.40398/s
BM_MatmulReferenceAllocationIncluded/M:1/K:512/N:512                 219 us          219 us         6266  2.39296/s
BM_MatmulReferenceAllocationIncluded/M:1/K:512/N:512                 219 us          219 us         6266   2.3905/s
BM_MatmulReferenceAllocationIncluded/M:1/K:512/N:512                 219 us          219 us         6266  2.39403/s
BM_MatmulReferenceAllocationIncluded/M:1/K:512/N:512_mean            220 us          220 us           10  2.38531/s
BM_MatmulReferenceAllocationIncluded/M:1/K:512/N:512_median          219 us          219 us           10  2.38974/s
BM_MatmulReferenceAllocationIncluded/M:1/K:512/N:512_stddev         1.58 us         1.42 us           10 0.0153032/s
BM_MatmulReferenceAllocationIncluded/M:1/K:512/N:512_cv             0.72 %          0.65 %            10      0.64%
BM_MatmulReferenceAllocationIncluded/M:512/K:512/N:1                 134 us          134 us        10589  3.90484/s
BM_MatmulReferenceAllocationIncluded/M:512/K:512/N:1                 135 us          135 us        10589  3.88883/s
BM_MatmulReferenceAllocationIncluded/M:512/K:512/N:1                 136 us          136 us        10589  3.85785/s
BM_MatmulReferenceAllocationIncluded/M:512/K:512/N:1                 134 us          133 us        10589  3.92798/s
BM_MatmulReferenceAllocationIncluded/M:512/K:512/N:1                 133 us          133 us        10589  3.93128/s
BM_MatmulReferenceAllocationIncluded/M:512/K:512/N:1                 135 us          135 us        10589  3.89388/s
BM_MatmulReferenceAllocationIncluded/M:512/K:512/N:1                 135 us          135 us        10589  3.88087/s
BM_MatmulReferenceAllocationIncluded/M:512/K:512/N:1                 136 us          135 us        10589  3.87074/s
BM_MatmulReferenceAllocationIncluded/M:512/K:512/N:1                 133 us          133 us        10589  3.93553/s
BM_MatmulReferenceAllocationIncluded/M:512/K:512/N:1                 132 us          132 us        10589  3.96523/s
BM_MatmulReferenceAllocationIncluded/M:512/K:512/N:1_mean            134 us          134 us           10   3.9057/s
BM_MatmulReferenceAllocationIncluded/M:512/K:512/N:1_median          135 us          134 us           10  3.89936/s
BM_MatmulReferenceAllocationIncluded/M:512/K:512/N:1_stddev         1.28 us         1.15 us           10 0.0335624/s
BM_MatmulReferenceAllocationIncluded/M:512/K:512/N:1_cv             0.95 %          0.86 %            10      0.86%
BM_MatmulReferenceAllocationIncluded/M:1/K:1024/N:1024               994 us          992 us         1414   2.1144/s
BM_MatmulReferenceAllocationIncluded/M:1/K:1024/N:1024               995 us          993 us         1414  2.11288/s
BM_MatmulReferenceAllocationIncluded/M:1/K:1024/N:1024               991 us          989 us         1414  2.12114/s
BM_MatmulReferenceAllocationIncluded/M:1/K:1024/N:1024               988 us          987 us         1414  2.12578/s
BM_MatmulReferenceAllocationIncluded/M:1/K:1024/N:1024               992 us          990 us         1414  2.11842/s
BM_MatmulReferenceAllocationIncluded/M:1/K:1024/N:1024               990 us          988 us         1414  2.12221/s
BM_MatmulReferenceAllocationIncluded/M:1/K:1024/N:1024               984 us          982 us         1414  2.13453/s
BM_MatmulReferenceAllocationIncluded/M:1/K:1024/N:1024               990 us          988 us         1414  2.12277/s
BM_MatmulReferenceAllocationIncluded/M:1/K:1024/N:1024               998 us          995 us         1414  2.10735/s
BM_MatmulReferenceAllocationIncluded/M:1/K:1024/N:1024              1031 us         1023 us         1414  2.05043/s
BM_MatmulReferenceAllocationIncluded/M:1/K:1024/N:1024_mean          995 us          993 us           10  2.11299/s
BM_MatmulReferenceAllocationIncluded/M:1/K:1024/N:1024_median        991 us          989 us           10  2.11978/s
BM_MatmulReferenceAllocationIncluded/M:1/K:1024/N:1024_stddev       13.2 us         11.2 us           10 0.0232171/s
BM_MatmulReferenceAllocationIncluded/M:1/K:1024/N:1024_cv           1.32 %          1.12 %            10      1.10%
BM_MatmulReferenceAllocationIncluded/M:1024/K:1024/N:1               638 us          637 us         2193  3.29475/s
BM_MatmulReferenceAllocationIncluded/M:1024/K:1024/N:1               642 us          640 us         2193   3.2743/s
BM_MatmulReferenceAllocationIncluded/M:1024/K:1024/N:1               630 us          630 us         2193  3.32951/s
BM_MatmulReferenceAllocationIncluded/M:1024/K:1024/N:1               633 us          632 us         2193  3.31731/s
BM_MatmulReferenceAllocationIncluded/M:1024/K:1024/N:1               638 us          636 us         2193  3.29626/s
BM_MatmulReferenceAllocationIncluded/M:1024/K:1024/N:1               634 us          634 us         2193  3.30955/s
BM_MatmulReferenceAllocationIncluded/M:1024/K:1024/N:1               627 us          627 us         2193  3.34597/s
BM_MatmulReferenceAllocationIncluded/M:1024/K:1024/N:1               625 us          625 us         2193  3.35526/s
BM_MatmulReferenceAllocationIncluded/M:1024/K:1024/N:1               629 us          628 us         2193  3.33922/s
BM_MatmulReferenceAllocationIncluded/M:1024/K:1024/N:1               658 us          653 us         2193  3.20983/s
BM_MatmulReferenceAllocationIncluded/M:1024/K:1024/N:1_mean          635 us          634 us           10   3.3072/s
BM_MatmulReferenceAllocationIncluded/M:1024/K:1024/N:1_median        634 us          633 us           10  3.31343/s
BM_MatmulReferenceAllocationIncluded/M:1024/K:1024/N:1_stddev       9.47 us         8.27 us           10 0.0425319/s
BM_MatmulReferenceAllocationIncluded/M:1024/K:1024/N:1_cv           1.49 %          1.30 %            10      1.29%
BM_MatmulReferenceAllocationIncluded/M:32/K:256/N:1                 3.35 us         3.35 us       420138  4.89764/s
BM_MatmulReferenceAllocationIncluded/M:32/K:256/N:1                 3.34 us         3.33 us       420138  4.91498/s
BM_MatmulReferenceAllocationIncluded/M:32/K:256/N:1                 3.35 us         3.35 us       420138  4.88892/s
BM_MatmulReferenceAllocationIncluded/M:32/K:256/N:1                 3.36 us         3.35 us       420138  4.88621/s
BM_MatmulReferenceAllocationIncluded/M:32/K:256/N:1                 3.40 us         3.39 us       420138  4.83105/s
BM_MatmulReferenceAllocationIncluded/M:32/K:256/N:1                 3.39 us         3.39 us       420138  4.83474/s
BM_MatmulReferenceAllocationIncluded/M:32/K:256/N:1                 3.38 us         3.37 us       420138  4.85848/s
BM_MatmulReferenceAllocationIncluded/M:32/K:256/N:1                 3.40 us         3.39 us       420138   4.8316/s
BM_MatmulReferenceAllocationIncluded/M:32/K:256/N:1                 3.40 us         3.39 us       420138  4.82669/s
BM_MatmulReferenceAllocationIncluded/M:32/K:256/N:1                 3.41 us         3.40 us       420138  4.81443/s
BM_MatmulReferenceAllocationIncluded/M:32/K:256/N:1_mean            3.38 us         3.37 us           10  4.85847/s
BM_MatmulReferenceAllocationIncluded/M:32/K:256/N:1_median          3.39 us         3.38 us           10  4.84661/s
BM_MatmulReferenceAllocationIncluded/M:32/K:256/N:1_stddev         0.026 us        0.025 us           10 0.0356067/s
BM_MatmulReferenceAllocationIncluded/M:32/K:256/N:1_cv              0.78 %          0.73 %            10      0.73%
BM_MatmulReferenceAllocationIncluded/M:32/K:256/N:4                 22.5 us         22.5 us        61770  2.91662/s
BM_MatmulReferenceAllocationIncluded/M:32/K:256/N:4                 22.3 us         22.3 us        61770  2.94014/s
BM_MatmulReferenceAllocationIncluded/M:32/K:256/N:4                 22.1 us         22.1 us        61770  2.96889/s
BM_MatmulReferenceAllocationIncluded/M:32/K:256/N:4                 22.2 us         22.2 us        61770  2.95316/s
BM_MatmulReferenceAllocationIncluded/M:32/K:256/N:4                 22.1 us         22.1 us        61770  2.96573/s
BM_MatmulReferenceAllocationIncluded/M:32/K:256/N:4                 22.1 us         22.0 us        61770  2.97357/s
BM_MatmulReferenceAllocationIncluded/M:32/K:256/N:4                 22.2 us         22.2 us        61770  2.95755/s
BM_MatmulReferenceAllocationIncluded/M:32/K:256/N:4                 22.3 us         22.3 us        61770  2.94136/s
BM_MatmulReferenceAllocationIncluded/M:32/K:256/N:4                 22.0 us         22.0 us        61770  2.97835/s
BM_MatmulReferenceAllocationIncluded/M:32/K:256/N:4                 22.1 us         22.1 us        61770  2.96971/s
BM_MatmulReferenceAllocationIncluded/M:32/K:256/N:4_mean            22.2 us         22.2 us           10  2.95651/s
BM_MatmulReferenceAllocationIncluded/M:32/K:256/N:4_median          22.2 us         22.1 us           10  2.96164/s
BM_MatmulReferenceAllocationIncluded/M:32/K:256/N:4_stddev         0.150 us        0.144 us           10 0.0190958/s
BM_MatmulReferenceAllocationIncluded/M:32/K:256/N:4_cv              0.68 %          0.65 %            10      0.65%
BM_MatmulReferenceAllocationIncluded/M:32/K:256/N:16                90.6 us         90.1 us        16055  2.90981/s
BM_MatmulReferenceAllocationIncluded/M:32/K:256/N:16                91.5 us         90.5 us        16055  2.89687/s
BM_MatmulReferenceAllocationIncluded/M:32/K:256/N:16                88.1 us         87.9 us        16055  2.98108/s
BM_MatmulReferenceAllocationIncluded/M:32/K:256/N:16                88.0 us         87.9 us        16055  2.98345/s
BM_MatmulReferenceAllocationIncluded/M:32/K:256/N:16                88.0 us         88.0 us        16055   2.9794/s
BM_MatmulReferenceAllocationIncluded/M:32/K:256/N:16                89.7 us         89.4 us        16055  2.93129/s
BM_MatmulReferenceAllocationIncluded/M:32/K:256/N:16                88.7 us         88.4 us        16055  2.96477/s
BM_MatmulReferenceAllocationIncluded/M:32/K:256/N:16                88.4 us         88.3 us        16055  2.96851/s
BM_MatmulReferenceAllocationIncluded/M:32/K:256/N:16                87.1 us         87.1 us        16055  3.01016/s
BM_MatmulReferenceAllocationIncluded/M:32/K:256/N:16                89.1 us         88.9 us        16055  2.94764/s
BM_MatmulReferenceAllocationIncluded/M:32/K:256/N:16_mean           88.9 us         88.7 us           10   2.9573/s
BM_MatmulReferenceAllocationIncluded/M:32/K:256/N:16_median         88.6 us         88.4 us           10  2.96664/s
BM_MatmulReferenceAllocationIncluded/M:32/K:256/N:16_stddev         1.33 us         1.07 us           10 0.0355748/s
BM_MatmulReferenceAllocationIncluded/M:32/K:256/N:16_cv             1.50 %          1.21 %            10      1.20%
BM_MatmulReferenceAllocationIncluded/M:32/K:256/N:17                95.4 us         95.1 us        14870  2.92828/s
BM_MatmulReferenceAllocationIncluded/M:32/K:256/N:17                96.4 us         95.7 us        14870  2.91142/s
BM_MatmulReferenceAllocationIncluded/M:32/K:256/N:17                93.2 us         93.1 us        14870  2.99287/s
BM_MatmulReferenceAllocationIncluded/M:32/K:256/N:17                97.2 us         96.7 us        14870  2.88156/s
BM_MatmulReferenceAllocationIncluded/M:32/K:256/N:17                97.8 us         97.5 us        14870  2.85793/s
BM_MatmulReferenceAllocationIncluded/M:32/K:256/N:17                93.5 us         93.4 us        14870  2.98309/s
BM_MatmulReferenceAllocationIncluded/M:32/K:256/N:17                98.7 us         96.8 us        14870  2.87777/s
BM_MatmulReferenceAllocationIncluded/M:32/K:256/N:17                97.7 us         97.0 us        14870  2.87234/s
BM_MatmulReferenceAllocationIncluded/M:32/K:256/N:17                94.7 us         94.4 us        14870  2.94921/s
BM_MatmulReferenceAllocationIncluded/M:32/K:256/N:17                95.9 us         95.3 us        14870  2.92113/s
BM_MatmulReferenceAllocationIncluded/M:32/K:256/N:17_mean           96.0 us         95.5 us           10  2.91756/s
BM_MatmulReferenceAllocationIncluded/M:32/K:256/N:17_median         96.2 us         95.5 us           10  2.91628/s
BM_MatmulReferenceAllocationIncluded/M:32/K:256/N:17_stddev         1.86 us         1.52 us           10 0.046681/s
BM_MatmulReferenceAllocationIncluded/M:32/K:256/N:17_cv             1.93 %          1.59 %            10      1.60%
BM_MatmulReferenceAllocationIncluded/M:32/K:256/N:64                 350 us          350 us         3966   2.9981/s
BM_MatmulReferenceAllocationIncluded/M:32/K:256/N:64                 352 us          352 us         3966  2.98301/s
BM_MatmulReferenceAllocationIncluded/M:32/K:256/N:64                 356 us          355 us         3966  2.95264/s
BM_MatmulReferenceAllocationIncluded/M:32/K:256/N:64                 357 us          356 us         3966  2.94643/s
BM_MatmulReferenceAllocationIncluded/M:32/K:256/N:64                 411 us          382 us         3966  2.74558/s
BM_MatmulReferenceAllocationIncluded/M:32/K:256/N:64                 400 us          376 us         3966  2.79065/s
BM_MatmulReferenceAllocationIncluded/M:32/K:256/N:64                 362 us          361 us         3966  2.90106/s
BM_MatmulReferenceAllocationIncluded/M:32/K:256/N:64                 358 us          357 us         3966  2.93398/s
BM_MatmulReferenceAllocationIncluded/M:32/K:256/N:64                 362 us          361 us         3966  2.90848/s
BM_MatmulReferenceAllocationIncluded/M:32/K:256/N:64                 358 us          357 us         3966  2.93632/s
BM_MatmulReferenceAllocationIncluded/M:32/K:256/N:64_mean            367 us          361 us           10  2.90962/s
BM_MatmulReferenceAllocationIncluded/M:32/K:256/N:64_median          358 us          357 us           10  2.93515/s
BM_MatmulReferenceAllocationIncluded/M:32/K:256/N:64_stddev         21.0 us         10.3 us           10 0.0808739/s
BM_MatmulReferenceAllocationIncluded/M:32/K:256/N:64_cv             5.73 %          2.86 %            10      2.78%
BM_MatmulReferenceAllocationIncluded/M:32/K:256/N:255               1428 us         1425 us          972  2.93178/s
BM_MatmulReferenceAllocationIncluded/M:32/K:256/N:255               1424 us         1423 us          972  2.93658/s
BM_MatmulReferenceAllocationIncluded/M:32/K:256/N:255               1431 us         1428 us          972  2.92485/s
BM_MatmulReferenceAllocationIncluded/M:32/K:256/N:255               1412 us         1411 us          972  2.96144/s
BM_MatmulReferenceAllocationIncluded/M:32/K:256/N:255               1415 us         1414 us          972  2.95534/s
BM_MatmulReferenceAllocationIncluded/M:32/K:256/N:255               1422 us         1420 us          972  2.94175/s
BM_MatmulReferenceAllocationIncluded/M:32/K:256/N:255               1448 us         1443 us          972  2.89571/s
BM_MatmulReferenceAllocationIncluded/M:32/K:256/N:255               1459 us         1454 us          972  2.87395/s
BM_MatmulReferenceAllocationIncluded/M:32/K:256/N:255               1477 us         1465 us          972  2.85156/s
BM_MatmulReferenceAllocationIncluded/M:32/K:256/N:255               1452 us         1448 us          972  2.88512/s
BM_MatmulReferenceAllocationIncluded/M:32/K:256/N:255_mean          1437 us         1433 us           10  2.91581/s
BM_MatmulReferenceAllocationIncluded/M:32/K:256/N:255_median        1429 us         1427 us           10  2.92832/s
BM_MatmulReferenceAllocationIncluded/M:32/K:256/N:255_stddev        21.1 us         18.3 us           10 0.036988/s
BM_MatmulReferenceAllocationIncluded/M:32/K:256/N:255_cv            1.47 %          1.28 %            10      1.27%
BM_MatmulReferenceAllocationIncluded/M:32/K:256/N:256               1497 us         1496 us          924  2.80401/s
BM_MatmulReferenceAllocationIncluded/M:32/K:256/N:256               1508 us         1505 us          924  2.78635/s
BM_MatmulReferenceAllocationIncluded/M:32/K:256/N:256               1488 us         1487 us          924  2.82027/s
BM_MatmulReferenceAllocationIncluded/M:32/K:256/N:256               1540 us         1532 us          924  2.73816/s
BM_MatmulReferenceAllocationIncluded/M:32/K:256/N:256               1538 us         1533 us          924   2.7367/s
BM_MatmulReferenceAllocationIncluded/M:32/K:256/N:256               1525 us         1520 us          924   2.7595/s
BM_MatmulReferenceAllocationIncluded/M:32/K:256/N:256               1501 us         1499 us          924  2.79814/s
BM_MatmulReferenceAllocationIncluded/M:32/K:256/N:256               1498 us         1496 us          924  2.80302/s
BM_MatmulReferenceAllocationIncluded/M:32/K:256/N:256               1499 us         1497 us          924  2.80213/s
BM_MatmulReferenceAllocationIncluded/M:32/K:256/N:256               1505 us         1503 us          924  2.79153/s
BM_MatmulReferenceAllocationIncluded/M:32/K:256/N:256_mean          1510 us         1507 us           10  2.78398/s
BM_MatmulReferenceAllocationIncluded/M:32/K:256/N:256_median        1503 us         1501 us           10  2.79483/s
BM_MatmulReferenceAllocationIncluded/M:32/K:256/N:256_stddev        18.0 us         15.8 us           10 0.0290754/s
BM_MatmulReferenceAllocationIncluded/M:32/K:256/N:256_cv            1.19 %          1.05 %            10      1.04%
BM_MatmulReferenceAllocationIncluded/M:32/K:256/N:257               1467 us         1464 us          961  2.87576/s
BM_MatmulReferenceAllocationIncluded/M:32/K:256/N:257               1462 us         1458 us          961  2.88857/s
BM_MatmulReferenceAllocationIncluded/M:32/K:256/N:257               1473 us         1469 us          961  2.86618/s
BM_MatmulReferenceAllocationIncluded/M:32/K:256/N:257               1498 us         1491 us          961  2.82489/s
BM_MatmulReferenceAllocationIncluded/M:32/K:256/N:257               1464 us         1461 us          961  2.88244/s
BM_MatmulReferenceAllocationIncluded/M:32/K:256/N:257               1476 us         1472 us          961  2.86112/s
BM_MatmulReferenceAllocationIncluded/M:32/K:256/N:257               1453 us         1450 us          961  2.90304/s
BM_MatmulReferenceAllocationIncluded/M:32/K:256/N:257               1444 us         1443 us          961  2.91879/s
BM_MatmulReferenceAllocationIncluded/M:32/K:256/N:257               1469 us         1465 us          961  2.87347/s
BM_MatmulReferenceAllocationIncluded/M:32/K:256/N:257               1574 us         1540 us          961  2.73486/s
BM_MatmulReferenceAllocationIncluded/M:32/K:256/N:257_mean          1478 us         1471 us           10  2.86291/s
BM_MatmulReferenceAllocationIncluded/M:32/K:256/N:257_median        1468 us         1465 us           10  2.87461/s
BM_MatmulReferenceAllocationIncluded/M:32/K:256/N:257_stddev        36.6 us         27.3 us           10  0.05154/s
BM_MatmulReferenceAllocationIncluded/M:32/K:256/N:257_cv            2.47 %          1.85 %            10      1.80%
BM_MatmulReferenceAllocationIncluded/M:32/K:256/N:512               3089 us         3080 us          458  2.72367/s
BM_MatmulReferenceAllocationIncluded/M:32/K:256/N:512               3061 us         3059 us          458  2.74187/s
BM_MatmulReferenceAllocationIncluded/M:32/K:256/N:512               3073 us         3068 us          458  2.73423/s
BM_MatmulReferenceAllocationIncluded/M:32/K:256/N:512               3242 us         3195 us          458  2.62595/s
BM_MatmulReferenceAllocationIncluded/M:32/K:256/N:512               3081 us         3079 us          458  2.72489/s
BM_MatmulReferenceAllocationIncluded/M:32/K:256/N:512               3117 us         3108 us          458  2.69925/s
BM_MatmulReferenceAllocationIncluded/M:32/K:256/N:512               3086 us         3081 us          458  2.72232/s
BM_MatmulReferenceAllocationIncluded/M:32/K:256/N:512               3114 us         3106 us          458  2.70115/s
BM_MatmulReferenceAllocationIncluded/M:32/K:256/N:512               3070 us         3066 us          458  2.73617/s
BM_MatmulReferenceAllocationIncluded/M:32/K:256/N:512               3070 us         3066 us          458  2.73618/s
BM_MatmulReferenceAllocationIncluded/M:32/K:256/N:512_mean          3100 us         3091 us           10  2.71457/s
BM_MatmulReferenceAllocationIncluded/M:32/K:256/N:512_median        3083 us         3079 us           10  2.72428/s
BM_MatmulReferenceAllocationIncluded/M:32/K:256/N:512_stddev        53.0 us         40.0 us           10 0.0342913/s
BM_MatmulReferenceAllocationIncluded/M:32/K:256/N:512_cv            1.71 %          1.29 %            10      1.26%
BM_MatmulReferenceAllocationIncluded/M:32/K:256/N:1024              7216 us         7199 us          197  2.33059/s
BM_MatmulReferenceAllocationIncluded/M:32/K:256/N:1024              7114 us         7108 us          197  2.36031/s
BM_MatmulReferenceAllocationIncluded/M:32/K:256/N:1024              7096 us         7092 us          197  2.36575/s
BM_MatmulReferenceAllocationIncluded/M:32/K:256/N:1024              7272 us         7256 us          197  2.31223/s
BM_MatmulReferenceAllocationIncluded/M:32/K:256/N:1024              7146 us         7140 us          197  2.34986/s
BM_MatmulReferenceAllocationIncluded/M:32/K:256/N:1024              7195 us         7183 us          197  2.33553/s
BM_MatmulReferenceAllocationIncluded/M:32/K:256/N:1024              7289 us         7282 us          197  2.30386/s
BM_MatmulReferenceAllocationIncluded/M:32/K:256/N:1024              7235 us         7228 us          197  2.32128/s
BM_MatmulReferenceAllocationIncluded/M:32/K:256/N:1024              7109 us         7104 us          197  2.36181/s
BM_MatmulReferenceAllocationIncluded/M:32/K:256/N:1024              7135 us         7128 us          197  2.35373/s
BM_MatmulReferenceAllocationIncluded/M:32/K:256/N:1024_mean         7181 us         7172 us           10   2.3395/s
BM_MatmulReferenceAllocationIncluded/M:32/K:256/N:1024_median       7170 us         7162 us           10   2.3427/s
BM_MatmulReferenceAllocationIncluded/M:32/K:256/N:1024_stddev       70.4 us         67.8 us           10 0.0220368/s
BM_MatmulReferenceAllocationIncluded/M:32/K:256/N:1024_cv           0.98 %          0.94 %            10      0.94%
