Unable to determine clock rate from sysctl: hw.cpufrequency: No such file or directory
This does not affect benchmark measurements, only the metadata output.
***WARNING*** Failed to set thread affinity. Estimated CPU frequency may be incorrect.
2026-09-22T10:58:24-07:00
Running /Users/aryamaandash/GitHub/cpu_optimized_inference_engine/build/benchmark-release/matmul_bench
Run on (11 X 24 MHz CPU s)
CPU Caches:
  L1 Data 64 KiB
  L1 Instruction 128 KiB
  L2 Unified 4096 KiB (x11)
Load Average: 4.73, 4.21, 4.26
-------------------------------------------------------------------------------------------------------------
Benchmark                                                        Time             CPU   Iterations     GFLOPS
-------------------------------------------------------------------------------------------------------------
BM_MatmulIkjAllocationIncluded/M:1/K:256/N:256                4.80 us         4.80 us       291009  27.3062/s
BM_MatmulIkjAllocationIncluded/M:1/K:256/N:256                4.82 us         4.82 us       291009   27.202/s
BM_MatmulIkjAllocationIncluded/M:1/K:256/N:256                4.85 us         4.84 us       291009  27.0814/s
BM_MatmulIkjAllocationIncluded/M:1/K:256/N:256                4.87 us         4.86 us       291009  26.9706/s
BM_MatmulIkjAllocationIncluded/M:1/K:256/N:256                4.84 us         4.83 us       291009  27.1212/s
BM_MatmulIkjAllocationIncluded/M:1/K:256/N:256                4.85 us         4.85 us       291009  27.0468/s
BM_MatmulIkjAllocationIncluded/M:1/K:256/N:256                4.88 us         4.87 us       291009  26.9208/s
BM_MatmulIkjAllocationIncluded/M:1/K:256/N:256                4.82 us         4.82 us       291009  27.2093/s
BM_MatmulIkjAllocationIncluded/M:1/K:256/N:256                4.84 us         4.83 us       291009    27.11/s
BM_MatmulIkjAllocationIncluded/M:1/K:256/N:256                5.10 us         5.06 us       291009  25.9251/s
BM_MatmulIkjAllocationIncluded/M:1/K:256/N:256_mean           4.87 us         4.86 us           10  26.9893/s
BM_MatmulIkjAllocationIncluded/M:1/K:256/N:256_median         4.84 us         4.84 us           10  27.0957/s
BM_MatmulIkjAllocationIncluded/M:1/K:256/N:256_stddev        0.084 us        0.073 us           10 0.390929/s
BM_MatmulIkjAllocationIncluded/M:1/K:256/N:256_cv             1.73 %          1.50 %            10      1.45%
BM_MatmulIkjAllocationIncluded/M:256/K:256/N:1                 187 us          187 us         7467 0.701717/s
BM_MatmulIkjAllocationIncluded/M:256/K:256/N:1                 190 us          190 us         7467 0.689913/s
BM_MatmulIkjAllocationIncluded/M:256/K:256/N:1                 186 us          186 us         7467 0.705143/s
BM_MatmulIkjAllocationIncluded/M:256/K:256/N:1                 191 us          191 us         7467 0.687663/s
BM_MatmulIkjAllocationIncluded/M:256/K:256/N:1                 190 us          190 us         7467  0.69115/s
BM_MatmulIkjAllocationIncluded/M:256/K:256/N:1                 187 us          187 us         7467 0.700132/s
BM_MatmulIkjAllocationIncluded/M:256/K:256/N:1                 185 us          185 us         7467 0.708465/s
BM_MatmulIkjAllocationIncluded/M:256/K:256/N:1                 191 us          191 us         7467 0.685061/s
BM_MatmulIkjAllocationIncluded/M:256/K:256/N:1                 190 us          190 us         7467 0.688809/s
BM_MatmulIkjAllocationIncluded/M:256/K:256/N:1                 191 us          191 us         7467 0.687742/s
BM_MatmulIkjAllocationIncluded/M:256/K:256/N:1_mean            189 us          189 us           10  0.69458/s
BM_MatmulIkjAllocationIncluded/M:256/K:256/N:1_median          190 us          190 us           10 0.690532/s
BM_MatmulIkjAllocationIncluded/M:256/K:256/N:1_stddev         2.20 us         2.28 us           10 8.42092m/s
BM_MatmulIkjAllocationIncluded/M:256/K:256/N:1_cv             1.16 %          1.21 %            10      1.21%
BM_MatmulIkjAllocationIncluded/M:1/K:64/N:64                 0.517 us        0.516 us      2718251  15.8641/s
BM_MatmulIkjAllocationIncluded/M:1/K:64/N:64                 0.516 us        0.516 us      2718251  15.8901/s
BM_MatmulIkjAllocationIncluded/M:1/K:64/N:64                 0.516 us        0.515 us      2718251   15.898/s
BM_MatmulIkjAllocationIncluded/M:1/K:64/N:64                 0.517 us        0.517 us      2718251  15.8514/s
BM_MatmulIkjAllocationIncluded/M:1/K:64/N:64                 0.528 us        0.526 us      2718251  15.5648/s
BM_MatmulIkjAllocationIncluded/M:1/K:64/N:64                 0.515 us        0.515 us      2718251  15.9018/s
BM_MatmulIkjAllocationIncluded/M:1/K:64/N:64                 0.518 us        0.517 us      2718251  15.8346/s
BM_MatmulIkjAllocationIncluded/M:1/K:64/N:64                 0.516 us        0.515 us      2718251  15.9004/s
BM_MatmulIkjAllocationIncluded/M:1/K:64/N:64                 0.515 us        0.515 us      2718251   15.915/s
BM_MatmulIkjAllocationIncluded/M:1/K:64/N:64                 0.516 us        0.515 us      2718251  15.8924/s
BM_MatmulIkjAllocationIncluded/M:1/K:64/N:64_mean            0.517 us        0.517 us           10  15.8513/s
BM_MatmulIkjAllocationIncluded/M:1/K:64/N:64_median          0.516 us        0.516 us           10  15.8912/s
BM_MatmulIkjAllocationIncluded/M:1/K:64/N:64_stddev          0.004 us        0.003 us           10 0.103769/s
BM_MatmulIkjAllocationIncluded/M:1/K:64/N:64_cv               0.73 %          0.66 %            10      0.65%
BM_MatmulIkjAllocationIncluded/M:64/K:64/N:1                  6.82 us         6.81 us       203930  1.20267/s
BM_MatmulIkjAllocationIncluded/M:64/K:64/N:1                  6.45 us         6.45 us       203930  1.27096/s
BM_MatmulIkjAllocationIncluded/M:64/K:64/N:1                  6.98 us         6.98 us       203930  1.17408/s
BM_MatmulIkjAllocationIncluded/M:64/K:64/N:1                  6.89 us         6.88 us       203930  1.19013/s
BM_MatmulIkjAllocationIncluded/M:64/K:64/N:1                  6.40 us         6.40 us       203930  1.28024/s
BM_MatmulIkjAllocationIncluded/M:64/K:64/N:1                  7.11 us         7.10 us       203930  1.15345/s
BM_MatmulIkjAllocationIncluded/M:64/K:64/N:1                  7.46 us         7.46 us       203930  1.09873/s
BM_MatmulIkjAllocationIncluded/M:64/K:64/N:1                  7.22 us         7.21 us       203930  1.13552/s
BM_MatmulIkjAllocationIncluded/M:64/K:64/N:1                  7.12 us         7.12 us       203930  1.15128/s
BM_MatmulIkjAllocationIncluded/M:64/K:64/N:1                  7.05 us         7.04 us       203930  1.16325/s
BM_MatmulIkjAllocationIncluded/M:64/K:64/N:1_mean             6.95 us         6.94 us           10  1.18203/s
BM_MatmulIkjAllocationIncluded/M:64/K:64/N:1_median           7.01 us         7.01 us           10  1.16867/s
BM_MatmulIkjAllocationIncluded/M:64/K:64/N:1_stddev          0.328 us        0.328 us           10 0.0570809/s
BM_MatmulIkjAllocationIncluded/M:64/K:64/N:1_cv               4.72 %          4.72 %            10      4.83%
BM_MatmulIkjAllocationIncluded/M:1/K:128/N:128                1.41 us         1.41 us       987877  23.2931/s
BM_MatmulIkjAllocationIncluded/M:1/K:128/N:128                1.41 us         1.41 us       987877  23.3035/s
BM_MatmulIkjAllocationIncluded/M:1/K:128/N:128                1.41 us         1.41 us       987877  23.2744/s
BM_MatmulIkjAllocationIncluded/M:1/K:128/N:128                1.41 us         1.41 us       987877  23.3018/s
BM_MatmulIkjAllocationIncluded/M:1/K:128/N:128                1.41 us         1.41 us       987877  23.2823/s
BM_MatmulIkjAllocationIncluded/M:1/K:128/N:128                1.41 us         1.41 us       987877   23.287/s
BM_MatmulIkjAllocationIncluded/M:1/K:128/N:128                1.41 us         1.41 us       987877  23.2953/s
BM_MatmulIkjAllocationIncluded/M:1/K:128/N:128                1.41 us         1.41 us       987877   23.318/s
BM_MatmulIkjAllocationIncluded/M:1/K:128/N:128                1.41 us         1.41 us       987877  23.2773/s
BM_MatmulIkjAllocationIncluded/M:1/K:128/N:128                1.41 us         1.41 us       987877  23.3148/s
BM_MatmulIkjAllocationIncluded/M:1/K:128/N:128_mean           1.41 us         1.41 us           10  23.2947/s
BM_MatmulIkjAllocationIncluded/M:1/K:128/N:128_median         1.41 us         1.41 us           10  23.2942/s
BM_MatmulIkjAllocationIncluded/M:1/K:128/N:128_stddev        0.001 us        0.001 us           10 0.0149331/s
BM_MatmulIkjAllocationIncluded/M:1/K:128/N:128_cv             0.07 %          0.06 %            10      0.06%
BM_MatmulIkjAllocationIncluded/M:128/K:128/N:1                46.4 us         46.3 us        30077 0.707281/s
BM_MatmulIkjAllocationIncluded/M:128/K:128/N:1                46.1 us         46.0 us        30077 0.711881/s
BM_MatmulIkjAllocationIncluded/M:128/K:128/N:1                46.2 us         46.2 us        30077 0.709487/s
BM_MatmulIkjAllocationIncluded/M:128/K:128/N:1                46.5 us         46.4 us        30077 0.705893/s
BM_MatmulIkjAllocationIncluded/M:128/K:128/N:1                46.1 us         46.1 us        30077 0.710983/s
BM_MatmulIkjAllocationIncluded/M:128/K:128/N:1                46.5 us         46.4 us        30077 0.705451/s
BM_MatmulIkjAllocationIncluded/M:128/K:128/N:1                46.5 us         46.5 us        30077 0.704427/s
BM_MatmulIkjAllocationIncluded/M:128/K:128/N:1                46.6 us         46.6 us        30077 0.703373/s
BM_MatmulIkjAllocationIncluded/M:128/K:128/N:1                46.6 us         46.5 us        30077 0.703984/s
BM_MatmulIkjAllocationIncluded/M:128/K:128/N:1                47.3 us         47.0 us        30077 0.697514/s
BM_MatmulIkjAllocationIncluded/M:128/K:128/N:1_mean           46.5 us         46.4 us           10 0.706028/s
BM_MatmulIkjAllocationIncluded/M:128/K:128/N:1_median         46.5 us         46.4 us           10 0.705672/s
BM_MatmulIkjAllocationIncluded/M:128/K:128/N:1_stddev        0.343 us        0.277 us           10 4.20294m/s
BM_MatmulIkjAllocationIncluded/M:128/K:128/N:1_cv             0.74 %          0.60 %            10      0.60%
BM_MatmulIkjAllocationIncluded/M:1/K:255/N:255                5.00 us         5.00 us       280203   26.032/s
BM_MatmulIkjAllocationIncluded/M:1/K:255/N:255                5.00 us         5.00 us       280203  26.0047/s
BM_MatmulIkjAllocationIncluded/M:1/K:255/N:255                5.01 us         5.01 us       280203  25.9837/s
BM_MatmulIkjAllocationIncluded/M:1/K:255/N:255                5.00 us         5.00 us       280203  26.0278/s
BM_MatmulIkjAllocationIncluded/M:1/K:255/N:255                5.01 us         5.01 us       280203  25.9688/s
BM_MatmulIkjAllocationIncluded/M:1/K:255/N:255                5.03 us         5.02 us       280203  25.8892/s
BM_MatmulIkjAllocationIncluded/M:1/K:255/N:255                5.03 us         5.02 us       280203   25.894/s
BM_MatmulIkjAllocationIncluded/M:1/K:255/N:255                5.00 us         5.00 us       280203  26.0316/s
BM_MatmulIkjAllocationIncluded/M:1/K:255/N:255                5.01 us         5.01 us       280203  25.9579/s
BM_MatmulIkjAllocationIncluded/M:1/K:255/N:255                5.03 us         5.02 us       280203  25.8903/s
BM_MatmulIkjAllocationIncluded/M:1/K:255/N:255_mean           5.01 us         5.01 us           10   25.968/s
BM_MatmulIkjAllocationIncluded/M:1/K:255/N:255_median         5.01 us         5.01 us           10  25.9762/s
BM_MatmulIkjAllocationIncluded/M:1/K:255/N:255_stddev        0.012 us        0.011 us           10 0.058819/s
BM_MatmulIkjAllocationIncluded/M:1/K:255/N:255_cv             0.25 %          0.23 %            10      0.23%
BM_MatmulIkjAllocationIncluded/M:255/K:255/N:1                 167 us          167 us         8445 0.778303/s
BM_MatmulIkjAllocationIncluded/M:255/K:255/N:1                 173 us          173 us         8445 0.753854/s
BM_MatmulIkjAllocationIncluded/M:255/K:255/N:1                 175 us          175 us         8445  0.74256/s
BM_MatmulIkjAllocationIncluded/M:255/K:255/N:1                 164 us          164 us         8445  0.79491/s
BM_MatmulIkjAllocationIncluded/M:255/K:255/N:1                 171 us          171 us         8445 0.761857/s
BM_MatmulIkjAllocationIncluded/M:255/K:255/N:1                 169 us          169 us         8445 0.770368/s
BM_MatmulIkjAllocationIncluded/M:255/K:255/N:1                 178 us          178 us         8445 0.732601/s
BM_MatmulIkjAllocationIncluded/M:255/K:255/N:1                 161 us          160 us         8445 0.811289/s
BM_MatmulIkjAllocationIncluded/M:255/K:255/N:1                 172 us          172 us         8445 0.757002/s
BM_MatmulIkjAllocationIncluded/M:255/K:255/N:1                 176 us          176 us         8445  0.73749/s
BM_MatmulIkjAllocationIncluded/M:255/K:255/N:1_mean            171 us          170 us           10 0.764023/s
BM_MatmulIkjAllocationIncluded/M:255/K:255/N:1_median          171 us          171 us           10 0.759429/s
BM_MatmulIkjAllocationIncluded/M:255/K:255/N:1_stddev         5.59 us         5.54 us           10 0.0252579/s
BM_MatmulIkjAllocationIncluded/M:255/K:255/N:1_cv             3.28 %          3.25 %            10      3.31%
BM_MatmulIkjAllocationIncluded/M:1/K:257/N:257                4.95 us         4.95 us       284157  26.7003/s
BM_MatmulIkjAllocationIncluded/M:1/K:257/N:257                4.98 us         4.97 us       284157  26.5814/s
BM_MatmulIkjAllocationIncluded/M:1/K:257/N:257                4.97 us         4.97 us       284157  26.5964/s
BM_MatmulIkjAllocationIncluded/M:1/K:257/N:257                4.95 us         4.95 us       284157  26.7017/s
BM_MatmulIkjAllocationIncluded/M:1/K:257/N:257                5.01 us         5.00 us       284157  26.4344/s
BM_MatmulIkjAllocationIncluded/M:1/K:257/N:257                4.98 us         4.97 us       284157  26.5704/s
BM_MatmulIkjAllocationIncluded/M:1/K:257/N:257                4.93 us         4.93 us       284157   26.805/s
BM_MatmulIkjAllocationIncluded/M:1/K:257/N:257                4.98 us         4.97 us       284157  26.5723/s
BM_MatmulIkjAllocationIncluded/M:1/K:257/N:257                4.98 us         4.97 us       284157  26.5671/s
BM_MatmulIkjAllocationIncluded/M:1/K:257/N:257                4.94 us         4.93 us       284157  26.7762/s
BM_MatmulIkjAllocationIncluded/M:1/K:257/N:257_mean           4.97 us         4.96 us           10  26.6305/s
BM_MatmulIkjAllocationIncluded/M:1/K:257/N:257_median         4.97 us         4.97 us           10  26.5889/s
BM_MatmulIkjAllocationIncluded/M:1/K:257/N:257_stddev        0.023 us        0.021 us           10 0.112876/s
BM_MatmulIkjAllocationIncluded/M:1/K:257/N:257_cv             0.46 %          0.42 %            10      0.42%
BM_MatmulIkjAllocationIncluded/M:257/K:257/N:1                 198 us          198 us         7223 0.666558/s
BM_MatmulIkjAllocationIncluded/M:257/K:257/N:1                 197 us          196 us         7223 0.672451/s
BM_MatmulIkjAllocationIncluded/M:257/K:257/N:1                 199 us          199 us         7223 0.664947/s
BM_MatmulIkjAllocationIncluded/M:257/K:257/N:1                 197 us          197 us         7223 0.670739/s
BM_MatmulIkjAllocationIncluded/M:257/K:257/N:1                 198 us          197 us         7223 0.668938/s
BM_MatmulIkjAllocationIncluded/M:257/K:257/N:1                 197 us          197 us         7223 0.669963/s
BM_MatmulIkjAllocationIncluded/M:257/K:257/N:1                 198 us          198 us         7223 0.666986/s
BM_MatmulIkjAllocationIncluded/M:257/K:257/N:1                 198 us          198 us         7223 0.668577/s
BM_MatmulIkjAllocationIncluded/M:257/K:257/N:1                 198 us          198 us         7223 0.667156/s
BM_MatmulIkjAllocationIncluded/M:257/K:257/N:1                 197 us          197 us         7223 0.669952/s
BM_MatmulIkjAllocationIncluded/M:257/K:257/N:1_mean            198 us          198 us           10 0.668627/s
BM_MatmulIkjAllocationIncluded/M:257/K:257/N:1_median          198 us          198 us           10 0.668758/s
BM_MatmulIkjAllocationIncluded/M:257/K:257/N:1_stddev        0.640 us        0.664 us           10  2.2461m/s
BM_MatmulIkjAllocationIncluded/M:257/K:257/N:1_cv             0.32 %          0.34 %            10      0.34%
BM_MatmulIkjAllocationIncluded/M:1/K:512/N:512                18.7 us         18.7 us        74864   28.088/s
BM_MatmulIkjAllocationIncluded/M:1/K:512/N:512                18.7 us         18.7 us        74864  28.0725/s
BM_MatmulIkjAllocationIncluded/M:1/K:512/N:512                18.8 us         18.7 us        74864  27.9739/s
BM_MatmulIkjAllocationIncluded/M:1/K:512/N:512                18.7 us         18.6 us        74864  28.1132/s
BM_MatmulIkjAllocationIncluded/M:1/K:512/N:512                19.4 us         19.2 us        74864   27.315/s
BM_MatmulIkjAllocationIncluded/M:1/K:512/N:512                18.8 us         18.8 us        74864  27.8886/s
BM_MatmulIkjAllocationIncluded/M:1/K:512/N:512                18.7 us         18.7 us        74864  28.0398/s
BM_MatmulIkjAllocationIncluded/M:1/K:512/N:512                18.7 us         18.7 us        74864  28.0796/s
BM_MatmulIkjAllocationIncluded/M:1/K:512/N:512                18.7 us         18.7 us        74864  28.1026/s
BM_MatmulIkjAllocationIncluded/M:1/K:512/N:512                18.6 us         18.6 us        74864  28.1253/s
BM_MatmulIkjAllocationIncluded/M:1/K:512/N:512_mean           18.8 us         18.7 us           10  27.9798/s
BM_MatmulIkjAllocationIncluded/M:1/K:512/N:512_median         18.7 us         18.7 us           10   28.076/s
BM_MatmulIkjAllocationIncluded/M:1/K:512/N:512_stddev        0.221 us        0.167 us           10 0.244535/s
BM_MatmulIkjAllocationIncluded/M:1/K:512/N:512_cv             1.18 %          0.89 %            10      0.87%
BM_MatmulIkjAllocationIncluded/M:512/K:512/N:1                 720 us          720 us         2041 0.728427/s
BM_MatmulIkjAllocationIncluded/M:512/K:512/N:1                 722 us          722 us         2041 0.726333/s
BM_MatmulIkjAllocationIncluded/M:512/K:512/N:1                 737 us          737 us         2041  0.71133/s
BM_MatmulIkjAllocationIncluded/M:512/K:512/N:1                 748 us          747 us         2041  0.70165/s
BM_MatmulIkjAllocationIncluded/M:512/K:512/N:1                 735 us          732 us         2041  0.71641/s
BM_MatmulIkjAllocationIncluded/M:512/K:512/N:1                 745 us          744 us         2041 0.705094/s
BM_MatmulIkjAllocationIncluded/M:512/K:512/N:1                 729 us          729 us         2041 0.719655/s
BM_MatmulIkjAllocationIncluded/M:512/K:512/N:1                 729 us          728 us         2041 0.719778/s
BM_MatmulIkjAllocationIncluded/M:512/K:512/N:1                 739 us          739 us         2041 0.709766/s
BM_MatmulIkjAllocationIncluded/M:512/K:512/N:1                 716 us          715 us         2041 0.733049/s
BM_MatmulIkjAllocationIncluded/M:512/K:512/N:1_mean            732 us          731 us           10 0.717149/s
BM_MatmulIkjAllocationIncluded/M:512/K:512/N:1_median          732 us          730 us           10 0.718032/s
BM_MatmulIkjAllocationIncluded/M:512/K:512/N:1_stddev         10.6 us         10.5 us           10 0.0102849/s
BM_MatmulIkjAllocationIncluded/M:512/K:512/N:1_cv             1.45 %          1.43 %            10      1.43%
BM_MatmulIkjAllocationIncluded/M:1/K:1024/N:1024              72.0 us         72.0 us        19434  29.1253/s
BM_MatmulIkjAllocationIncluded/M:1/K:1024/N:1024              72.7 us         72.6 us        19434  28.8793/s
BM_MatmulIkjAllocationIncluded/M:1/K:1024/N:1024              73.0 us         72.9 us        19434  28.7726/s
BM_MatmulIkjAllocationIncluded/M:1/K:1024/N:1024              73.2 us         73.1 us        19434  28.7021/s
BM_MatmulIkjAllocationIncluded/M:1/K:1024/N:1024              72.8 us         72.7 us        19434  28.8618/s
BM_MatmulIkjAllocationIncluded/M:1/K:1024/N:1024              72.5 us         72.4 us        19434  28.9731/s
BM_MatmulIkjAllocationIncluded/M:1/K:1024/N:1024              72.0 us         72.0 us        19434  29.1285/s
BM_MatmulIkjAllocationIncluded/M:1/K:1024/N:1024              72.0 us         72.0 us        19434  29.1381/s
BM_MatmulIkjAllocationIncluded/M:1/K:1024/N:1024              72.2 us         72.2 us        19434  29.0625/s
BM_MatmulIkjAllocationIncluded/M:1/K:1024/N:1024              72.1 us         72.0 us        19434  29.1256/s
BM_MatmulIkjAllocationIncluded/M:1/K:1024/N:1024_mean         72.5 us         72.4 us           10  28.9769/s
BM_MatmulIkjAllocationIncluded/M:1/K:1024/N:1024_median       72.3 us         72.3 us           10  29.0178/s
BM_MatmulIkjAllocationIncluded/M:1/K:1024/N:1024_stddev      0.453 us        0.409 us           10 0.163451/s
BM_MatmulIkjAllocationIncluded/M:1/K:1024/N:1024_cv           0.63 %          0.57 %            10      0.56%
BM_MatmulIkjAllocationIncluded/M:1024/K:1024/N:1              3049 us         3047 us          480 0.688214/s
BM_MatmulIkjAllocationIncluded/M:1024/K:1024/N:1              2933 us         2931 us          480 0.715452/s
BM_MatmulIkjAllocationIncluded/M:1024/K:1024/N:1              2974 us         2972 us          480 0.705522/s
BM_MatmulIkjAllocationIncluded/M:1024/K:1024/N:1              2977 us         2976 us          480 0.704681/s
BM_MatmulIkjAllocationIncluded/M:1024/K:1024/N:1              3034 us         3033 us          480 0.691556/s
BM_MatmulIkjAllocationIncluded/M:1024/K:1024/N:1              2847 us         2844 us          480 0.737337/s
BM_MatmulIkjAllocationIncluded/M:1024/K:1024/N:1              2972 us         2971 us          480 0.705989/s
BM_MatmulIkjAllocationIncluded/M:1024/K:1024/N:1              3071 us         3070 us          480 0.683188/s
BM_MatmulIkjAllocationIncluded/M:1024/K:1024/N:1              2952 us         2949 us          480 0.711027/s
BM_MatmulIkjAllocationIncluded/M:1024/K:1024/N:1              2996 us         2995 us          480 0.700319/s
BM_MatmulIkjAllocationIncluded/M:1024/K:1024/N:1_mean         2980 us         2979 us           10 0.704329/s
BM_MatmulIkjAllocationIncluded/M:1024/K:1024/N:1_median       2976 us         2974 us           10 0.705102/s
BM_MatmulIkjAllocationIncluded/M:1024/K:1024/N:1_stddev       64.1 us         64.5 us           10 0.0154499/s
BM_MatmulIkjAllocationIncluded/M:1024/K:1024/N:1_cv           2.15 %          2.16 %            10      2.19%
BM_MatmulIkjAllocationIncluded/M:32/K:256/N:1                 23.6 us         23.6 us        61214 0.694048/s
BM_MatmulIkjAllocationIncluded/M:32/K:256/N:1                 23.3 us         23.3 us        61214 0.704547/s
BM_MatmulIkjAllocationIncluded/M:32/K:256/N:1                 23.2 us         23.2 us        61214  0.70735/s
BM_MatmulIkjAllocationIncluded/M:32/K:256/N:1                 23.1 us         23.0 us        61214 0.711656/s
BM_MatmulIkjAllocationIncluded/M:32/K:256/N:1                 23.0 us         23.0 us        61214 0.712739/s
BM_MatmulIkjAllocationIncluded/M:32/K:256/N:1                 23.0 us         22.9 us        61214 0.714248/s
BM_MatmulIkjAllocationIncluded/M:32/K:256/N:1                 23.5 us         23.5 us        61214 0.696648/s
BM_MatmulIkjAllocationIncluded/M:32/K:256/N:1                 23.3 us         23.3 us        61214 0.702368/s
BM_MatmulIkjAllocationIncluded/M:32/K:256/N:1                 23.6 us         23.6 us        61214 0.695171/s
BM_MatmulIkjAllocationIncluded/M:32/K:256/N:1                 23.7 us         23.7 us        61214 0.692682/s
BM_MatmulIkjAllocationIncluded/M:32/K:256/N:1_mean            23.3 us         23.3 us           10 0.703146/s
BM_MatmulIkjAllocationIncluded/M:32/K:256/N:1_median          23.3 us         23.3 us           10 0.703458/s
BM_MatmulIkjAllocationIncluded/M:32/K:256/N:1_stddev         0.268 us        0.272 us           10 8.20599m/s
BM_MatmulIkjAllocationIncluded/M:32/K:256/N:1_cv              1.15 %          1.17 %            10      1.17%
BM_MatmulIkjAllocationIncluded/M:32/K:256/N:4                 15.7 us         15.7 us        89342  4.18199/s
BM_MatmulIkjAllocationIncluded/M:32/K:256/N:4                 16.0 us         16.0 us        89342  4.08505/s
BM_MatmulIkjAllocationIncluded/M:32/K:256/N:4                 16.0 us         16.0 us        89342    4.106/s
BM_MatmulIkjAllocationIncluded/M:32/K:256/N:4                 16.5 us         16.4 us        89342  3.98508/s
BM_MatmulIkjAllocationIncluded/M:32/K:256/N:4                 15.9 us         15.9 us        89342  4.13115/s
BM_MatmulIkjAllocationIncluded/M:32/K:256/N:4                 15.8 us         15.7 us        89342  4.16166/s
BM_MatmulIkjAllocationIncluded/M:32/K:256/N:4                 15.9 us         15.9 us        89342   4.1123/s
BM_MatmulIkjAllocationIncluded/M:32/K:256/N:4                 16.1 us         16.1 us        89342  4.07429/s
BM_MatmulIkjAllocationIncluded/M:32/K:256/N:4                 15.7 us         15.7 us        89342  4.18003/s
BM_MatmulIkjAllocationIncluded/M:32/K:256/N:4                 15.9 us         15.8 us        89342  4.13541/s
BM_MatmulIkjAllocationIncluded/M:32/K:256/N:4_mean            15.9 us         15.9 us           10   4.1153/s
BM_MatmulIkjAllocationIncluded/M:32/K:256/N:4_median          15.9 us         15.9 us           10  4.12173/s
BM_MatmulIkjAllocationIncluded/M:32/K:256/N:4_stddev         0.250 us        0.231 us           10 0.058777/s
BM_MatmulIkjAllocationIncluded/M:32/K:256/N:4_cv              1.57 %          1.45 %            10      1.43%
BM_MatmulIkjAllocationIncluded/M:32/K:256/N:16                47.3 us         47.3 us        29847  5.54253/s
BM_MatmulIkjAllocationIncluded/M:32/K:256/N:16                46.9 us         46.8 us        29847  5.59655/s
BM_MatmulIkjAllocationIncluded/M:32/K:256/N:16                47.2 us         47.2 us        29847  5.55945/s
BM_MatmulIkjAllocationIncluded/M:32/K:256/N:16                46.8 us         46.8 us        29847  5.60598/s
BM_MatmulIkjAllocationIncluded/M:32/K:256/N:16                47.5 us         47.5 us        29847  5.52225/s
BM_MatmulIkjAllocationIncluded/M:32/K:256/N:16                47.2 us         47.2 us        29847  5.55175/s
BM_MatmulIkjAllocationIncluded/M:32/K:256/N:16                46.4 us         46.4 us        29847  5.65025/s
BM_MatmulIkjAllocationIncluded/M:32/K:256/N:16                47.2 us         47.2 us        29847  5.55269/s
BM_MatmulIkjAllocationIncluded/M:32/K:256/N:16                46.8 us         46.8 us        29847  5.60046/s
BM_MatmulIkjAllocationIncluded/M:32/K:256/N:16                47.2 us         47.2 us        29847  5.55869/s
BM_MatmulIkjAllocationIncluded/M:32/K:256/N:16_mean           47.1 us         47.0 us           10  5.57406/s
BM_MatmulIkjAllocationIncluded/M:32/K:256/N:16_median         47.2 us         47.2 us           10  5.55907/s
BM_MatmulIkjAllocationIncluded/M:32/K:256/N:16_stddev        0.321 us        0.321 us           10 0.0381665/s
BM_MatmulIkjAllocationIncluded/M:32/K:256/N:16_cv             0.68 %          0.68 %            10      0.68%
BM_MatmulIkjAllocationIncluded/M:32/K:256/N:17                26.5 us         26.4 us        53046  10.5313/s
BM_MatmulIkjAllocationIncluded/M:32/K:256/N:17                26.4 us         26.4 us        53046  10.5393/s
BM_MatmulIkjAllocationIncluded/M:32/K:256/N:17                26.5 us         26.5 us        53046  10.5272/s
BM_MatmulIkjAllocationIncluded/M:32/K:256/N:17                26.5 us         26.4 us        53046   10.536/s
BM_MatmulIkjAllocationIncluded/M:32/K:256/N:17                26.5 us         26.5 us        53046  10.5303/s
BM_MatmulIkjAllocationIncluded/M:32/K:256/N:17                26.4 us         26.4 us        53046  10.5402/s
BM_MatmulIkjAllocationIncluded/M:32/K:256/N:17                26.4 us         26.4 us        53046  10.5456/s
BM_MatmulIkjAllocationIncluded/M:32/K:256/N:17                26.4 us         26.4 us        53046  10.5518/s
BM_MatmulIkjAllocationIncluded/M:32/K:256/N:17                26.4 us         26.4 us        53046  10.5402/s
BM_MatmulIkjAllocationIncluded/M:32/K:256/N:17                26.4 us         26.4 us        53046  10.5442/s
BM_MatmulIkjAllocationIncluded/M:32/K:256/N:17_mean           26.4 us         26.4 us           10  10.5386/s
BM_MatmulIkjAllocationIncluded/M:32/K:256/N:17_median         26.4 us         26.4 us           10  10.5397/s
BM_MatmulIkjAllocationIncluded/M:32/K:256/N:17_stddev        0.020 us        0.019 us           10 7.58887m/s
BM_MatmulIkjAllocationIncluded/M:32/K:256/N:17_cv             0.07 %          0.07 %            10      0.07%
BM_MatmulIkjAllocationIncluded/M:32/K:256/N:64                62.3 us         62.2 us        22513  16.8447/s
BM_MatmulIkjAllocationIncluded/M:32/K:256/N:64                62.1 us         62.1 us        22513  16.8833/s
BM_MatmulIkjAllocationIncluded/M:32/K:256/N:64                62.3 us         62.3 us        22513  16.8382/s
BM_MatmulIkjAllocationIncluded/M:32/K:256/N:64                62.2 us         62.1 us        22513  16.8793/s
BM_MatmulIkjAllocationIncluded/M:32/K:256/N:64                62.3 us         62.3 us        22513  16.8369/s
BM_MatmulIkjAllocationIncluded/M:32/K:256/N:64                62.3 us         62.3 us        22513  16.8433/s
BM_MatmulIkjAllocationIncluded/M:32/K:256/N:64                62.2 us         62.2 us        22513  16.8569/s
BM_MatmulIkjAllocationIncluded/M:32/K:256/N:64                62.3 us         62.3 us        22513  16.8401/s
BM_MatmulIkjAllocationIncluded/M:32/K:256/N:64                62.3 us         62.2 us        22513  16.8508/s
BM_MatmulIkjAllocationIncluded/M:32/K:256/N:64                62.3 us         62.3 us        22513  16.8355/s
BM_MatmulIkjAllocationIncluded/M:32/K:256/N:64_mean           62.3 us         62.2 us           10  16.8509/s
BM_MatmulIkjAllocationIncluded/M:32/K:256/N:64_median         62.3 us         62.3 us           10   16.844/s
BM_MatmulIkjAllocationIncluded/M:32/K:256/N:64_stddev        0.068 us        0.064 us           10 0.0173209/s
BM_MatmulIkjAllocationIncluded/M:32/K:256/N:64_cv             0.11 %          0.10 %            10      0.10%
BM_MatmulIkjAllocationIncluded/M:32/K:256/N:255                191 us          191 us         7337  21.8657/s
BM_MatmulIkjAllocationIncluded/M:32/K:256/N:255                191 us          191 us         7337  21.9115/s
BM_MatmulIkjAllocationIncluded/M:32/K:256/N:255                191 us          191 us         7337  21.8751/s
BM_MatmulIkjAllocationIncluded/M:32/K:256/N:255                190 us          190 us         7337   21.946/s
BM_MatmulIkjAllocationIncluded/M:32/K:256/N:255                191 us          191 us         7337  21.9275/s
BM_MatmulIkjAllocationIncluded/M:32/K:256/N:255                191 us          191 us         7337  21.9119/s
BM_MatmulIkjAllocationIncluded/M:32/K:256/N:255                190 us          190 us         7337  21.9443/s
BM_MatmulIkjAllocationIncluded/M:32/K:256/N:255                191 us          191 us         7337  21.9273/s
BM_MatmulIkjAllocationIncluded/M:32/K:256/N:255                191 us          191 us         7337  21.9224/s
BM_MatmulIkjAllocationIncluded/M:32/K:256/N:255                190 us          190 us         7337  21.9509/s
BM_MatmulIkjAllocationIncluded/M:32/K:256/N:255_mean           191 us          191 us           10  21.9183/s
BM_MatmulIkjAllocationIncluded/M:32/K:256/N:255_median         191 us          191 us           10  21.9249/s
BM_MatmulIkjAllocationIncluded/M:32/K:256/N:255_stddev       0.281 us        0.250 us           10 0.0286789/s
BM_MatmulIkjAllocationIncluded/M:32/K:256/N:255_cv            0.15 %          0.13 %            10      0.13%
BM_MatmulIkjAllocationIncluded/M:32/K:256/N:256                153 us          153 us         9091  27.3561/s
BM_MatmulIkjAllocationIncluded/M:32/K:256/N:256                154 us          154 us         9091  27.2546/s
BM_MatmulIkjAllocationIncluded/M:32/K:256/N:256                160 us          159 us         9091  26.3454/s
BM_MatmulIkjAllocationIncluded/M:32/K:256/N:256                154 us          154 us         9091  27.2722/s
BM_MatmulIkjAllocationIncluded/M:32/K:256/N:256                153 us          153 us         9091  27.3946/s
BM_MatmulIkjAllocationIncluded/M:32/K:256/N:256                154 us          153 us         9091   27.341/s
BM_MatmulIkjAllocationIncluded/M:32/K:256/N:256                153 us          153 us         9091  27.3816/s
BM_MatmulIkjAllocationIncluded/M:32/K:256/N:256                153 us          153 us         9091  27.3942/s
BM_MatmulIkjAllocationIncluded/M:32/K:256/N:256                153 us          153 us         9091  27.3885/s
BM_MatmulIkjAllocationIncluded/M:32/K:256/N:256                153 us          153 us         9091  27.3777/s
BM_MatmulIkjAllocationIncluded/M:32/K:256/N:256_mean           154 us          154 us           10  27.2506/s
BM_MatmulIkjAllocationIncluded/M:32/K:256/N:256_median         153 us          153 us           10  27.3669/s
BM_MatmulIkjAllocationIncluded/M:32/K:256/N:256_stddev        2.07 us         1.87 us           10 0.321931/s
BM_MatmulIkjAllocationIncluded/M:32/K:256/N:256_cv            1.35 %          1.22 %            10      1.18%
BM_MatmulIkjAllocationIncluded/M:32/K:256/N:257                197 us          197 us         7097  21.4072/s
BM_MatmulIkjAllocationIncluded/M:32/K:256/N:257                197 us          197 us         7097   21.413/s
BM_MatmulIkjAllocationIncluded/M:32/K:256/N:257                197 us          197 us         7097  21.4018/s
BM_MatmulIkjAllocationIncluded/M:32/K:256/N:257                197 us          197 us         7097  21.4238/s
BM_MatmulIkjAllocationIncluded/M:32/K:256/N:257                197 us          196 us         7097  21.4294/s
BM_MatmulIkjAllocationIncluded/M:32/K:256/N:257                197 us          197 us         7097  21.3992/s
BM_MatmulIkjAllocationIncluded/M:32/K:256/N:257                197 us          197 us         7097  21.3815/s
BM_MatmulIkjAllocationIncluded/M:32/K:256/N:257                197 us          197 us         7097  21.4166/s
BM_MatmulIkjAllocationIncluded/M:32/K:256/N:257                197 us          197 us         7097  21.3998/s
BM_MatmulIkjAllocationIncluded/M:32/K:256/N:257                197 us          196 us         7097   21.437/s
BM_MatmulIkjAllocationIncluded/M:32/K:256/N:257_mean           197 us          197 us           10  21.4109/s
BM_MatmulIkjAllocationIncluded/M:32/K:256/N:257_median         197 us          197 us           10  21.4101/s
BM_MatmulIkjAllocationIncluded/M:32/K:256/N:257_stddev       0.162 us        0.152 us           10 0.0165068/s
BM_MatmulIkjAllocationIncluded/M:32/K:256/N:257_cv            0.08 %          0.08 %            10      0.08%
BM_MatmulIkjAllocationIncluded/M:32/K:256/N:512                299 us          299 us         4681  28.0495/s
BM_MatmulIkjAllocationIncluded/M:32/K:256/N:512                299 us          299 us         4681  28.0648/s
BM_MatmulIkjAllocationIncluded/M:32/K:256/N:512                300 us          299 us         4681  28.0257/s
BM_MatmulIkjAllocationIncluded/M:32/K:256/N:512                353 us          338 us         4681   24.803/s
BM_MatmulIkjAllocationIncluded/M:32/K:256/N:512                394 us          368 us         4681  22.7732/s
BM_MatmulIkjAllocationIncluded/M:32/K:256/N:512                307 us          305 us         4681  27.4611/s
BM_MatmulIkjAllocationIncluded/M:32/K:256/N:512                307 us          306 us         4681  27.4282/s
BM_MatmulIkjAllocationIncluded/M:32/K:256/N:512                308 us          307 us         4681   27.359/s
BM_MatmulIkjAllocationIncluded/M:32/K:256/N:512                309 us          307 us         4681   27.313/s
BM_MatmulIkjAllocationIncluded/M:32/K:256/N:512                304 us          304 us         4681  27.6167/s
BM_MatmulIkjAllocationIncluded/M:32/K:256/N:512_mean           318 us          313 us           10  26.8894/s
BM_MatmulIkjAllocationIncluded/M:32/K:256/N:512_median         307 us          306 us           10  27.4447/s
BM_MatmulIkjAllocationIncluded/M:32/K:256/N:512_stddev        31.2 us         22.5 us           10   1.7276/s
BM_MatmulIkjAllocationIncluded/M:32/K:256/N:512_cv            9.80 %          7.18 %            10      6.42%
BM_MatmulIkjAllocationIncluded/M:32/K:256/N:1024               592 us          589 us         2348    28.48/s
BM_MatmulIkjAllocationIncluded/M:32/K:256/N:1024               644 us          629 us         2348  26.6788/s
BM_MatmulIkjAllocationIncluded/M:32/K:256/N:1024               741 us          692 us         2348  24.2434/s
BM_MatmulIkjAllocationIncluded/M:32/K:256/N:1024               780 us          627 us         2348  26.7644/s
BM_MatmulIkjAllocationIncluded/M:32/K:256/N:1024               606 us          598 us         2348  28.0719/s
BM_MatmulIkjAllocationIncluded/M:32/K:256/N:1024               654 us          629 us         2348  26.6789/s
BM_MatmulIkjAllocationIncluded/M:32/K:256/N:1024               677 us          651 us         2348  25.7756/s
BM_MatmulIkjAllocationIncluded/M:32/K:256/N:1024               584 us          583 us         2348  28.7804/s
BM_MatmulIkjAllocationIncluded/M:32/K:256/N:1024               585 us          584 us         2348    28.75/s
BM_MatmulIkjAllocationIncluded/M:32/K:256/N:1024               593 us          591 us         2348  28.3922/s
BM_MatmulIkjAllocationIncluded/M:32/K:256/N:1024_mean          646 us          617 us           10  27.2616/s
BM_MatmulIkjAllocationIncluded/M:32/K:256/N:1024_median        625 us          612 us           10  27.4182/s
BM_MatmulIkjAllocationIncluded/M:32/K:256/N:1024_stddev       68.9 us         35.4 us           10  1.49761/s
BM_MatmulIkjAllocationIncluded/M:32/K:256/N:1024_cv          10.68 %          5.73 %            10      5.49%
