Unable to determine clock rate from sysctl: hw.cpufrequency: No such file or directory
This does not affect benchmark measurements, only the metadata output.
***WARNING*** Failed to set thread affinity. Estimated CPU frequency may be incorrect.
2026-10-07T15:49:53-07:00
Running /Users/aryamaandash/GitHub/cpu_optimized_inference_engine/build/benchmark-release/matmul_bench
Run on (11 X 24 MHz CPU s)
CPU Caches:
  L1 Data 64 KiB
  L1 Instruction 128 KiB
  L2 Unified 4096 KiB (x11)
Load Average: 2.93, 2.91, 2.67
-------------------------------------------------------------------------------------------------------------------
Benchmark                                                              Time             CPU   Iterations     GFLOPS
-------------------------------------------------------------------------------------------------------------------
BM_MatmulReferenceAllocationIncluded/M:1/K:1/N:1                   0.024 us        0.024 us     60432350 0.0841121/s
BM_MatmulReferenceAllocationIncluded/M:1/K:1/N:1                   0.023 us        0.023 us     60432350 0.0853458/s
BM_MatmulReferenceAllocationIncluded/M:1/K:1/N:1                   0.023 us        0.023 us     60432350 0.0860497/s
BM_MatmulReferenceAllocationIncluded/M:1/K:1/N:1                   0.023 us        0.023 us     60432350 0.0857776/s
BM_MatmulReferenceAllocationIncluded/M:1/K:1/N:1                   0.023 us        0.023 us     60432350 0.0861649/s
BM_MatmulReferenceAllocationIncluded/M:1/K:1/N:1                   0.023 us        0.023 us     60432350 0.0861889/s
BM_MatmulReferenceAllocationIncluded/M:1/K:1/N:1                   0.023 us        0.023 us     60432350 0.0861225/s
BM_MatmulReferenceAllocationIncluded/M:1/K:1/N:1                   0.023 us        0.023 us     60432350 0.0856207/s
BM_MatmulReferenceAllocationIncluded/M:1/K:1/N:1                   0.024 us        0.024 us     60432350 0.0849375/s
BM_MatmulReferenceAllocationIncluded/M:1/K:1/N:1                   0.023 us        0.023 us     60432350 0.0859055/s
BM_MatmulReferenceAllocationIncluded/M:1/K:1/N:1_mean              0.023 us        0.023 us           10 0.0856225/s
BM_MatmulReferenceAllocationIncluded/M:1/K:1/N:1_median            0.023 us        0.023 us           10 0.0858415/s
BM_MatmulReferenceAllocationIncluded/M:1/K:1/N:1_stddev            0.000 us        0.000 us           10 664.884u/s
BM_MatmulReferenceAllocationIncluded/M:1/K:1/N:1_cv                 0.98 %          0.78 %            10      0.78%
BM_MatmulReferenceAllocationIncluded/M:32/K:32/N:32                 11.3 us         11.3 us       124782  5.81019/s
BM_MatmulReferenceAllocationIncluded/M:32/K:32/N:32                 11.3 us         11.3 us       124782    5.807/s
BM_MatmulReferenceAllocationIncluded/M:32/K:32/N:32                 11.3 us         11.3 us       124782  5.80142/s
BM_MatmulReferenceAllocationIncluded/M:32/K:32/N:32                 11.3 us         11.3 us       124782  5.80539/s
BM_MatmulReferenceAllocationIncluded/M:32/K:32/N:32                 11.3 us         11.3 us       124782  5.79406/s
BM_MatmulReferenceAllocationIncluded/M:32/K:32/N:32                 11.3 us         11.3 us       124782  5.78404/s
BM_MatmulReferenceAllocationIncluded/M:32/K:32/N:32                 11.4 us         11.4 us       124782   5.7482/s
BM_MatmulReferenceAllocationIncluded/M:32/K:32/N:32                 11.3 us         11.3 us       124782   5.8099/s
BM_MatmulReferenceAllocationIncluded/M:32/K:32/N:32                 11.3 us         11.3 us       124782  5.80081/s
BM_MatmulReferenceAllocationIncluded/M:32/K:32/N:32                 11.3 us         11.3 us       124782  5.80307/s
BM_MatmulReferenceAllocationIncluded/M:32/K:32/N:32_mean            11.3 us         11.3 us           10  5.79641/s
BM_MatmulReferenceAllocationIncluded/M:32/K:32/N:32_median          11.3 us         11.3 us           10  5.80224/s
BM_MatmulReferenceAllocationIncluded/M:32/K:32/N:32_stddev         0.048 us        0.037 us           10 0.0186671/s
BM_MatmulReferenceAllocationIncluded/M:32/K:32/N:32_cv              0.43 %          0.32 %            10      0.32%
BM_MatmulReferenceAllocationIncluded/M:128/K:128/N:128              1152 us         1152 us         1245  3.64134/s
BM_MatmulReferenceAllocationIncluded/M:128/K:128/N:128              1147 us         1147 us         1245  3.65547/s
BM_MatmulReferenceAllocationIncluded/M:128/K:128/N:128              1147 us         1147 us         1245  3.65776/s
BM_MatmulReferenceAllocationIncluded/M:128/K:128/N:128              1151 us         1150 us         1245  3.64566/s
BM_MatmulReferenceAllocationIncluded/M:128/K:128/N:128              1145 us         1145 us         1245  3.66166/s
BM_MatmulReferenceAllocationIncluded/M:128/K:128/N:128              1139 us         1139 us         1245   3.6814/s
BM_MatmulReferenceAllocationIncluded/M:128/K:128/N:128              1142 us         1142 us         1245  3.67368/s
BM_MatmulReferenceAllocationIncluded/M:128/K:128/N:128              1144 us         1144 us         1245  3.66696/s
BM_MatmulReferenceAllocationIncluded/M:128/K:128/N:128              1140 us         1140 us         1245  3.67983/s
BM_MatmulReferenceAllocationIncluded/M:128/K:128/N:128              1215 us         1214 us         1245  3.45391/s
BM_MatmulReferenceAllocationIncluded/M:128/K:128/N:128_mean         1152 us         1152 us           10  3.64177/s
BM_MatmulReferenceAllocationIncluded/M:128/K:128/N:128_median       1146 us         1146 us           10  3.65971/s
BM_MatmulReferenceAllocationIncluded/M:128/K:128/N:128_stddev       22.3 us         22.3 us           10 0.0673443/s
BM_MatmulReferenceAllocationIncluded/M:128/K:128/N:128_cv           1.94 %          1.93 %            10      1.85%
BM_MatmulReferenceAllocationIncluded/M:256/K:256/N:256             11943 us        11943 us          120  2.80956/s
BM_MatmulReferenceAllocationIncluded/M:256/K:256/N:256             11780 us        11780 us          120  2.84834/s
BM_MatmulReferenceAllocationIncluded/M:256/K:256/N:256             11733 us        11732 us          120  2.86006/s
BM_MatmulReferenceAllocationIncluded/M:256/K:256/N:256             12183 us        12183 us          120  2.75421/s
BM_MatmulReferenceAllocationIncluded/M:256/K:256/N:256             12004 us        12004 us          120  2.79526/s
BM_MatmulReferenceAllocationIncluded/M:256/K:256/N:256             11977 us        11976 us          120  2.80174/s
BM_MatmulReferenceAllocationIncluded/M:256/K:256/N:256             12067 us        12067 us          120  2.78075/s
BM_MatmulReferenceAllocationIncluded/M:256/K:256/N:256             11853 us        11852 us          120  2.83123/s
BM_MatmulReferenceAllocationIncluded/M:256/K:256/N:256             11972 us        11972 us          120  2.80274/s
BM_MatmulReferenceAllocationIncluded/M:256/K:256/N:256             11846 us        11846 us          120  2.83262/s
BM_MatmulReferenceAllocationIncluded/M:256/K:256/N:256_mean        11936 us        11935 us           10  2.81165/s
BM_MatmulReferenceAllocationIncluded/M:256/K:256/N:256_median      11958 us        11957 us           10  2.80615/s
BM_MatmulReferenceAllocationIncluded/M:256/K:256/N:256_stddev        136 us          136 us           10 0.0320045/s
BM_MatmulReferenceAllocationIncluded/M:256/K:256/N:256_cv           1.14 %          1.14 %            10      1.14%
BM_MatmulReferenceAllocationIncluded/M:512/K:512/N:512            110069 us       110057 us           13  2.43906/s
BM_MatmulReferenceAllocationIncluded/M:512/K:512/N:512            110780 us       110103 us           13  2.43803/s
BM_MatmulReferenceAllocationIncluded/M:512/K:512/N:512            109471 us       109468 us           13  2.45218/s
BM_MatmulReferenceAllocationIncluded/M:512/K:512/N:512            109960 us       109956 us           13  2.44129/s
BM_MatmulReferenceAllocationIncluded/M:512/K:512/N:512            108709 us       108707 us           13  2.46935/s
BM_MatmulReferenceAllocationIncluded/M:512/K:512/N:512            108547 us       108542 us           13   2.4731/s
BM_MatmulReferenceAllocationIncluded/M:512/K:512/N:512            110916 us       110913 us           13  2.42023/s
BM_MatmulReferenceAllocationIncluded/M:512/K:512/N:512            110742 us       110686 us           13   2.4252/s
BM_MatmulReferenceAllocationIncluded/M:512/K:512/N:512            110031 us       110009 us           13  2.44012/s
BM_MatmulReferenceAllocationIncluded/M:512/K:512/N:512            109358 us       109357 us           13  2.45468/s
BM_MatmulReferenceAllocationIncluded/M:512/K:512/N:512_mean       109858 us       109780 us           10  2.44532/s
BM_MatmulReferenceAllocationIncluded/M:512/K:512/N:512_median     109995 us       109983 us           10   2.4407/s
BM_MatmulReferenceAllocationIncluded/M:512/K:512/N:512_stddev        835 us          770 us           10 0.0171714/s
BM_MatmulReferenceAllocationIncluded/M:512/K:512/N:512_cv           0.76 %          0.70 %            10      0.70%
BM_MatmulReferenceAllocationIncluded/M:129/K:257/N:131              3046 us         3044 us          459  2.85329/s
BM_MatmulReferenceAllocationIncluded/M:129/K:257/N:131              3034 us         3034 us          459  2.86281/s
BM_MatmulReferenceAllocationIncluded/M:129/K:257/N:131              2939 us         2939 us          459  2.95521/s
BM_MatmulReferenceAllocationIncluded/M:129/K:257/N:131              2901 us         2901 us          459  2.99381/s
BM_MatmulReferenceAllocationIncluded/M:129/K:257/N:131              2856 us         2856 us          459  3.04163/s
BM_MatmulReferenceAllocationIncluded/M:129/K:257/N:131              2933 us         2933 us          459  2.96121/s
BM_MatmulReferenceAllocationIncluded/M:129/K:257/N:131              2926 us         2926 us          459  2.96842/s
BM_MatmulReferenceAllocationIncluded/M:129/K:257/N:131              2856 us         2856 us          459   3.0409/s
BM_MatmulReferenceAllocationIncluded/M:129/K:257/N:131              2881 us         2881 us          459  3.01467/s
BM_MatmulReferenceAllocationIncluded/M:129/K:257/N:131              2904 us         2904 us          459  2.99094/s
BM_MatmulReferenceAllocationIncluded/M:129/K:257/N:131_mean         2928 us         2928 us           10  2.96829/s
BM_MatmulReferenceAllocationIncluded/M:129/K:257/N:131_median       2915 us         2915 us           10  2.97968/s
BM_MatmulReferenceAllocationIncluded/M:129/K:257/N:131_stddev       65.9 us         65.6 us           10 0.0654379/s
BM_MatmulReferenceAllocationIncluded/M:129/K:257/N:131_cv           2.25 %          2.24 %            10      2.20%
BM_MatmulReferenceAllocationIncluded/M:63/K:65/N:67                  120 us          120 us        11370  4.55468/s
BM_MatmulReferenceAllocationIncluded/M:63/K:65/N:67                  118 us          118 us        11370  4.63923/s
BM_MatmulReferenceAllocationIncluded/M:63/K:65/N:67                  117 us          117 us        11370  4.67453/s
BM_MatmulReferenceAllocationIncluded/M:63/K:65/N:67                  120 us          120 us        11370  4.59073/s
BM_MatmulReferenceAllocationIncluded/M:63/K:65/N:67                  120 us          120 us        11370  4.58143/s
BM_MatmulReferenceAllocationIncluded/M:63/K:65/N:67                  119 us          119 us        11370  4.60583/s
BM_MatmulReferenceAllocationIncluded/M:63/K:65/N:67                  119 us          119 us        11370  4.59528/s
BM_MatmulReferenceAllocationIncluded/M:63/K:65/N:67                  119 us          119 us        11370  4.62479/s
BM_MatmulReferenceAllocationIncluded/M:63/K:65/N:67                  117 us          117 us        11370  4.67213/s
BM_MatmulReferenceAllocationIncluded/M:63/K:65/N:67                  119 us          119 us        11370  4.61136/s
BM_MatmulReferenceAllocationIncluded/M:63/K:65/N:67_mean             119 us          119 us           10    4.615/s
BM_MatmulReferenceAllocationIncluded/M:63/K:65/N:67_median           119 us          119 us           10  4.60859/s
BM_MatmulReferenceAllocationIncluded/M:63/K:65/N:67_stddev         0.995 us        0.990 us           10 0.0384872/s
BM_MatmulReferenceAllocationIncluded/M:63/K:65/N:67_cv              0.84 %          0.83 %            10      0.83%
BM_MatmulReferenceAllocationIncluded/M:1/K:256/N:256                48.0 us         48.0 us        29747  2.73177/s
BM_MatmulReferenceAllocationIncluded/M:1/K:256/N:256                48.1 us         48.1 us        29747   2.7258/s
BM_MatmulReferenceAllocationIncluded/M:1/K:256/N:256                47.5 us         47.5 us        29747  2.75898/s
BM_MatmulReferenceAllocationIncluded/M:1/K:256/N:256                46.9 us         46.9 us        29747  2.79529/s
BM_MatmulReferenceAllocationIncluded/M:1/K:256/N:256                47.1 us         47.1 us        29747  2.78059/s
BM_MatmulReferenceAllocationIncluded/M:1/K:256/N:256                46.7 us         46.7 us        29747  2.80848/s
BM_MatmulReferenceAllocationIncluded/M:1/K:256/N:256                46.6 us         46.6 us        29747  2.81565/s
BM_MatmulReferenceAllocationIncluded/M:1/K:256/N:256                47.2 us         47.2 us        29747  2.77419/s
BM_MatmulReferenceAllocationIncluded/M:1/K:256/N:256                47.2 us         47.2 us        29747  2.77784/s
BM_MatmulReferenceAllocationIncluded/M:1/K:256/N:256                46.6 us         46.6 us        29747  2.81553/s
BM_MatmulReferenceAllocationIncluded/M:1/K:256/N:256_mean           47.2 us         47.2 us           10  2.77841/s
BM_MatmulReferenceAllocationIncluded/M:1/K:256/N:256_median         47.2 us         47.2 us           10  2.77921/s
BM_MatmulReferenceAllocationIncluded/M:1/K:256/N:256_stddev        0.551 us        0.548 us           10 0.0321406/s
BM_MatmulReferenceAllocationIncluded/M:1/K:256/N:256_cv             1.17 %          1.16 %            10      1.16%
BM_MatmulReferenceAllocationIncluded/M:256/K:256/N:1                26.2 us         26.1 us        53733  5.01382/s
BM_MatmulReferenceAllocationIncluded/M:256/K:256/N:1                26.1 us         26.1 us        53733  5.01277/s
BM_MatmulReferenceAllocationIncluded/M:256/K:256/N:1                26.1 us         26.1 us        53733  5.03119/s
BM_MatmulReferenceAllocationIncluded/M:256/K:256/N:1                26.1 us         26.1 us        53733  5.01999/s
BM_MatmulReferenceAllocationIncluded/M:256/K:256/N:1                27.3 us         27.2 us        53733  4.82282/s
BM_MatmulReferenceAllocationIncluded/M:256/K:256/N:1                26.0 us         26.0 us        53733  5.03556/s
BM_MatmulReferenceAllocationIncluded/M:256/K:256/N:1                26.0 us         26.0 us        53733  5.04616/s
BM_MatmulReferenceAllocationIncluded/M:256/K:256/N:1                26.1 us         26.1 us        53733  5.01674/s
BM_MatmulReferenceAllocationIncluded/M:256/K:256/N:1                26.2 us         26.2 us        53733  5.00838/s
BM_MatmulReferenceAllocationIncluded/M:256/K:256/N:1                26.4 us         26.4 us        53733  4.97039/s
BM_MatmulReferenceAllocationIncluded/M:256/K:256/N:1_mean           26.2 us         26.2 us           10  4.99778/s
BM_MatmulReferenceAllocationIncluded/M:256/K:256/N:1_median         26.1 us         26.1 us           10  5.01528/s
BM_MatmulReferenceAllocationIncluded/M:256/K:256/N:1_stddev        0.398 us        0.349 us           10 0.0647139/s
BM_MatmulReferenceAllocationIncluded/M:256/K:256/N:1_cv             1.52 %          1.33 %            10      1.29%
BM_MatmulReferenceAllocationIncluded/M:32/K:256/N:64                 356 us          356 us         4112   2.9445/s
BM_MatmulReferenceAllocationIncluded/M:32/K:256/N:64                 348 us          348 us         4112  3.01735/s
BM_MatmulReferenceAllocationIncluded/M:32/K:256/N:64                 349 us          349 us         4112  3.00458/s
BM_MatmulReferenceAllocationIncluded/M:32/K:256/N:64                 346 us          346 us         4112   3.0342/s
BM_MatmulReferenceAllocationIncluded/M:32/K:256/N:64                 349 us          349 us         4112  3.00298/s
BM_MatmulReferenceAllocationIncluded/M:32/K:256/N:64                 345 us          345 us         4112  3.04327/s
BM_MatmulReferenceAllocationIncluded/M:32/K:256/N:64                 360 us          360 us         4112  2.91317/s
BM_MatmulReferenceAllocationIncluded/M:32/K:256/N:64                 345 us          345 us         4112  3.03619/s
BM_MatmulReferenceAllocationIncluded/M:32/K:256/N:64                 345 us          345 us         4112  3.03986/s
BM_MatmulReferenceAllocationIncluded/M:32/K:256/N:64                 349 us          349 us         4112  3.00118/s
BM_MatmulReferenceAllocationIncluded/M:32/K:256/N:64_mean            349 us          349 us           10  3.00373/s
BM_MatmulReferenceAllocationIncluded/M:32/K:256/N:64_median          348 us          348 us           10  3.01097/s
BM_MatmulReferenceAllocationIncluded/M:32/K:256/N:64_stddev         5.09 us         5.09 us           10 0.0431448/s
BM_MatmulReferenceAllocationIncluded/M:32/K:256/N:64_cv             1.46 %          1.46 %            10      1.44%
BM_MatmulReferenceAllocationIncluded/M:32/K:256/N:255               1405 us         1405 us         1011  2.97424/s
BM_MatmulReferenceAllocationIncluded/M:32/K:256/N:255               1434 us         1434 us         1011   2.9132/s
BM_MatmulReferenceAllocationIncluded/M:32/K:256/N:255               1378 us         1378 us         1011  3.03215/s
BM_MatmulReferenceAllocationIncluded/M:32/K:256/N:255               1436 us         1436 us         1011  2.90991/s
BM_MatmulReferenceAllocationIncluded/M:32/K:256/N:255               1404 us         1403 us         1011  2.97693/s
BM_MatmulReferenceAllocationIncluded/M:32/K:256/N:255               1390 us         1390 us         1011  3.00583/s
BM_MatmulReferenceAllocationIncluded/M:32/K:256/N:255               1388 us         1388 us         1011  3.00919/s
BM_MatmulReferenceAllocationIncluded/M:32/K:256/N:255               1381 us         1381 us         1011  3.02555/s
BM_MatmulReferenceAllocationIncluded/M:32/K:256/N:255               1433 us         1433 us         1011  2.91526/s
BM_MatmulReferenceAllocationIncluded/M:32/K:256/N:255               1371 us         1371 us         1011  3.04763/s
BM_MatmulReferenceAllocationIncluded/M:32/K:256/N:255_mean          1402 us         1402 us           10  2.98099/s
BM_MatmulReferenceAllocationIncluded/M:32/K:256/N:255_median        1397 us         1397 us           10  2.99138/s
BM_MatmulReferenceAllocationIncluded/M:32/K:256/N:255_stddev        24.7 us         24.7 us           10 0.0521609/s
BM_MatmulReferenceAllocationIncluded/M:32/K:256/N:255_cv            1.76 %          1.76 %            10      1.75%
BM_MatmulReferenceAllocationIncluded/M:32/K:256/N:256               1473 us         1473 us          942  2.84732/s
BM_MatmulReferenceAllocationIncluded/M:32/K:256/N:256               1517 us         1517 us          942    2.764/s
BM_MatmulReferenceAllocationIncluded/M:32/K:256/N:256               1495 us         1494 us          942  2.80762/s
BM_MatmulReferenceAllocationIncluded/M:32/K:256/N:256               1514 us         1514 us          942  2.77046/s
BM_MatmulReferenceAllocationIncluded/M:32/K:256/N:256               1510 us         1509 us          942  2.77862/s
BM_MatmulReferenceAllocationIncluded/M:32/K:256/N:256               1492 us         1492 us          942   2.8113/s
BM_MatmulReferenceAllocationIncluded/M:32/K:256/N:256               1513 us         1513 us          942  2.77305/s
BM_MatmulReferenceAllocationIncluded/M:32/K:256/N:256               1592 us         1572 us          942  2.66787/s
BM_MatmulReferenceAllocationIncluded/M:32/K:256/N:256               1543 us         1538 us          942  2.72738/s
BM_MatmulReferenceAllocationIncluded/M:32/K:256/N:256               1547 us         1541 us          942  2.72168/s
BM_MatmulReferenceAllocationIncluded/M:32/K:256/N:256_mean          1520 us         1516 us           10  2.76693/s
BM_MatmulReferenceAllocationIncluded/M:32/K:256/N:256_median        1513 us         1513 us           10  2.77176/s
BM_MatmulReferenceAllocationIncluded/M:32/K:256/N:256_stddev        33.8 us         28.3 us           10 0.0513237/s
BM_MatmulReferenceAllocationIncluded/M:32/K:256/N:256_cv            2.22 %          1.87 %            10      1.85%
BM_MatmulReferenceAllocationIncluded/M:32/K:256/N:257               1444 us         1444 us          996  2.91581/s
BM_MatmulReferenceAllocationIncluded/M:32/K:256/N:257               1465 us         1461 us          996  2.88277/s
BM_MatmulReferenceAllocationIncluded/M:32/K:256/N:257               1441 us         1441 us          996  2.92164/s
BM_MatmulReferenceAllocationIncluded/M:32/K:256/N:257               1412 us         1412 us          996  2.98146/s
BM_MatmulReferenceAllocationIncluded/M:32/K:256/N:257               1399 us         1399 us          996  3.00977/s
BM_MatmulReferenceAllocationIncluded/M:32/K:256/N:257               1385 us         1385 us          996  3.03931/s
BM_MatmulReferenceAllocationIncluded/M:32/K:256/N:257               1394 us         1394 us          996  3.02023/s
BM_MatmulReferenceAllocationIncluded/M:32/K:256/N:257               1397 us         1397 us          996  3.01341/s
BM_MatmulReferenceAllocationIncluded/M:32/K:256/N:257               1415 us         1415 us          996  2.97539/s
BM_MatmulReferenceAllocationIncluded/M:32/K:256/N:257               1431 us         1431 us          996  2.94315/s
BM_MatmulReferenceAllocationIncluded/M:32/K:256/N:257_mean          1419 us         1418 us           10   2.9703/s
BM_MatmulReferenceAllocationIncluded/M:32/K:256/N:257_median        1414 us         1414 us           10  2.97843/s
BM_MatmulReferenceAllocationIncluded/M:32/K:256/N:257_stddev        26.0 us         25.1 us           10 0.0522359/s
BM_MatmulReferenceAllocationIncluded/M:32/K:256/N:257_cv            1.83 %          1.77 %            10      1.76%
BM_MatmulReferenceAllocationIncluded/M:32/K:256/N:512               3053 us         3053 us          457  2.74759/s
BM_MatmulReferenceAllocationIncluded/M:32/K:256/N:512               2971 us         2971 us          457  2.82324/s
BM_MatmulReferenceAllocationIncluded/M:32/K:256/N:512               2999 us         2999 us          457  2.79677/s
BM_MatmulReferenceAllocationIncluded/M:32/K:256/N:512               2992 us         2992 us          457  2.80404/s
BM_MatmulReferenceAllocationIncluded/M:32/K:256/N:512               3000 us         3000 us          457  2.79588/s
BM_MatmulReferenceAllocationIncluded/M:32/K:256/N:512               3030 us         3030 us          457   2.7688/s
BM_MatmulReferenceAllocationIncluded/M:32/K:256/N:512               3075 us         3072 us          457  2.73046/s
BM_MatmulReferenceAllocationIncluded/M:32/K:256/N:512               3023 us         3023 us          457   2.7752/s
BM_MatmulReferenceAllocationIncluded/M:32/K:256/N:512               3055 us         3049 us          457  2.75083/s
BM_MatmulReferenceAllocationIncluded/M:32/K:256/N:512               3168 us         3139 us          457  2.67249/s
BM_MatmulReferenceAllocationIncluded/M:32/K:256/N:512_mean          3037 us         3033 us           10  2.76653/s
BM_MatmulReferenceAllocationIncluded/M:32/K:256/N:512_median        3026 us         3026 us           10    2.772/s
BM_MatmulReferenceAllocationIncluded/M:32/K:256/N:512_stddev        56.3 us         48.6 us           10 0.0437535/s
BM_MatmulReferenceAllocationIncluded/M:32/K:256/N:512_cv            1.85 %          1.60 %            10      1.58%
BM_MatmulReferenceAllocationIncluded/M:32/K:256/N:1024              6905 us         6904 us          201  2.43001/s
BM_MatmulReferenceAllocationIncluded/M:32/K:256/N:1024              7059 us         7059 us          201  2.37681/s
BM_MatmulReferenceAllocationIncluded/M:32/K:256/N:1024              7228 us         7228 us          201  2.32098/s
BM_MatmulReferenceAllocationIncluded/M:32/K:256/N:1024              6960 us         6960 us          201  2.41063/s
BM_MatmulReferenceAllocationIncluded/M:32/K:256/N:1024              7092 us         7082 us          201  2.36891/s
BM_MatmulReferenceAllocationIncluded/M:32/K:256/N:1024              7042 us         7025 us          201  2.38805/s
BM_MatmulReferenceAllocationIncluded/M:32/K:256/N:1024              7004 us         6992 us          201  2.39957/s
BM_MatmulReferenceAllocationIncluded/M:32/K:256/N:1024              6879 us         6879 us          201  2.43881/s
BM_MatmulReferenceAllocationIncluded/M:32/K:256/N:1024              6888 us         6888 us          201  2.43584/s
BM_MatmulReferenceAllocationIncluded/M:32/K:256/N:1024              7043 us         7043 us          201  2.38221/s
BM_MatmulReferenceAllocationIncluded/M:32/K:256/N:1024_mean         7010 us         7006 us           10  2.39518/s
BM_MatmulReferenceAllocationIncluded/M:32/K:256/N:1024_median       7023 us         7009 us           10  2.39381/s
BM_MatmulReferenceAllocationIncluded/M:32/K:256/N:1024_stddev        108 us          107 us           10 0.0361779/s
BM_MatmulReferenceAllocationIncluded/M:32/K:256/N:1024_cv           1.54 %          1.52 %            10      1.51%
