Unable to determine clock rate from sysctl: hw.cpufrequency: No such file or directory
This does not affect benchmark measurements, only the metadata output.
***WARNING*** Failed to set thread affinity. Estimated CPU frequency may be incorrect.
2026-10-07T16:02:08-07:00
Running /Users/aryamaandash/GitHub/cpu_optimized_inference_engine/build/benchmark-release/matmul_bench
Run on (11 X 24 MHz CPU s)
CPU Caches:
  L1 Data 64 KiB
  L1 Instruction 128 KiB
  L2 Unified 4096 KiB (x11)
Load Average: 3.15, 3.15, 2.95
-------------------------------------------------------------------------------------------------------------------------
Benchmark                                                                    Time             CPU   Iterations     GFLOPS
-------------------------------------------------------------------------------------------------------------------------
BM_MatmulBlocked16x32x64AllocationIncluded/M:1/K:1/N:1                   0.027 us        0.027 us     52045190 0.0741839/s
BM_MatmulBlocked16x32x64AllocationIncluded/M:1/K:1/N:1                   0.027 us        0.027 us     52045190 0.074133/s
BM_MatmulBlocked16x32x64AllocationIncluded/M:1/K:1/N:1                   0.027 us        0.027 us     52045190 0.0753297/s
BM_MatmulBlocked16x32x64AllocationIncluded/M:1/K:1/N:1                   0.027 us        0.027 us     52045190 0.074993/s
BM_MatmulBlocked16x32x64AllocationIncluded/M:1/K:1/N:1                   0.027 us        0.027 us     52045190 0.0748684/s
BM_MatmulBlocked16x32x64AllocationIncluded/M:1/K:1/N:1                   0.027 us        0.027 us     52045190 0.0748948/s
BM_MatmulBlocked16x32x64AllocationIncluded/M:1/K:1/N:1                   0.027 us        0.027 us     52045190 0.0745419/s
BM_MatmulBlocked16x32x64AllocationIncluded/M:1/K:1/N:1                   0.027 us        0.027 us     52045190 0.075368/s
BM_MatmulBlocked16x32x64AllocationIncluded/M:1/K:1/N:1                   0.027 us        0.027 us     52045190 0.0741819/s
BM_MatmulBlocked16x32x64AllocationIncluded/M:1/K:1/N:1                   0.027 us        0.027 us     52045190 0.073708/s
BM_MatmulBlocked16x32x64AllocationIncluded/M:1/K:1/N:1_mean              0.027 us        0.027 us           10 0.0746203/s
BM_MatmulBlocked16x32x64AllocationIncluded/M:1/K:1/N:1_median            0.027 us        0.027 us           10 0.0747051/s
BM_MatmulBlocked16x32x64AllocationIncluded/M:1/K:1/N:1_stddev            0.000 us        0.000 us           10 557.424u/s
BM_MatmulBlocked16x32x64AllocationIncluded/M:1/K:1/N:1_cv                 0.84 %          0.75 %            10      0.75%
BM_MatmulBlocked16x32x64AllocationIncluded/M:32/K:32/N:32                 9.69 us         9.69 us       143799  6.76606/s
BM_MatmulBlocked16x32x64AllocationIncluded/M:32/K:32/N:32                 9.85 us         9.84 us       143799  6.65787/s
BM_MatmulBlocked16x32x64AllocationIncluded/M:32/K:32/N:32                 10.0 us         9.98 us       143799  6.56611/s
BM_MatmulBlocked16x32x64AllocationIncluded/M:32/K:32/N:32                 10.0 us         9.97 us       143799   6.5736/s
BM_MatmulBlocked16x32x64AllocationIncluded/M:32/K:32/N:32                 9.83 us         9.83 us       143799  6.67028/s
BM_MatmulBlocked16x32x64AllocationIncluded/M:32/K:32/N:32                 9.73 us         9.73 us       143799  6.73234/s
BM_MatmulBlocked16x32x64AllocationIncluded/M:32/K:32/N:32                 9.70 us         9.70 us       143799  6.75601/s
BM_MatmulBlocked16x32x64AllocationIncluded/M:32/K:32/N:32                 9.77 us         9.76 us       143799  6.71136/s
BM_MatmulBlocked16x32x64AllocationIncluded/M:32/K:32/N:32                 9.82 us         9.82 us       143799  6.67115/s
BM_MatmulBlocked16x32x64AllocationIncluded/M:32/K:32/N:32                 9.96 us         9.96 us       143799  6.57928/s
BM_MatmulBlocked16x32x64AllocationIncluded/M:32/K:32/N:32_mean            9.84 us         9.83 us           10   6.6684/s
BM_MatmulBlocked16x32x64AllocationIncluded/M:32/K:32/N:32_median          9.83 us         9.82 us           10  6.67072/s
BM_MatmulBlocked16x32x64AllocationIncluded/M:32/K:32/N:32_stddev         0.127 us        0.111 us           10 0.0750265/s
BM_MatmulBlocked16x32x64AllocationIncluded/M:32/K:32/N:32_cv              1.29 %          1.13 %            10      1.13%
BM_MatmulBlocked16x32x64AllocationIncluded/M:128/K:128/N:128               330 us          330 us         4256  12.7095/s
BM_MatmulBlocked16x32x64AllocationIncluded/M:128/K:128/N:128               330 us          330 us         4256  12.6949/s
BM_MatmulBlocked16x32x64AllocationIncluded/M:128/K:128/N:128               330 us          330 us         4256  12.7007/s
BM_MatmulBlocked16x32x64AllocationIncluded/M:128/K:128/N:128               331 us          331 us         4256  12.6879/s
BM_MatmulBlocked16x32x64AllocationIncluded/M:128/K:128/N:128               330 us          330 us         4256  12.7089/s
BM_MatmulBlocked16x32x64AllocationIncluded/M:128/K:128/N:128               330 us          330 us         4256  12.7069/s
BM_MatmulBlocked16x32x64AllocationIncluded/M:128/K:128/N:128               330 us          330 us         4256  12.7008/s
BM_MatmulBlocked16x32x64AllocationIncluded/M:128/K:128/N:128               331 us          331 us         4256  12.6754/s
BM_MatmulBlocked16x32x64AllocationIncluded/M:128/K:128/N:128               330 us          330 us         4256  12.7179/s
BM_MatmulBlocked16x32x64AllocationIncluded/M:128/K:128/N:128               330 us          330 us         4256  12.7159/s
BM_MatmulBlocked16x32x64AllocationIncluded/M:128/K:128/N:128_mean          330 us          330 us           10  12.7019/s
BM_MatmulBlocked16x32x64AllocationIncluded/M:128/K:128/N:128_median        330 us          330 us           10  12.7039/s
BM_MatmulBlocked16x32x64AllocationIncluded/M:128/K:128/N:128_stddev      0.353 us        0.339 us           10 0.0130444/s
BM_MatmulBlocked16x32x64AllocationIncluded/M:128/K:128/N:128_cv           0.11 %          0.10 %            10      0.10%
BM_MatmulBlocked16x32x64AllocationIncluded/M:256/K:256/N:256              2641 us         2641 us          531  12.7035/s
BM_MatmulBlocked16x32x64AllocationIncluded/M:256/K:256/N:256              2652 us         2652 us          531  12.6524/s
BM_MatmulBlocked16x32x64AllocationIncluded/M:256/K:256/N:256              2644 us         2644 us          531  12.6923/s
BM_MatmulBlocked16x32x64AllocationIncluded/M:256/K:256/N:256              2639 us         2639 us          531  12.7129/s
BM_MatmulBlocked16x32x64AllocationIncluded/M:256/K:256/N:256              2652 us         2652 us          531  12.6541/s
BM_MatmulBlocked16x32x64AllocationIncluded/M:256/K:256/N:256              2644 us         2644 us          531  12.6932/s
BM_MatmulBlocked16x32x64AllocationIncluded/M:256/K:256/N:256              2645 us         2645 us          531  12.6845/s
BM_MatmulBlocked16x32x64AllocationIncluded/M:256/K:256/N:256              2651 us         2651 us          531  12.6568/s
BM_MatmulBlocked16x32x64AllocationIncluded/M:256/K:256/N:256              2642 us         2642 us          531  12.7003/s
BM_MatmulBlocked16x32x64AllocationIncluded/M:256/K:256/N:256              2643 us         2642 us          531  12.6984/s
BM_MatmulBlocked16x32x64AllocationIncluded/M:256/K:256/N:256_mean         2645 us         2645 us           10  12.6848/s
BM_MatmulBlocked16x32x64AllocationIncluded/M:256/K:256/N:256_median       2644 us         2644 us           10  12.6927/s
BM_MatmulBlocked16x32x64AllocationIncluded/M:256/K:256/N:256_stddev       4.73 us         4.65 us           10 0.0222978/s
BM_MatmulBlocked16x32x64AllocationIncluded/M:256/K:256/N:256_cv           0.18 %          0.18 %            10      0.18%
BM_MatmulBlocked16x32x64AllocationIncluded/M:512/K:512/N:512             21113 us        21113 us           66  12.7144/s
BM_MatmulBlocked16x32x64AllocationIncluded/M:512/K:512/N:512             21181 us        21179 us           66  12.6746/s
BM_MatmulBlocked16x32x64AllocationIncluded/M:512/K:512/N:512             21254 us        21253 us           66  12.6307/s
BM_MatmulBlocked16x32x64AllocationIncluded/M:512/K:512/N:512             21129 us        21129 us           66  12.7047/s
BM_MatmulBlocked16x32x64AllocationIncluded/M:512/K:512/N:512             21182 us        21181 us           66  12.6737/s
BM_MatmulBlocked16x32x64AllocationIncluded/M:512/K:512/N:512             21203 us        21200 us           66  12.6618/s
BM_MatmulBlocked16x32x64AllocationIncluded/M:512/K:512/N:512             21238 us        21226 us           66  12.6466/s
BM_MatmulBlocked16x32x64AllocationIncluded/M:512/K:512/N:512             22066 us        21836 us           66  12.2933/s
BM_MatmulBlocked16x32x64AllocationIncluded/M:512/K:512/N:512             21180 us        21179 us           66  12.6744/s
BM_MatmulBlocked16x32x64AllocationIncluded/M:512/K:512/N:512             21140 us        21138 us           66  12.6994/s
BM_MatmulBlocked16x32x64AllocationIncluded/M:512/K:512/N:512_mean        21269 us        21243 us           10  12.6374/s
BM_MatmulBlocked16x32x64AllocationIncluded/M:512/K:512/N:512_median      21181 us        21180 us           10   12.674/s
BM_MatmulBlocked16x32x64AllocationIncluded/M:512/K:512/N:512_stddev        284 us          213 us           10 0.123616/s
BM_MatmulBlocked16x32x64AllocationIncluded/M:512/K:512/N:512_cv           1.33 %          1.00 %            10      0.98%
BM_MatmulBlocked16x32x64AllocationIncluded/M:129/K:257/N:131               792 us          792 us         1772  10.9679/s
BM_MatmulBlocked16x32x64AllocationIncluded/M:129/K:257/N:131               794 us          794 us         1772  10.9375/s
BM_MatmulBlocked16x32x64AllocationIncluded/M:129/K:257/N:131               791 us          791 us         1772  10.9793/s
BM_MatmulBlocked16x32x64AllocationIncluded/M:129/K:257/N:131               793 us          793 us         1772  10.9494/s
BM_MatmulBlocked16x32x64AllocationIncluded/M:129/K:257/N:131               795 us          795 us         1772  10.9212/s
BM_MatmulBlocked16x32x64AllocationIncluded/M:129/K:257/N:131               791 us          791 us         1772  10.9825/s
BM_MatmulBlocked16x32x64AllocationIncluded/M:129/K:257/N:131               794 us          794 us         1772  10.9414/s
BM_MatmulBlocked16x32x64AllocationIncluded/M:129/K:257/N:131               792 us          792 us         1772  10.9682/s
BM_MatmulBlocked16x32x64AllocationIncluded/M:129/K:257/N:131               791 us          791 us         1772  10.9852/s
BM_MatmulBlocked16x32x64AllocationIncluded/M:129/K:257/N:131               795 us          795 us         1772  10.9313/s
BM_MatmulBlocked16x32x64AllocationIncluded/M:129/K:257/N:131_mean          793 us          793 us           10  10.9564/s
BM_MatmulBlocked16x32x64AllocationIncluded/M:129/K:257/N:131_median        793 us          793 us           10  10.9586/s
BM_MatmulBlocked16x32x64AllocationIncluded/M:129/K:257/N:131_stddev       1.69 us         1.67 us           10 0.0231098/s
BM_MatmulBlocked16x32x64AllocationIncluded/M:129/K:257/N:131_cv           0.21 %          0.21 %            10      0.21%
BM_MatmulBlocked16x32x64AllocationIncluded/M:63/K:65/N:67                 54.9 us         54.9 us        25476  9.99846/s
BM_MatmulBlocked16x32x64AllocationIncluded/M:63/K:65/N:67                 54.7 us         54.7 us        25476  10.0281/s
BM_MatmulBlocked16x32x64AllocationIncluded/M:63/K:65/N:67                 54.7 us         54.7 us        25476  10.0286/s
BM_MatmulBlocked16x32x64AllocationIncluded/M:63/K:65/N:67                 55.0 us         55.0 us        25476  9.98513/s
BM_MatmulBlocked16x32x64AllocationIncluded/M:63/K:65/N:67                 54.7 us         54.7 us        25476  10.0228/s
BM_MatmulBlocked16x32x64AllocationIncluded/M:63/K:65/N:67                 54.8 us         54.8 us        25476  10.0118/s
BM_MatmulBlocked16x32x64AllocationIncluded/M:63/K:65/N:67                 55.7 us         55.7 us        25476  9.84672/s
BM_MatmulBlocked16x32x64AllocationIncluded/M:63/K:65/N:67                 55.4 us         55.4 us        25476  9.90491/s
BM_MatmulBlocked16x32x64AllocationIncluded/M:63/K:65/N:67                 54.9 us         54.8 us        25476  10.0048/s
BM_MatmulBlocked16x32x64AllocationIncluded/M:63/K:65/N:67                 54.9 us         54.9 us        25476  9.99188/s
BM_MatmulBlocked16x32x64AllocationIncluded/M:63/K:65/N:67_mean            55.0 us         55.0 us           10  9.98232/s
BM_MatmulBlocked16x32x64AllocationIncluded/M:63/K:65/N:67_median          54.9 us         54.9 us           10  10.0016/s
BM_MatmulBlocked16x32x64AllocationIncluded/M:63/K:65/N:67_stddev         0.333 us        0.331 us           10 0.0596209/s
BM_MatmulBlocked16x32x64AllocationIncluded/M:63/K:65/N:67_cv              0.61 %          0.60 %            10      0.60%
BM_MatmulBlocked16x32x64AllocationIncluded/M:1/K:256/N:256                10.4 us         10.4 us       135080  12.6027/s
BM_MatmulBlocked16x32x64AllocationIncluded/M:1/K:256/N:256                10.4 us         10.4 us       135080  12.6066/s
BM_MatmulBlocked16x32x64AllocationIncluded/M:1/K:256/N:256                10.4 us         10.4 us       135080  12.6063/s
BM_MatmulBlocked16x32x64AllocationIncluded/M:1/K:256/N:256                10.6 us         10.6 us       135080  12.3945/s
BM_MatmulBlocked16x32x64AllocationIncluded/M:1/K:256/N:256                10.4 us         10.4 us       135080  12.6115/s
BM_MatmulBlocked16x32x64AllocationIncluded/M:1/K:256/N:256                10.4 us         10.4 us       135080  12.6263/s
BM_MatmulBlocked16x32x64AllocationIncluded/M:1/K:256/N:256                10.4 us         10.4 us       135080  12.6046/s
BM_MatmulBlocked16x32x64AllocationIncluded/M:1/K:256/N:256                10.4 us         10.4 us       135080  12.6293/s
BM_MatmulBlocked16x32x64AllocationIncluded/M:1/K:256/N:256                10.4 us         10.4 us       135080  12.6223/s
BM_MatmulBlocked16x32x64AllocationIncluded/M:1/K:256/N:256                10.5 us         10.5 us       135080  12.5102/s
BM_MatmulBlocked16x32x64AllocationIncluded/M:1/K:256/N:256_mean           10.4 us         10.4 us           10  12.5814/s
BM_MatmulBlocked16x32x64AllocationIncluded/M:1/K:256/N:256_median         10.4 us         10.4 us           10  12.6064/s
BM_MatmulBlocked16x32x64AllocationIncluded/M:1/K:256/N:256_stddev        0.069 us        0.062 us           10 0.0738853/s
BM_MatmulBlocked16x32x64AllocationIncluded/M:1/K:256/N:256_cv             0.66 %          0.59 %            10      0.59%
BM_MatmulBlocked16x32x64AllocationIncluded/M:256/K:256/N:1                94.7 us         94.7 us        12953  1.38367/s
BM_MatmulBlocked16x32x64AllocationIncluded/M:256/K:256/N:1                97.5 us         97.1 us        12953  1.34943/s
BM_MatmulBlocked16x32x64AllocationIncluded/M:256/K:256/N:1                95.0 us         95.0 us        12953  1.37965/s
BM_MatmulBlocked16x32x64AllocationIncluded/M:256/K:256/N:1                94.7 us         94.7 us        12953  1.38469/s
BM_MatmulBlocked16x32x64AllocationIncluded/M:256/K:256/N:1                94.3 us         94.3 us        12953     1.39/s
BM_MatmulBlocked16x32x64AllocationIncluded/M:256/K:256/N:1                94.2 us         94.2 us        12953  1.39164/s
BM_MatmulBlocked16x32x64AllocationIncluded/M:256/K:256/N:1                94.8 us         94.8 us        12953  1.38259/s
BM_MatmulBlocked16x32x64AllocationIncluded/M:256/K:256/N:1                95.4 us         95.4 us        12953  1.37392/s
BM_MatmulBlocked16x32x64AllocationIncluded/M:256/K:256/N:1                94.3 us         94.3 us        12953  1.39012/s
BM_MatmulBlocked16x32x64AllocationIncluded/M:256/K:256/N:1                94.4 us         94.4 us        12953  1.38811/s
BM_MatmulBlocked16x32x64AllocationIncluded/M:256/K:256/N:1_mean           94.9 us         94.9 us           10  1.38138/s
BM_MatmulBlocked16x32x64AllocationIncluded/M:256/K:256/N:1_median         94.7 us         94.7 us           10  1.38418/s
BM_MatmulBlocked16x32x64AllocationIncluded/M:256/K:256/N:1_stddev        0.985 us        0.870 us           10 0.0124639/s
BM_MatmulBlocked16x32x64AllocationIncluded/M:256/K:256/N:1_cv             1.04 %          0.92 %            10      0.90%
BM_MatmulBlocked16x32x64AllocationIncluded/M:32/K:256/N:64                82.4 us         82.3 us        17113  12.7351/s
BM_MatmulBlocked16x32x64AllocationIncluded/M:32/K:256/N:64                82.0 us         81.9 us        17113  12.7963/s
BM_MatmulBlocked16x32x64AllocationIncluded/M:32/K:256/N:64                82.0 us         81.9 us        17113  12.7989/s
BM_MatmulBlocked16x32x64AllocationIncluded/M:32/K:256/N:64                82.1 us         82.1 us        17113  12.7675/s
BM_MatmulBlocked16x32x64AllocationIncluded/M:32/K:256/N:64                81.3 us         81.3 us        17113  12.8965/s
BM_MatmulBlocked16x32x64AllocationIncluded/M:32/K:256/N:64                81.6 us         81.6 us        17113  12.8528/s
BM_MatmulBlocked16x32x64AllocationIncluded/M:32/K:256/N:64                82.2 us         82.2 us        17113  12.7524/s
BM_MatmulBlocked16x32x64AllocationIncluded/M:32/K:256/N:64                81.9 us         81.9 us        17113   12.798/s
BM_MatmulBlocked16x32x64AllocationIncluded/M:32/K:256/N:64                82.2 us         82.2 us        17113  12.7534/s
BM_MatmulBlocked16x32x64AllocationIncluded/M:32/K:256/N:64                81.8 us         81.8 us        17113  12.8227/s
BM_MatmulBlocked16x32x64AllocationIncluded/M:32/K:256/N:64_mean           82.0 us         81.9 us           10  12.7974/s
BM_MatmulBlocked16x32x64AllocationIncluded/M:32/K:256/N:64_median         82.0 us         81.9 us           10  12.7972/s
BM_MatmulBlocked16x32x64AllocationIncluded/M:32/K:256/N:64_stddev        0.327 us        0.318 us           10 0.0497494/s
BM_MatmulBlocked16x32x64AllocationIncluded/M:32/K:256/N:64_cv             0.40 %          0.39 %            10      0.39%
BM_MatmulBlocked16x32x64AllocationIncluded/M:32/K:256/N:255                329 us          329 us         4278   12.703/s
BM_MatmulBlocked16x32x64AllocationIncluded/M:32/K:256/N:255                328 us          328 us         4278   12.747/s
BM_MatmulBlocked16x32x64AllocationIncluded/M:32/K:256/N:255                327 us          327 us         4278  12.7577/s
BM_MatmulBlocked16x32x64AllocationIncluded/M:32/K:256/N:255                329 us          329 us         4278  12.7162/s
BM_MatmulBlocked16x32x64AllocationIncluded/M:32/K:256/N:255                328 us          328 us         4278  12.7369/s
BM_MatmulBlocked16x32x64AllocationIncluded/M:32/K:256/N:255                328 us          328 us         4278  12.7311/s
BM_MatmulBlocked16x32x64AllocationIncluded/M:32/K:256/N:255                328 us          328 us         4278  12.7333/s
BM_MatmulBlocked16x32x64AllocationIncluded/M:32/K:256/N:255                327 us          327 us         4278  12.7576/s
BM_MatmulBlocked16x32x64AllocationIncluded/M:32/K:256/N:255                328 us          328 us         4278  12.7234/s
BM_MatmulBlocked16x32x64AllocationIncluded/M:32/K:256/N:255                328 us          328 us         4278  12.7213/s
BM_MatmulBlocked16x32x64AllocationIncluded/M:32/K:256/N:255_mean           328 us          328 us           10  12.7327/s
BM_MatmulBlocked16x32x64AllocationIncluded/M:32/K:256/N:255_median         328 us          328 us           10  12.7322/s
BM_MatmulBlocked16x32x64AllocationIncluded/M:32/K:256/N:255_stddev       0.465 us        0.458 us           10 0.0177622/s
BM_MatmulBlocked16x32x64AllocationIncluded/M:32/K:256/N:255_cv            0.14 %          0.14 %            10      0.14%
BM_MatmulBlocked16x32x64AllocationIncluded/M:32/K:256/N:256                332 us          332 us         4196  12.6461/s
BM_MatmulBlocked16x32x64AllocationIncluded/M:32/K:256/N:256                331 us          331 us         4196  12.6849/s
BM_MatmulBlocked16x32x64AllocationIncluded/M:32/K:256/N:256                332 us          332 us         4196  12.6486/s
BM_MatmulBlocked16x32x64AllocationIncluded/M:32/K:256/N:256                332 us          332 us         4196  12.6358/s
BM_MatmulBlocked16x32x64AllocationIncluded/M:32/K:256/N:256                337 us          336 us         4196  12.4716/s
BM_MatmulBlocked16x32x64AllocationIncluded/M:32/K:256/N:256                332 us          332 us         4196  12.6296/s
BM_MatmulBlocked16x32x64AllocationIncluded/M:32/K:256/N:256                330 us          330 us         4196  12.6916/s
BM_MatmulBlocked16x32x64AllocationIncluded/M:32/K:256/N:256                332 us          332 us         4196  12.6343/s
BM_MatmulBlocked16x32x64AllocationIncluded/M:32/K:256/N:256                331 us          331 us         4196  12.6607/s
BM_MatmulBlocked16x32x64AllocationIncluded/M:32/K:256/N:256                331 us          331 us         4196  12.6877/s
BM_MatmulBlocked16x32x64AllocationIncluded/M:32/K:256/N:256_mean           332 us          332 us           10  12.6391/s
BM_MatmulBlocked16x32x64AllocationIncluded/M:32/K:256/N:256_median         332 us          332 us           10  12.6474/s
BM_MatmulBlocked16x32x64AllocationIncluded/M:32/K:256/N:256_stddev        1.79 us         1.68 us           10 0.0632369/s
BM_MatmulBlocked16x32x64AllocationIncluded/M:32/K:256/N:256_cv            0.54 %          0.51 %            10      0.50%
BM_MatmulBlocked16x32x64AllocationIncluded/M:32/K:256/N:257                356 us          356 us         3940  11.8153/s
BM_MatmulBlocked16x32x64AllocationIncluded/M:32/K:256/N:257                356 us          356 us         3940  11.8174/s
BM_MatmulBlocked16x32x64AllocationIncluded/M:32/K:256/N:257                357 us          357 us         3940  11.7812/s
BM_MatmulBlocked16x32x64AllocationIncluded/M:32/K:256/N:257                356 us          356 us         3940  11.8169/s
BM_MatmulBlocked16x32x64AllocationIncluded/M:32/K:256/N:257                358 us          358 us         3940  11.7713/s
BM_MatmulBlocked16x32x64AllocationIncluded/M:32/K:256/N:257                356 us          356 us         3940  11.8144/s
BM_MatmulBlocked16x32x64AllocationIncluded/M:32/K:256/N:257                356 us          356 us         3940  11.8162/s
BM_MatmulBlocked16x32x64AllocationIncluded/M:32/K:256/N:257                357 us          357 us         3940  11.7882/s
BM_MatmulBlocked16x32x64AllocationIncluded/M:32/K:256/N:257                357 us          357 us         3940  11.7988/s
BM_MatmulBlocked16x32x64AllocationIncluded/M:32/K:256/N:257                356 us          356 us         3940  11.8254/s
BM_MatmulBlocked16x32x64AllocationIncluded/M:32/K:256/N:257_mean           357 us          357 us           10  11.8045/s
BM_MatmulBlocked16x32x64AllocationIncluded/M:32/K:256/N:257_median         356 us          356 us           10  11.8148/s
BM_MatmulBlocked16x32x64AllocationIncluded/M:32/K:256/N:257_stddev       0.559 us        0.557 us           10 0.0184091/s
BM_MatmulBlocked16x32x64AllocationIncluded/M:32/K:256/N:257_cv            0.16 %          0.16 %            10      0.16%
BM_MatmulBlocked16x32x64AllocationIncluded/M:32/K:256/N:512                663 us          663 us         2114  12.6502/s
BM_MatmulBlocked16x32x64AllocationIncluded/M:32/K:256/N:512                665 us          664 us         2114   12.624/s
BM_MatmulBlocked16x32x64AllocationIncluded/M:32/K:256/N:512                664 us          664 us         2114  12.6307/s
BM_MatmulBlocked16x32x64AllocationIncluded/M:32/K:256/N:512                664 us          664 us         2114  12.6423/s
BM_MatmulBlocked16x32x64AllocationIncluded/M:32/K:256/N:512                665 us          665 us         2114  12.6156/s
BM_MatmulBlocked16x32x64AllocationIncluded/M:32/K:256/N:512                662 us          662 us         2114  12.6686/s
BM_MatmulBlocked16x32x64AllocationIncluded/M:32/K:256/N:512                663 us          663 us         2114  12.6441/s
BM_MatmulBlocked16x32x64AllocationIncluded/M:32/K:256/N:512                666 us          666 us         2114  12.6017/s
BM_MatmulBlocked16x32x64AllocationIncluded/M:32/K:256/N:512                662 us          662 us         2114  12.6792/s
BM_MatmulBlocked16x32x64AllocationIncluded/M:32/K:256/N:512                661 us          661 us         2114  12.6859/s
BM_MatmulBlocked16x32x64AllocationIncluded/M:32/K:256/N:512_mean           663 us          663 us           10  12.6442/s
BM_MatmulBlocked16x32x64AllocationIncluded/M:32/K:256/N:512_median         663 us          663 us           10  12.6432/s
BM_MatmulBlocked16x32x64AllocationIncluded/M:32/K:256/N:512_stddev        1.44 us         1.44 us           10 0.0275251/s
BM_MatmulBlocked16x32x64AllocationIncluded/M:32/K:256/N:512_cv            0.22 %          0.22 %            10      0.22%
BM_MatmulBlocked16x32x64AllocationIncluded/M:32/K:256/N:1024              1350 us         1350 us         1039  12.4258/s
BM_MatmulBlocked16x32x64AllocationIncluded/M:32/K:256/N:1024              1358 us         1358 us         1039  12.3522/s
BM_MatmulBlocked16x32x64AllocationIncluded/M:32/K:256/N:1024              1349 us         1349 us         1039  12.4345/s
BM_MatmulBlocked16x32x64AllocationIncluded/M:32/K:256/N:1024              1389 us         1386 us         1039  12.1078/s
BM_MatmulBlocked16x32x64AllocationIncluded/M:32/K:256/N:1024              1352 us         1352 us         1039  12.4062/s
BM_MatmulBlocked16x32x64AllocationIncluded/M:32/K:256/N:1024              1348 us         1348 us         1039  12.4457/s
BM_MatmulBlocked16x32x64AllocationIncluded/M:32/K:256/N:1024              1346 us         1346 us         1039  12.4607/s
BM_MatmulBlocked16x32x64AllocationIncluded/M:32/K:256/N:1024              1356 us         1356 us         1039  12.3713/s
BM_MatmulBlocked16x32x64AllocationIncluded/M:32/K:256/N:1024              1352 us         1352 us         1039  12.4118/s
BM_MatmulBlocked16x32x64AllocationIncluded/M:32/K:256/N:1024              1361 us         1360 us         1039  12.3378/s
BM_MatmulBlocked16x32x64AllocationIncluded/M:32/K:256/N:1024_mean         1356 us         1356 us           10  12.3754/s
BM_MatmulBlocked16x32x64AllocationIncluded/M:32/K:256/N:1024_median       1352 us         1352 us           10   12.409/s
BM_MatmulBlocked16x32x64AllocationIncluded/M:32/K:256/N:1024_stddev       12.5 us         11.4 us           10 0.102273/s
BM_MatmulBlocked16x32x64AllocationIncluded/M:32/K:256/N:1024_cv           0.92 %          0.84 %            10      0.83%
