Unable to determine clock rate from sysctl: hw.cpufrequency: No such file or directory
This does not affect benchmark measurements, only the metadata output.
***WARNING*** Failed to set thread affinity. Estimated CPU frequency may be incorrect.
2026-10-07T15:53:55-07:00
Running /Users/aryamaandash/GitHub/cpu_optimized_inference_engine/build/benchmark-release/matmul_bench
Run on (11 X 24 MHz CPU s)
CPU Caches:
  L1 Data 64 KiB
  L1 Instruction 128 KiB
  L2 Unified 4096 KiB (x11)
Load Average: 2.98, 3.01, 2.77
-------------------------------------------------------------------------------------------------------------
Benchmark                                                        Time             CPU   Iterations     GFLOPS
-------------------------------------------------------------------------------------------------------------
BM_MatmulIkjAllocationIncluded/M:1/K:1/N:1                   0.025 us        0.024 us     59319520 0.0820525/s
BM_MatmulIkjAllocationIncluded/M:1/K:1/N:1                   0.025 us        0.025 us     59319520 0.0815717/s
BM_MatmulIkjAllocationIncluded/M:1/K:1/N:1                   0.024 us        0.024 us     59319520 0.0842829/s
BM_MatmulIkjAllocationIncluded/M:1/K:1/N:1                   0.024 us        0.024 us     59319520 0.0845773/s
BM_MatmulIkjAllocationIncluded/M:1/K:1/N:1                   0.024 us        0.024 us     59319520 0.0840542/s
BM_MatmulIkjAllocationIncluded/M:1/K:1/N:1                   0.024 us        0.024 us     59319520 0.0845535/s
BM_MatmulIkjAllocationIncluded/M:1/K:1/N:1                   0.026 us        0.025 us     59319520 0.0784388/s
BM_MatmulIkjAllocationIncluded/M:1/K:1/N:1                   0.024 us        0.024 us     59319520 0.0834058/s
BM_MatmulIkjAllocationIncluded/M:1/K:1/N:1                   0.024 us        0.024 us     59319520 0.0834724/s
BM_MatmulIkjAllocationIncluded/M:1/K:1/N:1                   0.024 us        0.024 us     59319520 0.0838694/s
BM_MatmulIkjAllocationIncluded/M:1/K:1/N:1_mean              0.024 us        0.024 us           10 0.0830278/s
BM_MatmulIkjAllocationIncluded/M:1/K:1/N:1_median            0.024 us        0.024 us           10 0.0836709/s
BM_MatmulIkjAllocationIncluded/M:1/K:1/N:1_stddev            0.001 us        0.001 us           10 1.90135m/s
BM_MatmulIkjAllocationIncluded/M:1/K:1/N:1_cv                 2.90 %          2.37 %            10      2.29%
BM_MatmulIkjAllocationIncluded/M:32/K:32/N:32                 6.68 us         6.68 us       211808  9.81577/s
BM_MatmulIkjAllocationIncluded/M:32/K:32/N:32                 6.74 us         6.72 us       211808  9.75644/s
BM_MatmulIkjAllocationIncluded/M:32/K:32/N:32                 6.61 us         6.61 us       211808  9.91892/s
BM_MatmulIkjAllocationIncluded/M:32/K:32/N:32                 6.62 us         6.62 us       211808  9.89829/s
BM_MatmulIkjAllocationIncluded/M:32/K:32/N:32                 6.62 us         6.62 us       211808  9.90399/s
BM_MatmulIkjAllocationIncluded/M:32/K:32/N:32                 6.62 us         6.62 us       211808  9.90511/s
BM_MatmulIkjAllocationIncluded/M:32/K:32/N:32                 6.64 us         6.64 us       211808  9.87255/s
BM_MatmulIkjAllocationIncluded/M:32/K:32/N:32                 6.61 us         6.61 us       211808   9.9107/s
BM_MatmulIkjAllocationIncluded/M:32/K:32/N:32                 6.62 us         6.62 us       211808  9.90081/s
BM_MatmulIkjAllocationIncluded/M:32/K:32/N:32                 6.63 us         6.63 us       211808  9.88243/s
BM_MatmulIkjAllocationIncluded/M:32/K:32/N:32_mean            6.64 us         6.64 us           10   9.8765/s
BM_MatmulIkjAllocationIncluded/M:32/K:32/N:32_median          6.62 us         6.62 us           10  9.89955/s
BM_MatmulIkjAllocationIncluded/M:32/K:32/N:32_stddev         0.041 us        0.035 us           10 0.0513827/s
BM_MatmulIkjAllocationIncluded/M:32/K:32/N:32_cv              0.62 %          0.52 %            10      0.52%
BM_MatmulIkjAllocationIncluded/M:128/K:128/N:128               177 us          177 us         7872  23.6317/s
BM_MatmulIkjAllocationIncluded/M:128/K:128/N:128               177 us          177 us         7872  23.6792/s
BM_MatmulIkjAllocationIncluded/M:128/K:128/N:128               177 us          177 us         7872  23.6945/s
BM_MatmulIkjAllocationIncluded/M:128/K:128/N:128               177 us          177 us         7872  23.6359/s
BM_MatmulIkjAllocationIncluded/M:128/K:128/N:128               177 us          177 us         7872    23.69/s
BM_MatmulIkjAllocationIncluded/M:128/K:128/N:128               177 us          177 us         7872   23.687/s
BM_MatmulIkjAllocationIncluded/M:128/K:128/N:128               178 us          178 us         7872  23.5934/s
BM_MatmulIkjAllocationIncluded/M:128/K:128/N:128               177 us          177 us         7872  23.6565/s
BM_MatmulIkjAllocationIncluded/M:128/K:128/N:128               177 us          177 us         7872  23.6752/s
BM_MatmulIkjAllocationIncluded/M:128/K:128/N:128               178 us          178 us         7872  23.5409/s
BM_MatmulIkjAllocationIncluded/M:128/K:128/N:128_mean          177 us          177 us           10  23.6484/s
BM_MatmulIkjAllocationIncluded/M:128/K:128/N:128_median        177 us          177 us           10  23.6659/s
BM_MatmulIkjAllocationIncluded/M:128/K:128/N:128_stddev      0.379 us        0.373 us           10 0.0495591/s
BM_MatmulIkjAllocationIncluded/M:128/K:128/N:128_cv           0.21 %          0.21 %            10      0.21%
BM_MatmulIkjAllocationIncluded/M:256/K:256/N:256              1227 us         1227 us         1142  27.3468/s
BM_MatmulIkjAllocationIncluded/M:256/K:256/N:256              1230 us         1230 us         1142  27.2815/s
BM_MatmulIkjAllocationIncluded/M:256/K:256/N:256              1226 us         1226 us         1142  27.3753/s
BM_MatmulIkjAllocationIncluded/M:256/K:256/N:256              1230 us         1229 us         1142  27.2918/s
BM_MatmulIkjAllocationIncluded/M:256/K:256/N:256              1226 us         1226 us         1142  27.3604/s
BM_MatmulIkjAllocationIncluded/M:256/K:256/N:256              1227 us         1227 us         1142  27.3394/s
BM_MatmulIkjAllocationIncluded/M:256/K:256/N:256              1227 us         1227 us         1142  27.3416/s
BM_MatmulIkjAllocationIncluded/M:256/K:256/N:256              1226 us         1226 us         1142  27.3677/s
BM_MatmulIkjAllocationIncluded/M:256/K:256/N:256              1229 us         1229 us         1142  27.3086/s
BM_MatmulIkjAllocationIncluded/M:256/K:256/N:256              1229 us         1229 us         1142  27.3006/s
BM_MatmulIkjAllocationIncluded/M:256/K:256/N:256_mean         1228 us         1228 us           10  27.3314/s
BM_MatmulIkjAllocationIncluded/M:256/K:256/N:256_median       1227 us         1227 us           10  27.3405/s
BM_MatmulIkjAllocationIncluded/M:256/K:256/N:256_stddev       1.53 us         1.50 us           10 0.0333555/s
BM_MatmulIkjAllocationIncluded/M:256/K:256/N:256_cv           0.12 %          0.12 %            10      0.12%
BM_MatmulIkjAllocationIncluded/M:512/K:512/N:512              9570 us         9566 us          148  28.0625/s
BM_MatmulIkjAllocationIncluded/M:512/K:512/N:512              9506 us         9506 us          148  28.2392/s
BM_MatmulIkjAllocationIncluded/M:512/K:512/N:512              9959 us         9851 us          148  27.2497/s
BM_MatmulIkjAllocationIncluded/M:512/K:512/N:512              9736 us         9717 us          148  27.6258/s
BM_MatmulIkjAllocationIncluded/M:512/K:512/N:512              9602 us         9596 us          148   27.975/s
BM_MatmulIkjAllocationIncluded/M:512/K:512/N:512              9626 us         9610 us          148  27.9319/s
BM_MatmulIkjAllocationIncluded/M:512/K:512/N:512             10369 us        10208 us          148  26.2975/s
BM_MatmulIkjAllocationIncluded/M:512/K:512/N:512              9602 us         9591 us          148  27.9868/s
BM_MatmulIkjAllocationIncluded/M:512/K:512/N:512              9509 us         9508 us          148  28.2313/s
BM_MatmulIkjAllocationIncluded/M:512/K:512/N:512             10601 us        10109 us          148  26.5538/s
BM_MatmulIkjAllocationIncluded/M:512/K:512/N:512_mean         9808 us         9726 us           10  27.6153/s
BM_MatmulIkjAllocationIncluded/M:512/K:512/N:512_median       9614 us         9603 us           10  27.9534/s
BM_MatmulIkjAllocationIncluded/M:512/K:512/N:512_stddev        384 us          250 us           10 0.693898/s
BM_MatmulIkjAllocationIncluded/M:512/K:512/N:512_cv           3.92 %          2.57 %            10      2.51%
BM_MatmulIkjAllocationIncluded/M:129/K:257/N:131               394 us          393 us         3663  22.1019/s
BM_MatmulIkjAllocationIncluded/M:129/K:257/N:131               389 us          389 us         3663  22.3325/s
BM_MatmulIkjAllocationIncluded/M:129/K:257/N:131               418 us          411 us         3663  21.1342/s
BM_MatmulIkjAllocationIncluded/M:129/K:257/N:131               393 us          392 us         3663  22.1444/s
BM_MatmulIkjAllocationIncluded/M:129/K:257/N:131               388 us          388 us         3663  22.3864/s
BM_MatmulIkjAllocationIncluded/M:129/K:257/N:131               396 us          394 us         3663  22.0361/s
BM_MatmulIkjAllocationIncluded/M:129/K:257/N:131               383 us          383 us         3663  22.7044/s
BM_MatmulIkjAllocationIncluded/M:129/K:257/N:131               383 us          383 us         3663  22.6885/s
BM_MatmulIkjAllocationIncluded/M:129/K:257/N:131               391 us          389 us         3663  22.3527/s
BM_MatmulIkjAllocationIncluded/M:129/K:257/N:131               392 us          391 us         3663    22.24/s
BM_MatmulIkjAllocationIncluded/M:129/K:257/N:131_mean          393 us          391 us           10  22.2121/s
BM_MatmulIkjAllocationIncluded/M:129/K:257/N:131_median        391 us          390 us           10  22.2863/s
BM_MatmulIkjAllocationIncluded/M:129/K:257/N:131_stddev       10.0 us         7.97 us           10 0.440236/s
BM_MatmulIkjAllocationIncluded/M:129/K:257/N:131_cv           2.56 %          2.04 %            10      1.98%
BM_MatmulIkjAllocationIncluded/M:63/K:65/N:67                 23.6 us         23.6 us        59305  23.2954/s
BM_MatmulIkjAllocationIncluded/M:63/K:65/N:67                 23.6 us         23.6 us        59305  23.2468/s
BM_MatmulIkjAllocationIncluded/M:63/K:65/N:67                 23.7 us         23.7 us        59305  23.1617/s
BM_MatmulIkjAllocationIncluded/M:63/K:65/N:67                 24.7 us         24.4 us        59305  22.4798/s
BM_MatmulIkjAllocationIncluded/M:63/K:65/N:67                 23.9 us         23.9 us        59305  22.9713/s
BM_MatmulIkjAllocationIncluded/M:63/K:65/N:67                 23.6 us         23.6 us        59305  23.2748/s
BM_MatmulIkjAllocationIncluded/M:63/K:65/N:67                 23.5 us         23.5 us        59305  23.3226/s
BM_MatmulIkjAllocationIncluded/M:63/K:65/N:67                 23.8 us         23.8 us        59305  23.0769/s
BM_MatmulIkjAllocationIncluded/M:63/K:65/N:67                 23.6 us         23.6 us        59305  23.2173/s
BM_MatmulIkjAllocationIncluded/M:63/K:65/N:67                 23.5 us         23.5 us        59305  23.3192/s
BM_MatmulIkjAllocationIncluded/M:63/K:65/N:67_mean            23.8 us         23.7 us           10  23.1366/s
BM_MatmulIkjAllocationIncluded/M:63/K:65/N:67_median          23.6 us         23.6 us           10  23.2321/s
BM_MatmulIkjAllocationIncluded/M:63/K:65/N:67_stddev         0.351 us        0.269 us           10 0.256858/s
BM_MatmulIkjAllocationIncluded/M:63/K:65/N:67_cv              1.48 %          1.13 %            10      1.11%
BM_MatmulIkjAllocationIncluded/M:1/K:256/N:256                4.81 us         4.81 us       291413  27.2661/s
BM_MatmulIkjAllocationIncluded/M:1/K:256/N:256                4.80 us         4.80 us       291413  27.3175/s
BM_MatmulIkjAllocationIncluded/M:1/K:256/N:256                4.81 us         4.81 us       291413  27.2777/s
BM_MatmulIkjAllocationIncluded/M:1/K:256/N:256                4.82 us         4.82 us       291413   27.213/s
BM_MatmulIkjAllocationIncluded/M:1/K:256/N:256                4.80 us         4.80 us       291413  27.3306/s
BM_MatmulIkjAllocationIncluded/M:1/K:256/N:256                4.84 us         4.84 us       291413  27.0753/s
BM_MatmulIkjAllocationIncluded/M:1/K:256/N:256                4.82 us         4.82 us       291413  27.2107/s
BM_MatmulIkjAllocationIncluded/M:1/K:256/N:256                4.80 us         4.80 us       291413  27.3103/s
BM_MatmulIkjAllocationIncluded/M:1/K:256/N:256                4.81 us         4.81 us       291413   27.234/s
BM_MatmulIkjAllocationIncluded/M:1/K:256/N:256                4.80 us         4.80 us       291413  27.2959/s
BM_MatmulIkjAllocationIncluded/M:1/K:256/N:256_mean           4.81 us         4.81 us           10  27.2531/s
BM_MatmulIkjAllocationIncluded/M:1/K:256/N:256_median         4.81 us         4.81 us           10  27.2719/s
BM_MatmulIkjAllocationIncluded/M:1/K:256/N:256_stddev        0.014 us        0.013 us           10 0.0755849/s
BM_MatmulIkjAllocationIncluded/M:1/K:256/N:256_cv             0.29 %          0.28 %            10      0.28%
BM_MatmulIkjAllocationIncluded/M:256/K:256/N:1                 201 us          201 us         7061 0.653267/s
BM_MatmulIkjAllocationIncluded/M:256/K:256/N:1                 199 us          199 us         7061 0.659507/s
BM_MatmulIkjAllocationIncluded/M:256/K:256/N:1                 200 us          200 us         7061  0.65619/s
BM_MatmulIkjAllocationIncluded/M:256/K:256/N:1                 199 us          199 us         7061  0.65795/s
BM_MatmulIkjAllocationIncluded/M:256/K:256/N:1                 199 us          199 us         7061 0.657229/s
BM_MatmulIkjAllocationIncluded/M:256/K:256/N:1                 198 us          198 us         7061  0.66142/s
BM_MatmulIkjAllocationIncluded/M:256/K:256/N:1                 200 us          200 us         7061 0.654981/s
BM_MatmulIkjAllocationIncluded/M:256/K:256/N:1                 199 us          199 us         7061 0.660081/s
BM_MatmulIkjAllocationIncluded/M:256/K:256/N:1                 198 us          198 us         7061 0.660386/s
BM_MatmulIkjAllocationIncluded/M:256/K:256/N:1                 199 us          199 us         7061 0.657174/s
BM_MatmulIkjAllocationIncluded/M:256/K:256/N:1_mean            199 us          199 us           10 0.657818/s
BM_MatmulIkjAllocationIncluded/M:256/K:256/N:1_median          199 us          199 us           10  0.65759/s
BM_MatmulIkjAllocationIncluded/M:256/K:256/N:1_stddev        0.778 us        0.781 us           10 2.57605m/s
BM_MatmulIkjAllocationIncluded/M:256/K:256/N:1_cv             0.39 %          0.39 %            10      0.39%
BM_MatmulIkjAllocationIncluded/M:32/K:256/N:64                61.5 us         61.5 us        21487   17.045/s
BM_MatmulIkjAllocationIncluded/M:32/K:256/N:64                61.6 us         61.6 us        21487  17.0186/s
BM_MatmulIkjAllocationIncluded/M:32/K:256/N:64                62.5 us         62.5 us        21487  16.7727/s
BM_MatmulIkjAllocationIncluded/M:32/K:256/N:64                63.4 us         62.9 us        21487  16.6705/s
BM_MatmulIkjAllocationIncluded/M:32/K:256/N:64                66.2 us         64.5 us        21487  16.2512/s
BM_MatmulIkjAllocationIncluded/M:32/K:256/N:64                63.7 us         63.3 us        21487   16.569/s
BM_MatmulIkjAllocationIncluded/M:32/K:256/N:64                64.2 us         63.8 us        21487  16.4429/s
BM_MatmulIkjAllocationIncluded/M:32/K:256/N:64                63.8 us         63.4 us        21487  16.5286/s
BM_MatmulIkjAllocationIncluded/M:32/K:256/N:64                65.7 us         64.7 us        21487  16.2114/s
BM_MatmulIkjAllocationIncluded/M:32/K:256/N:64                67.1 us         65.3 us        21487  16.0681/s
BM_MatmulIkjAllocationIncluded/M:32/K:256/N:64_mean           64.0 us         63.4 us           10  16.5578/s
BM_MatmulIkjAllocationIncluded/M:32/K:256/N:64_median         63.7 us         63.4 us           10  16.5488/s
BM_MatmulIkjAllocationIncluded/M:32/K:256/N:64_stddev         1.89 us         1.26 us           10 0.329392/s
BM_MatmulIkjAllocationIncluded/M:32/K:256/N:64_cv             2.95 %          1.99 %            10      1.99%
BM_MatmulIkjAllocationIncluded/M:32/K:256/N:255                207 us          202 us         7070   20.651/s
BM_MatmulIkjAllocationIncluded/M:32/K:256/N:255                195 us          194 us         7070  21.5486/s
BM_MatmulIkjAllocationIncluded/M:32/K:256/N:255                205 us          199 us         7070  21.0387/s
BM_MatmulIkjAllocationIncluded/M:32/K:256/N:255                190 us          190 us         7070  21.9449/s
BM_MatmulIkjAllocationIncluded/M:32/K:256/N:255                190 us          190 us         7070  22.0422/s
BM_MatmulIkjAllocationIncluded/M:32/K:256/N:255                190 us          190 us         7070  22.0233/s
BM_MatmulIkjAllocationIncluded/M:32/K:256/N:255                191 us          191 us         7070  21.8761/s
BM_MatmulIkjAllocationIncluded/M:32/K:256/N:255                190 us          190 us         7070  21.9679/s
BM_MatmulIkjAllocationIncluded/M:32/K:256/N:255                190 us          190 us         7070  21.9513/s
BM_MatmulIkjAllocationIncluded/M:32/K:256/N:255                190 us          190 us         7070  21.9928/s
BM_MatmulIkjAllocationIncluded/M:32/K:256/N:255_mean           194 us          193 us           10  21.7037/s
BM_MatmulIkjAllocationIncluded/M:32/K:256/N:255_median         190 us          190 us           10  21.9481/s
BM_MatmulIkjAllocationIncluded/M:32/K:256/N:255_stddev        6.55 us         4.41 us           10 0.482318/s
BM_MatmulIkjAllocationIncluded/M:32/K:256/N:255_cv            3.38 %          2.29 %            10      2.22%
BM_MatmulIkjAllocationIncluded/M:32/K:256/N:256                183 us          168 us         9023  24.9855/s
BM_MatmulIkjAllocationIncluded/M:32/K:256/N:256                164 us          162 us         9023  25.8709/s
BM_MatmulIkjAllocationIncluded/M:32/K:256/N:256                154 us          154 us         9023  27.2827/s
BM_MatmulIkjAllocationIncluded/M:32/K:256/N:256                154 us          154 us         9023   27.319/s
BM_MatmulIkjAllocationIncluded/M:32/K:256/N:256                154 us          154 us         9023  27.1987/s
BM_MatmulIkjAllocationIncluded/M:32/K:256/N:256                156 us          155 us         9023  26.9897/s
BM_MatmulIkjAllocationIncluded/M:32/K:256/N:256                154 us          154 us         9023  27.1926/s
BM_MatmulIkjAllocationIncluded/M:32/K:256/N:256                153 us          153 us         9023  27.4011/s
BM_MatmulIkjAllocationIncluded/M:32/K:256/N:256                154 us          154 us         9023  27.3157/s
BM_MatmulIkjAllocationIncluded/M:32/K:256/N:256                158 us          158 us         9023   26.578/s
BM_MatmulIkjAllocationIncluded/M:32/K:256/N:256_mean           158 us          157 us           10  26.8134/s
BM_MatmulIkjAllocationIncluded/M:32/K:256/N:256_median         154 us          154 us           10  27.1956/s
BM_MatmulIkjAllocationIncluded/M:32/K:256/N:256_stddev        9.32 us         4.84 us           10 0.794556/s
BM_MatmulIkjAllocationIncluded/M:32/K:256/N:256_cv            5.89 %          3.09 %            10      2.96%
BM_MatmulIkjAllocationIncluded/M:32/K:256/N:257                199 us          198 us         6980   21.222/s
BM_MatmulIkjAllocationIncluded/M:32/K:256/N:257                196 us          196 us         6980  21.4878/s
BM_MatmulIkjAllocationIncluded/M:32/K:256/N:257                197 us          197 us         6980  21.4064/s
BM_MatmulIkjAllocationIncluded/M:32/K:256/N:257                196 us          196 us         6980  21.4723/s
BM_MatmulIkjAllocationIncluded/M:32/K:256/N:257                196 us          195 us         6980  21.5383/s
BM_MatmulIkjAllocationIncluded/M:32/K:256/N:257                195 us          195 us         6980  21.5439/s
BM_MatmulIkjAllocationIncluded/M:32/K:256/N:257                196 us          196 us         6980  21.4889/s
BM_MatmulIkjAllocationIncluded/M:32/K:256/N:257                196 us          196 us         6980  21.5278/s
BM_MatmulIkjAllocationIncluded/M:32/K:256/N:257                196 us          196 us         6980  21.5295/s
BM_MatmulIkjAllocationIncluded/M:32/K:256/N:257                197 us          197 us         6980  21.3994/s
BM_MatmulIkjAllocationIncluded/M:32/K:256/N:257_mean           196 us          196 us           10  21.4616/s
BM_MatmulIkjAllocationIncluded/M:32/K:256/N:257_median         196 us          196 us           10  21.4883/s
BM_MatmulIkjAllocationIncluded/M:32/K:256/N:257_stddev        1.05 us        0.907 us           10 0.0986032/s
BM_MatmulIkjAllocationIncluded/M:32/K:256/N:257_cv            0.54 %          0.46 %            10      0.46%
BM_MatmulIkjAllocationIncluded/M:32/K:256/N:512                298 us          298 us         4619  28.1485/s
BM_MatmulIkjAllocationIncluded/M:32/K:256/N:512                297 us          297 us         4619  28.2306/s
BM_MatmulIkjAllocationIncluded/M:32/K:256/N:512                298 us          297 us         4619  28.1987/s
BM_MatmulIkjAllocationIncluded/M:32/K:256/N:512                302 us          301 us         4619  27.8449/s
BM_MatmulIkjAllocationIncluded/M:32/K:256/N:512                312 us          309 us         4619   27.108/s
BM_MatmulIkjAllocationIncluded/M:32/K:256/N:512                297 us          297 us         4619   28.253/s
BM_MatmulIkjAllocationIncluded/M:32/K:256/N:512                298 us          298 us         4619  28.1861/s
BM_MatmulIkjAllocationIncluded/M:32/K:256/N:512                298 us          298 us         4619  28.1707/s
BM_MatmulIkjAllocationIncluded/M:32/K:256/N:512                297 us          297 us         4619  28.2098/s
BM_MatmulIkjAllocationIncluded/M:32/K:256/N:512                298 us          298 us         4619  28.1806/s
BM_MatmulIkjAllocationIncluded/M:32/K:256/N:512_mean           299 us          299 us           10  28.0531/s
BM_MatmulIkjAllocationIncluded/M:32/K:256/N:512_median         298 us          298 us           10  28.1834/s
BM_MatmulIkjAllocationIncluded/M:32/K:256/N:512_stddev        4.57 us         3.85 us           10 0.351281/s
BM_MatmulIkjAllocationIncluded/M:32/K:256/N:512_cv            1.53 %          1.29 %            10      1.25%
BM_MatmulIkjAllocationIncluded/M:32/K:256/N:1024               575 us          575 us         2440  29.1991/s
BM_MatmulIkjAllocationIncluded/M:32/K:256/N:1024               573 us          573 us         2440  29.2733/s
BM_MatmulIkjAllocationIncluded/M:32/K:256/N:1024               573 us          573 us         2440  29.2793/s
BM_MatmulIkjAllocationIncluded/M:32/K:256/N:1024               575 us          575 us         2440  29.1635/s
BM_MatmulIkjAllocationIncluded/M:32/K:256/N:1024               576 us          576 us         2440   29.147/s
BM_MatmulIkjAllocationIncluded/M:32/K:256/N:1024               578 us          578 us         2440  29.0153/s
BM_MatmulIkjAllocationIncluded/M:32/K:256/N:1024               573 us          573 us         2440  29.2617/s
BM_MatmulIkjAllocationIncluded/M:32/K:256/N:1024               574 us          574 us         2440  29.2091/s
BM_MatmulIkjAllocationIncluded/M:32/K:256/N:1024               575 us          575 us         2440  29.1584/s
BM_MatmulIkjAllocationIncluded/M:32/K:256/N:1024               574 us          574 us         2440  29.2244/s
BM_MatmulIkjAllocationIncluded/M:32/K:256/N:1024_mean          575 us          575 us           10  29.1931/s
BM_MatmulIkjAllocationIncluded/M:32/K:256/N:1024_median        574 us          574 us           10  29.2041/s
BM_MatmulIkjAllocationIncluded/M:32/K:256/N:1024_stddev       1.62 us         1.55 us           10 0.0786431/s
BM_MatmulIkjAllocationIncluded/M:32/K:256/N:1024_cv           0.28 %          0.27 %            10      0.27%
