Unable to determine clock rate from sysctl: hw.cpufrequency: No such file or directory
This does not affect benchmark measurements, only the metadata output.
***WARNING*** Failed to set thread affinity. Estimated CPU frequency may be incorrect.
2026-10-07T15:58:00-07:00
Running /Users/aryamaandash/GitHub/cpu_optimized_inference_engine/build/benchmark-release/matmul_bench
Run on (11 X 24 MHz CPU s)
CPU Caches:
  L1 Data 64 KiB
  L1 Instruction 128 KiB
  L2 Unified 4096 KiB (x11)
Load Average: 3.63, 3.32, 2.95
------------------------------------------------------------------------------------------------------------------------
Benchmark                                                                   Time             CPU   Iterations     GFLOPS
------------------------------------------------------------------------------------------------------------------------
BM_MatmulBlocked8x32x64AllocationIncluded/M:1/K:1/N:1                   0.027 us        0.027 us     53114804 0.0752411/s
BM_MatmulBlocked8x32x64AllocationIncluded/M:1/K:1/N:1                   0.026 us        0.026 us     53114804 0.0758123/s
BM_MatmulBlocked8x32x64AllocationIncluded/M:1/K:1/N:1                   0.026 us        0.026 us     53114804 0.0755704/s
BM_MatmulBlocked8x32x64AllocationIncluded/M:1/K:1/N:1                   0.026 us        0.026 us     53114804 0.075861/s
BM_MatmulBlocked8x32x64AllocationIncluded/M:1/K:1/N:1                   0.026 us        0.026 us     53114804 0.0756698/s
BM_MatmulBlocked8x32x64AllocationIncluded/M:1/K:1/N:1                   0.026 us        0.026 us     53114804 0.0757716/s
BM_MatmulBlocked8x32x64AllocationIncluded/M:1/K:1/N:1                   0.026 us        0.026 us     53114804 0.0758252/s
BM_MatmulBlocked8x32x64AllocationIncluded/M:1/K:1/N:1                   0.026 us        0.026 us     53114804 0.0756905/s
BM_MatmulBlocked8x32x64AllocationIncluded/M:1/K:1/N:1                   0.026 us        0.026 us     53114804 0.0755514/s
BM_MatmulBlocked8x32x64AllocationIncluded/M:1/K:1/N:1                   0.026 us        0.026 us     53114804 0.0758701/s
BM_MatmulBlocked8x32x64AllocationIncluded/M:1/K:1/N:1_mean              0.026 us        0.026 us           10 0.0756863/s
BM_MatmulBlocked8x32x64AllocationIncluded/M:1/K:1/N:1_median            0.026 us        0.026 us           10 0.075731/s
BM_MatmulBlocked8x32x64AllocationIncluded/M:1/K:1/N:1_stddev            0.000 us        0.000 us           10 193.455u/s
BM_MatmulBlocked8x32x64AllocationIncluded/M:1/K:1/N:1_cv                 0.30 %          0.26 %            10      0.26%
BM_MatmulBlocked8x32x64AllocationIncluded/M:32/K:32/N:32                 9.75 us         9.75 us       144136  6.72052/s
BM_MatmulBlocked8x32x64AllocationIncluded/M:32/K:32/N:32                 9.70 us         9.70 us       144136   6.7532/s
BM_MatmulBlocked8x32x64AllocationIncluded/M:32/K:32/N:32                 9.72 us         9.72 us       144136  6.74307/s
BM_MatmulBlocked8x32x64AllocationIncluded/M:32/K:32/N:32                 9.74 us         9.74 us       144136  6.72827/s
BM_MatmulBlocked8x32x64AllocationIncluded/M:32/K:32/N:32                 9.75 us         9.75 us       144136   6.7197/s
BM_MatmulBlocked8x32x64AllocationIncluded/M:32/K:32/N:32                 9.76 us         9.76 us       144136  6.71257/s
BM_MatmulBlocked8x32x64AllocationIncluded/M:32/K:32/N:32                 9.74 us         9.74 us       144136  6.73039/s
BM_MatmulBlocked8x32x64AllocationIncluded/M:32/K:32/N:32                 9.76 us         9.76 us       144136  6.71477/s
BM_MatmulBlocked8x32x64AllocationIncluded/M:32/K:32/N:32                 9.68 us         9.68 us       144136  6.77196/s
BM_MatmulBlocked8x32x64AllocationIncluded/M:32/K:32/N:32                 9.71 us         9.71 us       144136  6.75045/s
BM_MatmulBlocked8x32x64AllocationIncluded/M:32/K:32/N:32_mean            9.73 us         9.73 us           10  6.73449/s
BM_MatmulBlocked8x32x64AllocationIncluded/M:32/K:32/N:32_median          9.74 us         9.74 us           10  6.72933/s
BM_MatmulBlocked8x32x64AllocationIncluded/M:32/K:32/N:32_stddev         0.028 us        0.028 us           10 0.0194963/s
BM_MatmulBlocked8x32x64AllocationIncluded/M:32/K:32/N:32_cv              0.29 %          0.29 %            10      0.29%
BM_MatmulBlocked8x32x64AllocationIncluded/M:128/K:128/N:128               331 us          331 us         4233  12.6567/s
BM_MatmulBlocked8x32x64AllocationIncluded/M:128/K:128/N:128               331 us          331 us         4233  12.6719/s
BM_MatmulBlocked8x32x64AllocationIncluded/M:128/K:128/N:128               331 us          331 us         4233  12.6849/s
BM_MatmulBlocked8x32x64AllocationIncluded/M:128/K:128/N:128               332 us          332 us         4233  12.6379/s
BM_MatmulBlocked8x32x64AllocationIncluded/M:128/K:128/N:128               331 us          331 us         4233  12.6811/s
BM_MatmulBlocked8x32x64AllocationIncluded/M:128/K:128/N:128               331 us          331 us         4233  12.6813/s
BM_MatmulBlocked8x32x64AllocationIncluded/M:128/K:128/N:128               332 us          332 us         4233  12.6163/s
BM_MatmulBlocked8x32x64AllocationIncluded/M:128/K:128/N:128               332 us          332 us         4233  12.6522/s
BM_MatmulBlocked8x32x64AllocationIncluded/M:128/K:128/N:128               333 us          332 us         4233  12.6151/s
BM_MatmulBlocked8x32x64AllocationIncluded/M:128/K:128/N:128               333 us          332 us         4233  12.6158/s
BM_MatmulBlocked8x32x64AllocationIncluded/M:128/K:128/N:128_mean          332 us          332 us           10  12.6513/s
BM_MatmulBlocked8x32x64AllocationIncluded/M:128/K:128/N:128_median        331 us          331 us           10  12.6545/s
BM_MatmulBlocked8x32x64AllocationIncluded/M:128/K:128/N:128_stddev      0.781 us        0.749 us           10 0.0285769/s
BM_MatmulBlocked8x32x64AllocationIncluded/M:128/K:128/N:128_cv           0.24 %          0.23 %            10      0.23%
BM_MatmulBlocked8x32x64AllocationIncluded/M:256/K:256/N:256              2663 us         2662 us          533  12.6028/s
BM_MatmulBlocked8x32x64AllocationIncluded/M:256/K:256/N:256              2646 us         2645 us          533  12.6838/s
BM_MatmulBlocked8x32x64AllocationIncluded/M:256/K:256/N:256              2642 us         2642 us          533  12.7024/s
BM_MatmulBlocked8x32x64AllocationIncluded/M:256/K:256/N:256              2645 us         2645 us          533  12.6867/s
BM_MatmulBlocked8x32x64AllocationIncluded/M:256/K:256/N:256              2637 us         2637 us          533  12.7252/s
BM_MatmulBlocked8x32x64AllocationIncluded/M:256/K:256/N:256              2633 us         2633 us          533  12.7435/s
BM_MatmulBlocked8x32x64AllocationIncluded/M:256/K:256/N:256              2646 us         2646 us          533  12.6799/s
BM_MatmulBlocked8x32x64AllocationIncluded/M:256/K:256/N:256              2640 us         2640 us          533  12.7118/s
BM_MatmulBlocked8x32x64AllocationIncluded/M:256/K:256/N:256              2674 us         2664 us          533  12.5978/s
BM_MatmulBlocked8x32x64AllocationIncluded/M:256/K:256/N:256              2635 us         2635 us          533  12.7344/s
BM_MatmulBlocked8x32x64AllocationIncluded/M:256/K:256/N:256_mean         2646 us         2645 us           10  12.6868/s
BM_MatmulBlocked8x32x64AllocationIncluded/M:256/K:256/N:256_median       2643 us         2643 us           10  12.6945/s
BM_MatmulBlocked8x32x64AllocationIncluded/M:256/K:256/N:256_stddev       12.8 us         10.5 us           10 0.0503986/s
BM_MatmulBlocked8x32x64AllocationIncluded/M:256/K:256/N:256_cv           0.48 %          0.40 %            10      0.40%
BM_MatmulBlocked8x32x64AllocationIncluded/M:512/K:512/N:512             21216 us        21215 us           66  12.6532/s
BM_MatmulBlocked8x32x64AllocationIncluded/M:512/K:512/N:512             21193 us        21193 us           66  12.6665/s
BM_MatmulBlocked8x32x64AllocationIncluded/M:512/K:512/N:512             21329 us        21320 us           66  12.5907/s
BM_MatmulBlocked8x32x64AllocationIncluded/M:512/K:512/N:512             21333 us        21325 us           66  12.5878/s
BM_MatmulBlocked8x32x64AllocationIncluded/M:512/K:512/N:512             21760 us        21666 us           66  12.3894/s
BM_MatmulBlocked8x32x64AllocationIncluded/M:512/K:512/N:512             21445 us        21408 us           66  12.5392/s
BM_MatmulBlocked8x32x64AllocationIncluded/M:512/K:512/N:512             21692 us        21569 us           66  12.4457/s
BM_MatmulBlocked8x32x64AllocationIncluded/M:512/K:512/N:512             24036 us        22840 us           66   11.753/s
BM_MatmulBlocked8x32x64AllocationIncluded/M:512/K:512/N:512             21821 us        21741 us           66   12.347/s
BM_MatmulBlocked8x32x64AllocationIncluded/M:512/K:512/N:512             22265 us        22132 us           66   12.129/s
BM_MatmulBlocked8x32x64AllocationIncluded/M:512/K:512/N:512_mean        21809 us        21641 us           10  12.4102/s
BM_MatmulBlocked8x32x64AllocationIncluded/M:512/K:512/N:512_median      21569 us        21488 us           10  12.4925/s
BM_MatmulBlocked8x32x64AllocationIncluded/M:512/K:512/N:512_stddev        850 us          509 us           10 0.283262/s
BM_MatmulBlocked8x32x64AllocationIncluded/M:512/K:512/N:512_cv           3.90 %          2.35 %            10      2.28%
BM_MatmulBlocked8x32x64AllocationIncluded/M:129/K:257/N:131               803 us          803 us         1748  10.8224/s
BM_MatmulBlocked8x32x64AllocationIncluded/M:129/K:257/N:131               809 us          807 us         1748  10.7595/s
BM_MatmulBlocked8x32x64AllocationIncluded/M:129/K:257/N:131               803 us          803 us         1748  10.8146/s
BM_MatmulBlocked8x32x64AllocationIncluded/M:129/K:257/N:131               801 us          801 us         1748  10.8439/s
BM_MatmulBlocked8x32x64AllocationIncluded/M:129/K:257/N:131               807 us          803 us         1748  10.8223/s
BM_MatmulBlocked8x32x64AllocationIncluded/M:129/K:257/N:131               796 us          796 us         1748  10.9109/s
BM_MatmulBlocked8x32x64AllocationIncluded/M:129/K:257/N:131               795 us          795 us         1748  10.9265/s
BM_MatmulBlocked8x32x64AllocationIncluded/M:129/K:257/N:131               793 us          793 us         1748  10.9537/s
BM_MatmulBlocked8x32x64AllocationIncluded/M:129/K:257/N:131               794 us          794 us         1748   10.938/s
BM_MatmulBlocked8x32x64AllocationIncluded/M:129/K:257/N:131               796 us          796 us         1748  10.9165/s
BM_MatmulBlocked8x32x64AllocationIncluded/M:129/K:257/N:131_mean          800 us          799 us           10  10.8708/s
BM_MatmulBlocked8x32x64AllocationIncluded/M:129/K:257/N:131_median        799 us          799 us           10  10.8774/s
BM_MatmulBlocked8x32x64AllocationIncluded/M:129/K:257/N:131_stddev       5.57 us         4.85 us           10 0.0659479/s
BM_MatmulBlocked8x32x64AllocationIncluded/M:129/K:257/N:131_cv           0.70 %          0.61 %            10      0.61%
BM_MatmulBlocked8x32x64AllocationIncluded/M:63/K:65/N:67                 55.2 us         55.2 us        25454  9.94341/s
BM_MatmulBlocked8x32x64AllocationIncluded/M:63/K:65/N:67                 56.5 us         56.3 us        25454  9.74054/s
BM_MatmulBlocked8x32x64AllocationIncluded/M:63/K:65/N:67                 55.0 us         55.0 us        25454  9.97348/s
BM_MatmulBlocked8x32x64AllocationIncluded/M:63/K:65/N:67                 55.1 us         55.1 us        25454  9.96714/s
BM_MatmulBlocked8x32x64AllocationIncluded/M:63/K:65/N:67                 55.2 us         55.2 us        25454  9.94873/s
BM_MatmulBlocked8x32x64AllocationIncluded/M:63/K:65/N:67                 55.0 us         55.0 us        25454   9.9735/s
BM_MatmulBlocked8x32x64AllocationIncluded/M:63/K:65/N:67                 54.9 us         54.9 us        25454  9.98757/s
BM_MatmulBlocked8x32x64AllocationIncluded/M:63/K:65/N:67                 54.9 us         54.9 us        25454  9.98765/s
BM_MatmulBlocked8x32x64AllocationIncluded/M:63/K:65/N:67                 55.0 us         54.9 us        25454  9.98764/s
BM_MatmulBlocked8x32x64AllocationIncluded/M:63/K:65/N:67                 54.9 us         54.9 us        25454  9.98905/s
BM_MatmulBlocked8x32x64AllocationIncluded/M:63/K:65/N:67_mean            55.2 us         55.2 us           10  9.94987/s
BM_MatmulBlocked8x32x64AllocationIncluded/M:63/K:65/N:67_median          55.0 us         55.0 us           10  9.97349/s
BM_MatmulBlocked8x32x64AllocationIncluded/M:63/K:65/N:67_stddev         0.471 us        0.425 us           10  0.07534/s
BM_MatmulBlocked8x32x64AllocationIncluded/M:63/K:65/N:67_cv              0.85 %          0.77 %            10      0.76%
BM_MatmulBlocked8x32x64AllocationIncluded/M:1/K:256/N:256                10.4 us         10.4 us       135110  12.5998/s
BM_MatmulBlocked8x32x64AllocationIncluded/M:1/K:256/N:256                10.4 us         10.4 us       135110   12.606/s
BM_MatmulBlocked8x32x64AllocationIncluded/M:1/K:256/N:256                10.4 us         10.4 us       135110  12.6254/s
BM_MatmulBlocked8x32x64AllocationIncluded/M:1/K:256/N:256                10.4 us         10.4 us       135110  12.6241/s
BM_MatmulBlocked8x32x64AllocationIncluded/M:1/K:256/N:256                10.4 us         10.4 us       135110  12.6285/s
BM_MatmulBlocked8x32x64AllocationIncluded/M:1/K:256/N:256                10.4 us         10.4 us       135110  12.6381/s
BM_MatmulBlocked8x32x64AllocationIncluded/M:1/K:256/N:256                10.3 us         10.3 us       135110  12.6688/s
BM_MatmulBlocked8x32x64AllocationIncluded/M:1/K:256/N:256                10.4 us         10.4 us       135110  12.5705/s
BM_MatmulBlocked8x32x64AllocationIncluded/M:1/K:256/N:256                10.4 us         10.4 us       135110   12.619/s
BM_MatmulBlocked8x32x64AllocationIncluded/M:1/K:256/N:256                10.4 us         10.4 us       135110  12.6168/s
BM_MatmulBlocked8x32x64AllocationIncluded/M:1/K:256/N:256_mean           10.4 us         10.4 us           10  12.6197/s
BM_MatmulBlocked8x32x64AllocationIncluded/M:1/K:256/N:256_median         10.4 us         10.4 us           10  12.6215/s
BM_MatmulBlocked8x32x64AllocationIncluded/M:1/K:256/N:256_stddev        0.021 us        0.021 us           10 0.025578/s
BM_MatmulBlocked8x32x64AllocationIncluded/M:1/K:256/N:256_cv             0.20 %          0.20 %            10      0.20%
BM_MatmulBlocked8x32x64AllocationIncluded/M:256/K:256/N:1                95.2 us         95.2 us        14626  1.37637/s
BM_MatmulBlocked8x32x64AllocationIncluded/M:256/K:256/N:1                95.1 us         95.1 us        14626  1.37848/s
BM_MatmulBlocked8x32x64AllocationIncluded/M:256/K:256/N:1                95.3 us         95.3 us        14626   1.3758/s
BM_MatmulBlocked8x32x64AllocationIncluded/M:256/K:256/N:1                95.1 us         95.1 us        14626  1.37879/s
BM_MatmulBlocked8x32x64AllocationIncluded/M:256/K:256/N:1                95.1 us         95.1 us        14626  1.37881/s
BM_MatmulBlocked8x32x64AllocationIncluded/M:256/K:256/N:1                95.2 us         95.2 us        14626  1.37618/s
BM_MatmulBlocked8x32x64AllocationIncluded/M:256/K:256/N:1                95.1 us         95.1 us        14626   1.3777/s
BM_MatmulBlocked8x32x64AllocationIncluded/M:256/K:256/N:1                95.1 us         95.1 us        14626  1.37803/s
BM_MatmulBlocked8x32x64AllocationIncluded/M:256/K:256/N:1                95.2 us         95.2 us        14626  1.37714/s
BM_MatmulBlocked8x32x64AllocationIncluded/M:256/K:256/N:1                95.2 us         95.2 us        14626  1.37621/s
BM_MatmulBlocked8x32x64AllocationIncluded/M:256/K:256/N:1_mean           95.2 us         95.2 us           10  1.37735/s
BM_MatmulBlocked8x32x64AllocationIncluded/M:256/K:256/N:1_median         95.2 us         95.2 us           10  1.37742/s
BM_MatmulBlocked8x32x64AllocationIncluded/M:256/K:256/N:1_stddev        0.080 us        0.080 us           10 1.16154m/s
BM_MatmulBlocked8x32x64AllocationIncluded/M:256/K:256/N:1_cv             0.08 %          0.08 %            10      0.08%
BM_MatmulBlocked8x32x64AllocationIncluded/M:32/K:256/N:64                81.9 us         81.9 us        17067  12.8017/s
BM_MatmulBlocked8x32x64AllocationIncluded/M:32/K:256/N:64                81.9 us         81.9 us        17067  12.7988/s
BM_MatmulBlocked8x32x64AllocationIncluded/M:32/K:256/N:64                83.0 us         83.0 us        17067  12.6406/s
BM_MatmulBlocked8x32x64AllocationIncluded/M:32/K:256/N:64                92.4 us         89.7 us        17067  11.6883/s
BM_MatmulBlocked8x32x64AllocationIncluded/M:32/K:256/N:64                91.2 us         88.5 us        17067  11.8531/s
BM_MatmulBlocked8x32x64AllocationIncluded/M:32/K:256/N:64                83.9 us         83.6 us        17067  12.5425/s
BM_MatmulBlocked8x32x64AllocationIncluded/M:32/K:256/N:64                84.1 us         83.7 us        17067  12.5281/s
BM_MatmulBlocked8x32x64AllocationIncluded/M:32/K:256/N:64                82.1 us         82.1 us        17067  12.7663/s
BM_MatmulBlocked8x32x64AllocationIncluded/M:32/K:256/N:64                81.7 us         81.7 us        17067  12.8297/s
BM_MatmulBlocked8x32x64AllocationIncluded/M:32/K:256/N:64                82.2 us         82.1 us        17067  12.7647/s
BM_MatmulBlocked8x32x64AllocationIncluded/M:32/K:256/N:64_mean           84.4 us         83.8 us           10  12.5214/s
BM_MatmulBlocked8x32x64AllocationIncluded/M:32/K:256/N:64_median         82.6 us         82.5 us           10  12.7026/s
BM_MatmulBlocked8x32x64AllocationIncluded/M:32/K:256/N:64_stddev         3.97 us         2.87 us           10 0.411644/s
BM_MatmulBlocked8x32x64AllocationIncluded/M:32/K:256/N:64_cv             4.70 %          3.43 %            10      3.29%
BM_MatmulBlocked8x32x64AllocationIncluded/M:32/K:256/N:255                358 us          350 us         3778  11.9328/s
BM_MatmulBlocked8x32x64AllocationIncluded/M:32/K:256/N:255                341 us          340 us         3778  12.2792/s
BM_MatmulBlocked8x32x64AllocationIncluded/M:32/K:256/N:255                343 us          342 us         3778  12.2063/s
BM_MatmulBlocked8x32x64AllocationIncluded/M:32/K:256/N:255                349 us          343 us         3778  12.1768/s
BM_MatmulBlocked8x32x64AllocationIncluded/M:32/K:256/N:255                333 us          333 us         3778  12.5564/s
BM_MatmulBlocked8x32x64AllocationIncluded/M:32/K:256/N:255                331 us          331 us         3778  12.6177/s
BM_MatmulBlocked8x32x64AllocationIncluded/M:32/K:256/N:255                350 us          346 us         3778  12.0778/s
BM_MatmulBlocked8x32x64AllocationIncluded/M:32/K:256/N:255                347 us          346 us         3778  12.0873/s
BM_MatmulBlocked8x32x64AllocationIncluded/M:32/K:256/N:255                340 us          339 us         3778  12.3415/s
BM_MatmulBlocked8x32x64AllocationIncluded/M:32/K:256/N:255                335 us          335 us         3778  12.4874/s
BM_MatmulBlocked8x32x64AllocationIncluded/M:32/K:256/N:255_mean           343 us          340 us           10  12.2763/s
BM_MatmulBlocked8x32x64AllocationIncluded/M:32/K:256/N:255_median         342 us          341 us           10  12.2427/s
BM_MatmulBlocked8x32x64AllocationIncluded/M:32/K:256/N:255_stddev        8.46 us         6.20 us           10 0.224047/s
BM_MatmulBlocked8x32x64AllocationIncluded/M:32/K:256/N:255_cv            2.47 %          1.82 %            10      1.83%
BM_MatmulBlocked8x32x64AllocationIncluded/M:32/K:256/N:256                336 us          336 us         4099   12.499/s
BM_MatmulBlocked8x32x64AllocationIncluded/M:32/K:256/N:256                343 us          340 us         4099  12.3388/s
BM_MatmulBlocked8x32x64AllocationIncluded/M:32/K:256/N:256                343 us          341 us         4099  12.3134/s
BM_MatmulBlocked8x32x64AllocationIncluded/M:32/K:256/N:256                337 us          336 us         4099  12.4779/s
BM_MatmulBlocked8x32x64AllocationIncluded/M:32/K:256/N:256                336 us          336 us         4099  12.4946/s
BM_MatmulBlocked8x32x64AllocationIncluded/M:32/K:256/N:256                335 us          335 us         4099  12.5211/s
BM_MatmulBlocked8x32x64AllocationIncluded/M:32/K:256/N:256                332 us          332 us         4099  12.6202/s
BM_MatmulBlocked8x32x64AllocationIncluded/M:32/K:256/N:256                343 us          341 us         4099  12.3123/s
BM_MatmulBlocked8x32x64AllocationIncluded/M:32/K:256/N:256                341 us          340 us         4099  12.3514/s
BM_MatmulBlocked8x32x64AllocationIncluded/M:32/K:256/N:256                345 us          341 us         4099  12.3139/s
BM_MatmulBlocked8x32x64AllocationIncluded/M:32/K:256/N:256_mean           339 us          338 us           10  12.4243/s
BM_MatmulBlocked8x32x64AllocationIncluded/M:32/K:256/N:256_median         339 us          338 us           10  12.4146/s
BM_MatmulBlocked8x32x64AllocationIncluded/M:32/K:256/N:256_stddev        4.29 us         3.01 us           10 0.110949/s
BM_MatmulBlocked8x32x64AllocationIncluded/M:32/K:256/N:256_cv            1.26 %          0.89 %            10      0.89%
BM_MatmulBlocked8x32x64AllocationIncluded/M:32/K:256/N:257                378 us          373 us         3757  11.2879/s
BM_MatmulBlocked8x32x64AllocationIncluded/M:32/K:256/N:257                367 us          366 us         3757  11.5096/s
BM_MatmulBlocked8x32x64AllocationIncluded/M:32/K:256/N:257                359 us          359 us         3757  11.7267/s
BM_MatmulBlocked8x32x64AllocationIncluded/M:32/K:256/N:257                357 us          357 us         3757   11.782/s
BM_MatmulBlocked8x32x64AllocationIncluded/M:32/K:256/N:257                358 us          358 us         3757   11.778/s
BM_MatmulBlocked8x32x64AllocationIncluded/M:32/K:256/N:257                358 us          358 us         3757  11.7734/s
BM_MatmulBlocked8x32x64AllocationIncluded/M:32/K:256/N:257                357 us          357 us         3757  11.7889/s
BM_MatmulBlocked8x32x64AllocationIncluded/M:32/K:256/N:257                357 us          357 us         3757  11.7807/s
BM_MatmulBlocked8x32x64AllocationIncluded/M:32/K:256/N:257                359 us          358 us         3757   11.746/s
BM_MatmulBlocked8x32x64AllocationIncluded/M:32/K:256/N:257                359 us          359 us         3757  11.7177/s
BM_MatmulBlocked8x32x64AllocationIncluded/M:32/K:256/N:257_mean           361 us          360 us           10  11.6891/s
BM_MatmulBlocked8x32x64AllocationIncluded/M:32/K:256/N:257_median         358 us          358 us           10  11.7597/s
BM_MatmulBlocked8x32x64AllocationIncluded/M:32/K:256/N:257_stddev        6.84 us         5.16 us           10  0.16353/s
BM_MatmulBlocked8x32x64AllocationIncluded/M:32/K:256/N:257_cv            1.89 %          1.43 %            10      1.40%
BM_MatmulBlocked8x32x64AllocationIncluded/M:32/K:256/N:512                671 us          669 us         2110  12.5378/s
BM_MatmulBlocked8x32x64AllocationIncluded/M:32/K:256/N:512                672 us          671 us         2110  12.4999/s
BM_MatmulBlocked8x32x64AllocationIncluded/M:32/K:256/N:512                666 us          666 us         2110  12.5979/s
BM_MatmulBlocked8x32x64AllocationIncluded/M:32/K:256/N:512                665 us          665 us         2110  12.6176/s
BM_MatmulBlocked8x32x64AllocationIncluded/M:32/K:256/N:512                662 us          662 us         2110   12.678/s
BM_MatmulBlocked8x32x64AllocationIncluded/M:32/K:256/N:512                663 us          663 us         2110  12.6579/s
BM_MatmulBlocked8x32x64AllocationIncluded/M:32/K:256/N:512                665 us          665 us         2110  12.6214/s
BM_MatmulBlocked8x32x64AllocationIncluded/M:32/K:256/N:512                663 us          663 us         2110  12.6477/s
BM_MatmulBlocked8x32x64AllocationIncluded/M:32/K:256/N:512                666 us          666 us         2110  12.6003/s
BM_MatmulBlocked8x32x64AllocationIncluded/M:32/K:256/N:512                668 us          667 us         2110  12.5688/s
BM_MatmulBlocked8x32x64AllocationIncluded/M:32/K:256/N:512_mean           666 us          666 us           10  12.6027/s
BM_MatmulBlocked8x32x64AllocationIncluded/M:32/K:256/N:512_median         665 us          665 us           10  12.6089/s
BM_MatmulBlocked8x32x64AllocationIncluded/M:32/K:256/N:512_stddev        3.35 us         2.91 us           10 0.0550427/s
BM_MatmulBlocked8x32x64AllocationIncluded/M:32/K:256/N:512_cv            0.50 %          0.44 %            10      0.44%
BM_MatmulBlocked8x32x64AllocationIncluded/M:32/K:256/N:1024              1354 us         1353 us         1033  12.3972/s
BM_MatmulBlocked8x32x64AllocationIncluded/M:32/K:256/N:1024              1360 us         1360 us         1033  12.3354/s
BM_MatmulBlocked8x32x64AllocationIncluded/M:32/K:256/N:1024              1356 us         1356 us         1033  12.3699/s
BM_MatmulBlocked8x32x64AllocationIncluded/M:32/K:256/N:1024              1357 us         1357 us         1033  12.3667/s
BM_MatmulBlocked8x32x64AllocationIncluded/M:32/K:256/N:1024              1373 us         1372 us         1033   12.228/s
BM_MatmulBlocked8x32x64AllocationIncluded/M:32/K:256/N:1024              1363 us         1362 us         1033  12.3143/s
BM_MatmulBlocked8x32x64AllocationIncluded/M:32/K:256/N:1024              1369 us         1368 us         1033  12.2619/s
BM_MatmulBlocked8x32x64AllocationIncluded/M:32/K:256/N:1024              1363 us         1363 us         1033  12.3095/s
BM_MatmulBlocked8x32x64AllocationIncluded/M:32/K:256/N:1024              1349 us         1349 us         1033  12.4349/s
BM_MatmulBlocked8x32x64AllocationIncluded/M:32/K:256/N:1024              1361 us         1360 us         1033  12.3323/s
BM_MatmulBlocked8x32x64AllocationIncluded/M:32/K:256/N:1024_mean         1361 us         1360 us           10   12.335/s
BM_MatmulBlocked8x32x64AllocationIncluded/M:32/K:256/N:1024_median       1361 us         1360 us           10  12.3339/s
BM_MatmulBlocked8x32x64AllocationIncluded/M:32/K:256/N:1024_stddev       7.02 us         6.78 us           10 0.0614271/s
BM_MatmulBlocked8x32x64AllocationIncluded/M:32/K:256/N:1024_cv           0.52 %          0.50 %            10      0.50%
