Unable to determine clock rate from sysctl: hw.cpufrequency: No such file or directory
This does not affect benchmark measurements, only the metadata output.
***WARNING*** Failed to set thread affinity. Estimated CPU frequency may be incorrect.
2026-10-07T16:06:13-07:00
Running /Users/aryamaandash/GitHub/cpu_optimized_inference_engine/build/benchmark-release/matmul_bench
Run on (11 X 24 MHz CPU s)
CPU Caches:
  L1 Data 64 KiB
  L1 Instruction 128 KiB
  L2 Unified 4096 KiB (x11)
Load Average: 2.84, 3.07, 2.96
-------------------------------------------------------------------------------------------------------------------------
Benchmark                                                                    Time             CPU   Iterations     GFLOPS
-------------------------------------------------------------------------------------------------------------------------
BM_MatmulBlocked16x64x64AllocationIncluded/M:1/K:1/N:1                   0.026 us        0.026 us     52967705 0.0755955/s
BM_MatmulBlocked16x64x64AllocationIncluded/M:1/K:1/N:1                   0.027 us        0.027 us     52967705 0.0753018/s
BM_MatmulBlocked16x64x64AllocationIncluded/M:1/K:1/N:1                   0.026 us        0.026 us     52967705 0.0756159/s
BM_MatmulBlocked16x64x64AllocationIncluded/M:1/K:1/N:1                   0.026 us        0.026 us     52967705 0.0756261/s
BM_MatmulBlocked16x64x64AllocationIncluded/M:1/K:1/N:1                   0.026 us        0.026 us     52967705 0.0756046/s
BM_MatmulBlocked16x64x64AllocationIncluded/M:1/K:1/N:1                   0.026 us        0.026 us     52967705 0.0757845/s
BM_MatmulBlocked16x64x64AllocationIncluded/M:1/K:1/N:1                   0.026 us        0.026 us     52967705 0.0755989/s
BM_MatmulBlocked16x64x64AllocationIncluded/M:1/K:1/N:1                   0.026 us        0.026 us     52967705 0.0756713/s
BM_MatmulBlocked16x64x64AllocationIncluded/M:1/K:1/N:1                   0.026 us        0.026 us     52967705 0.0756002/s
BM_MatmulBlocked16x64x64AllocationIncluded/M:1/K:1/N:1                   0.027 us        0.027 us     52967705 0.0754224/s
BM_MatmulBlocked16x64x64AllocationIncluded/M:1/K:1/N:1_mean              0.026 us        0.026 us           10 0.0755821/s
BM_MatmulBlocked16x64x64AllocationIncluded/M:1/K:1/N:1_median            0.026 us        0.026 us           10 0.0756024/s
BM_MatmulBlocked16x64x64AllocationIncluded/M:1/K:1/N:1_stddev            0.000 us        0.000 us           10 132.248u/s
BM_MatmulBlocked16x64x64AllocationIncluded/M:1/K:1/N:1_cv                 0.18 %          0.18 %            10      0.17%
BM_MatmulBlocked16x64x64AllocationIncluded/M:32/K:32/N:32                 9.76 us         9.76 us       144358  6.71741/s
BM_MatmulBlocked16x64x64AllocationIncluded/M:32/K:32/N:32                 9.75 us         9.75 us       144358  6.72342/s
BM_MatmulBlocked16x64x64AllocationIncluded/M:32/K:32/N:32                 9.72 us         9.72 us       144358  6.74318/s
BM_MatmulBlocked16x64x64AllocationIncluded/M:32/K:32/N:32                 9.75 us         9.75 us       144358  6.71876/s
BM_MatmulBlocked16x64x64AllocationIncluded/M:32/K:32/N:32                 9.68 us         9.68 us       144358  6.77106/s
BM_MatmulBlocked16x64x64AllocationIncluded/M:32/K:32/N:32                 9.74 us         9.74 us       144358  6.72836/s
BM_MatmulBlocked16x64x64AllocationIncluded/M:32/K:32/N:32                 9.71 us         9.71 us       144358    6.752/s
BM_MatmulBlocked16x64x64AllocationIncluded/M:32/K:32/N:32                 9.72 us         9.72 us       144358  6.74119/s
BM_MatmulBlocked16x64x64AllocationIncluded/M:32/K:32/N:32                 9.79 us         9.79 us       144358  6.69523/s
BM_MatmulBlocked16x64x64AllocationIncluded/M:32/K:32/N:32                 9.72 us         9.72 us       144358  6.74533/s
BM_MatmulBlocked16x64x64AllocationIncluded/M:32/K:32/N:32_mean            9.73 us         9.73 us           10  6.73359/s
BM_MatmulBlocked16x64x64AllocationIncluded/M:32/K:32/N:32_median          9.73 us         9.73 us           10  6.73478/s
BM_MatmulBlocked16x64x64AllocationIncluded/M:32/K:32/N:32_stddev         0.032 us        0.031 us           10 0.0213829/s
BM_MatmulBlocked16x64x64AllocationIncluded/M:32/K:32/N:32_cv              0.32 %          0.32 %            10      0.32%
BM_MatmulBlocked16x64x64AllocationIncluded/M:128/K:128/N:128               326 us          326 us         4280  12.8565/s
BM_MatmulBlocked16x64x64AllocationIncluded/M:128/K:128/N:128               326 us          326 us         4280  12.8645/s
BM_MatmulBlocked16x64x64AllocationIncluded/M:128/K:128/N:128               327 us          327 us         4280  12.8233/s
BM_MatmulBlocked16x64x64AllocationIncluded/M:128/K:128/N:128               326 us          326 us         4280  12.8662/s
BM_MatmulBlocked16x64x64AllocationIncluded/M:128/K:128/N:128               326 us          326 us         4280   12.869/s
BM_MatmulBlocked16x64x64AllocationIncluded/M:128/K:128/N:128               327 us          327 us         4280  12.8343/s
BM_MatmulBlocked16x64x64AllocationIncluded/M:128/K:128/N:128               329 us          329 us         4280  12.7535/s
BM_MatmulBlocked16x64x64AllocationIncluded/M:128/K:128/N:128               330 us          329 us         4280  12.7575/s
BM_MatmulBlocked16x64x64AllocationIncluded/M:128/K:128/N:128               373 us          347 us         4280  12.1031/s
BM_MatmulBlocked16x64x64AllocationIncluded/M:128/K:128/N:128               330 us          330 us         4280  12.7171/s
BM_MatmulBlocked16x64x64AllocationIncluded/M:128/K:128/N:128_mean          332 us          329 us           10  12.7445/s
BM_MatmulBlocked16x64x64AllocationIncluded/M:128/K:128/N:128_median        327 us          327 us           10  12.8288/s
BM_MatmulBlocked16x64x64AllocationIncluded/M:128/K:128/N:128_stddev       14.6 us         6.25 us           10 0.231895/s
BM_MatmulBlocked16x64x64AllocationIncluded/M:128/K:128/N:128_cv           4.41 %          1.90 %            10      1.82%
BM_MatmulBlocked16x64x64AllocationIncluded/M:256/K:256/N:256              2632 us         2632 us          533  12.7501/s
BM_MatmulBlocked16x64x64AllocationIncluded/M:256/K:256/N:256              2665 us         2653 us          533  12.6494/s
BM_MatmulBlocked16x64x64AllocationIncluded/M:256/K:256/N:256              2716 us         2702 us          533  12.4188/s
BM_MatmulBlocked16x64x64AllocationIncluded/M:256/K:256/N:256              2613 us         2612 us          533  12.8456/s
BM_MatmulBlocked16x64x64AllocationIncluded/M:256/K:256/N:256              2602 us         2602 us          533  12.8969/s
BM_MatmulBlocked16x64x64AllocationIncluded/M:256/K:256/N:256              2608 us         2608 us          533  12.8655/s
BM_MatmulBlocked16x64x64AllocationIncluded/M:256/K:256/N:256              2609 us         2609 us          533  12.8616/s
BM_MatmulBlocked16x64x64AllocationIncluded/M:256/K:256/N:256              2606 us         2606 us          533  12.8777/s
BM_MatmulBlocked16x64x64AllocationIncluded/M:256/K:256/N:256              2607 us         2607 us          533  12.8715/s
BM_MatmulBlocked16x64x64AllocationIncluded/M:256/K:256/N:256              2610 us         2610 us          533  12.8582/s
BM_MatmulBlocked16x64x64AllocationIncluded/M:256/K:256/N:256_mean         2627 us         2624 us           10  12.7895/s
BM_MatmulBlocked16x64x64AllocationIncluded/M:256/K:256/N:256_median       2609 us         2609 us           10  12.8599/s
BM_MatmulBlocked16x64x64AllocationIncluded/M:256/K:256/N:256_stddev       36.6 us         31.5 us           10 0.150366/s
BM_MatmulBlocked16x64x64AllocationIncluded/M:256/K:256/N:256_cv           1.39 %          1.20 %            10      1.18%
BM_MatmulBlocked16x64x64AllocationIncluded/M:512/K:512/N:512             20994 us        20993 us           67  12.7868/s
BM_MatmulBlocked16x64x64AllocationIncluded/M:512/K:512/N:512             20971 us        20971 us           67  12.8004/s
BM_MatmulBlocked16x64x64AllocationIncluded/M:512/K:512/N:512             20958 us        20958 us           67  12.8084/s
BM_MatmulBlocked16x64x64AllocationIncluded/M:512/K:512/N:512             21316 us        21291 us           67  12.6079/s
BM_MatmulBlocked16x64x64AllocationIncluded/M:512/K:512/N:512             20981 us        20979 us           67  12.7956/s
BM_MatmulBlocked16x64x64AllocationIncluded/M:512/K:512/N:512             20972 us        20972 us           67  12.7997/s
BM_MatmulBlocked16x64x64AllocationIncluded/M:512/K:512/N:512             21021 us        21020 us           67  12.7703/s
BM_MatmulBlocked16x64x64AllocationIncluded/M:512/K:512/N:512             20966 us        20965 us           67   12.804/s
BM_MatmulBlocked16x64x64AllocationIncluded/M:512/K:512/N:512             20977 us        20977 us           67  12.7969/s
BM_MatmulBlocked16x64x64AllocationIncluded/M:512/K:512/N:512             20997 us        20996 us           67   12.785/s
BM_MatmulBlocked16x64x64AllocationIncluded/M:512/K:512/N:512_mean        21015 us        21012 us           10  12.7755/s
BM_MatmulBlocked16x64x64AllocationIncluded/M:512/K:512/N:512_median      20979 us        20978 us           10  12.7962/s
BM_MatmulBlocked16x64x64AllocationIncluded/M:512/K:512/N:512_stddev        107 us         99.6 us           10 0.0599078/s
BM_MatmulBlocked16x64x64AllocationIncluded/M:512/K:512/N:512_cv           0.51 %          0.47 %            10      0.47%
BM_MatmulBlocked16x64x64AllocationIncluded/M:129/K:257/N:131               784 us          784 us         1780  11.0749/s
BM_MatmulBlocked16x64x64AllocationIncluded/M:129/K:257/N:131               786 us          785 us         1780  11.0584/s
BM_MatmulBlocked16x64x64AllocationIncluded/M:129/K:257/N:131               786 us          786 us         1780  11.0523/s
BM_MatmulBlocked16x64x64AllocationIncluded/M:129/K:257/N:131               783 us          783 us         1780  11.0867/s
BM_MatmulBlocked16x64x64AllocationIncluded/M:129/K:257/N:131               784 us          784 us         1780  11.0821/s
BM_MatmulBlocked16x64x64AllocationIncluded/M:129/K:257/N:131               786 us          785 us         1780  11.0582/s
BM_MatmulBlocked16x64x64AllocationIncluded/M:129/K:257/N:131               783 us          783 us         1780  11.0866/s
BM_MatmulBlocked16x64x64AllocationIncluded/M:129/K:257/N:131               784 us          784 us         1780   11.079/s
BM_MatmulBlocked16x64x64AllocationIncluded/M:129/K:257/N:131               786 us          786 us         1780  11.0481/s
BM_MatmulBlocked16x64x64AllocationIncluded/M:129/K:257/N:131               784 us          784 us         1780  11.0842/s
BM_MatmulBlocked16x64x64AllocationIncluded/M:129/K:257/N:131_mean          785 us          785 us           10   11.071/s
BM_MatmulBlocked16x64x64AllocationIncluded/M:129/K:257/N:131_median        784 us          784 us           10  11.0769/s
BM_MatmulBlocked16x64x64AllocationIncluded/M:129/K:257/N:131_stddev       1.08 us         1.07 us           10 0.0151261/s
BM_MatmulBlocked16x64x64AllocationIncluded/M:129/K:257/N:131_cv           0.14 %          0.14 %            10      0.14%
BM_MatmulBlocked16x64x64AllocationIncluded/M:63/K:65/N:67                 54.1 us         54.1 us        25798  10.1359/s
BM_MatmulBlocked16x64x64AllocationIncluded/M:63/K:65/N:67                 54.2 us         54.2 us        25798  10.1257/s
BM_MatmulBlocked16x64x64AllocationIncluded/M:63/K:65/N:67                 54.3 us         54.3 us        25798  10.1093/s
BM_MatmulBlocked16x64x64AllocationIncluded/M:63/K:65/N:67                 54.3 us         54.3 us        25798  10.1095/s
BM_MatmulBlocked16x64x64AllocationIncluded/M:63/K:65/N:67                 54.4 us         54.4 us        25798  10.0912/s
BM_MatmulBlocked16x64x64AllocationIncluded/M:63/K:65/N:67                 54.4 us         54.4 us        25798   10.093/s
BM_MatmulBlocked16x64x64AllocationIncluded/M:63/K:65/N:67                 54.3 us         54.3 us        25798  10.1097/s
BM_MatmulBlocked16x64x64AllocationIncluded/M:63/K:65/N:67                 54.2 us         54.2 us        25798  10.1219/s
BM_MatmulBlocked16x64x64AllocationIncluded/M:63/K:65/N:67                 56.2 us         56.0 us        25798  9.79621/s
BM_MatmulBlocked16x64x64AllocationIncluded/M:63/K:65/N:67                 54.3 us         54.3 us        25798  10.1052/s
BM_MatmulBlocked16x64x64AllocationIncluded/M:63/K:65/N:67_mean            54.5 us         54.4 us           10  10.0798/s
BM_MatmulBlocked16x64x64AllocationIncluded/M:63/K:65/N:67_median          54.3 us         54.3 us           10  10.1094/s
BM_MatmulBlocked16x64x64AllocationIncluded/M:63/K:65/N:67_stddev         0.605 us        0.557 us           10 0.100578/s
BM_MatmulBlocked16x64x64AllocationIncluded/M:63/K:65/N:67_cv              1.11 %          1.02 %            10      1.00%
BM_MatmulBlocked16x64x64AllocationIncluded/M:1/K:256/N:256                10.2 us         10.2 us       138563  12.7924/s
BM_MatmulBlocked16x64x64AllocationIncluded/M:1/K:256/N:256                10.2 us         10.2 us       138563  12.8348/s
BM_MatmulBlocked16x64x64AllocationIncluded/M:1/K:256/N:256                10.2 us         10.2 us       138563  12.8195/s
BM_MatmulBlocked16x64x64AllocationIncluded/M:1/K:256/N:256                10.3 us         10.3 us       138563  12.7852/s
BM_MatmulBlocked16x64x64AllocationIncluded/M:1/K:256/N:256                10.2 us         10.2 us       138563  12.8285/s
BM_MatmulBlocked16x64x64AllocationIncluded/M:1/K:256/N:256                10.2 us         10.2 us       138563  12.8087/s
BM_MatmulBlocked16x64x64AllocationIncluded/M:1/K:256/N:256                10.3 us         10.3 us       138563  12.7634/s
BM_MatmulBlocked16x64x64AllocationIncluded/M:1/K:256/N:256                10.2 us         10.2 us       138563  12.8286/s
BM_MatmulBlocked16x64x64AllocationIncluded/M:1/K:256/N:256                10.2 us         10.2 us       138563  12.8019/s
BM_MatmulBlocked16x64x64AllocationIncluded/M:1/K:256/N:256                10.2 us         10.2 us       138563  12.7884/s
BM_MatmulBlocked16x64x64AllocationIncluded/M:1/K:256/N:256_mean           10.2 us         10.2 us           10  12.8051/s
BM_MatmulBlocked16x64x64AllocationIncluded/M:1/K:256/N:256_median         10.2 us         10.2 us           10  12.8053/s
BM_MatmulBlocked16x64x64AllocationIncluded/M:1/K:256/N:256_stddev        0.019 us        0.018 us           10 0.023063/s
BM_MatmulBlocked16x64x64AllocationIncluded/M:1/K:256/N:256_cv             0.18 %          0.18 %            10      0.18%
BM_MatmulBlocked16x64x64AllocationIncluded/M:256/K:256/N:1                95.5 us         95.5 us        14638    1.372/s
BM_MatmulBlocked16x64x64AllocationIncluded/M:256/K:256/N:1                95.8 us         95.8 us        14638  1.36871/s
BM_MatmulBlocked16x64x64AllocationIncluded/M:256/K:256/N:1                95.8 us         95.8 us        14638  1.36889/s
BM_MatmulBlocked16x64x64AllocationIncluded/M:256/K:256/N:1                95.5 us         95.5 us        14638  1.37193/s
BM_MatmulBlocked16x64x64AllocationIncluded/M:256/K:256/N:1                95.5 us         95.5 us        14638  1.37222/s
BM_MatmulBlocked16x64x64AllocationIncluded/M:256/K:256/N:1                95.9 us         95.9 us        14638  1.36659/s
BM_MatmulBlocked16x64x64AllocationIncluded/M:256/K:256/N:1                95.5 us         95.5 us        14638  1.37268/s
BM_MatmulBlocked16x64x64AllocationIncluded/M:256/K:256/N:1                95.8 us         95.8 us        14638   1.3678/s
BM_MatmulBlocked16x64x64AllocationIncluded/M:256/K:256/N:1                95.8 us         95.8 us        14638  1.36785/s
BM_MatmulBlocked16x64x64AllocationIncluded/M:256/K:256/N:1                95.7 us         95.7 us        14638  1.36987/s
BM_MatmulBlocked16x64x64AllocationIncluded/M:256/K:256/N:1_mean           95.7 us         95.7 us           10  1.36986/s
BM_MatmulBlocked16x64x64AllocationIncluded/M:256/K:256/N:1_median         95.7 us         95.7 us           10  1.36938/s
BM_MatmulBlocked16x64x64AllocationIncluded/M:256/K:256/N:1_stddev        0.154 us        0.154 us           10 2.20093m/s
BM_MatmulBlocked16x64x64AllocationIncluded/M:256/K:256/N:1_cv             0.16 %          0.16 %            10      0.16%
BM_MatmulBlocked16x64x64AllocationIncluded/M:32/K:256/N:64                80.9 us         80.9 us        17299  12.9654/s
BM_MatmulBlocked16x64x64AllocationIncluded/M:32/K:256/N:64                80.7 us         80.7 us        17299  12.9966/s
BM_MatmulBlocked16x64x64AllocationIncluded/M:32/K:256/N:64                81.0 us         81.0 us        17299  12.9514/s
BM_MatmulBlocked16x64x64AllocationIncluded/M:32/K:256/N:64                80.8 us         80.8 us        17299  12.9737/s
BM_MatmulBlocked16x64x64AllocationIncluded/M:32/K:256/N:64                81.0 us         81.0 us        17299  12.9492/s
BM_MatmulBlocked16x64x64AllocationIncluded/M:32/K:256/N:64                80.7 us         80.7 us        17299  12.9996/s
BM_MatmulBlocked16x64x64AllocationIncluded/M:32/K:256/N:64                80.8 us         80.8 us        17299  12.9717/s
BM_MatmulBlocked16x64x64AllocationIncluded/M:32/K:256/N:64                80.9 us         80.9 us        17299  12.9613/s
BM_MatmulBlocked16x64x64AllocationIncluded/M:32/K:256/N:64                80.8 us         80.8 us        17299  12.9715/s
BM_MatmulBlocked16x64x64AllocationIncluded/M:32/K:256/N:64                80.7 us         80.7 us        17299  12.9962/s
BM_MatmulBlocked16x64x64AllocationIncluded/M:32/K:256/N:64_mean           80.8 us         80.8 us           10  12.9737/s
BM_MatmulBlocked16x64x64AllocationIncluded/M:32/K:256/N:64_median         80.8 us         80.8 us           10  12.9716/s
BM_MatmulBlocked16x64x64AllocationIncluded/M:32/K:256/N:64_stddev        0.112 us        0.114 us           10 0.0183501/s
BM_MatmulBlocked16x64x64AllocationIncluded/M:32/K:256/N:64_cv             0.14 %          0.14 %            10      0.14%
BM_MatmulBlocked16x64x64AllocationIncluded/M:32/K:256/N:255                323 us          323 us         4273  12.9286/s
BM_MatmulBlocked16x64x64AllocationIncluded/M:32/K:256/N:255                323 us          323 us         4273  12.9387/s
BM_MatmulBlocked16x64x64AllocationIncluded/M:32/K:256/N:255                322 us          322 us         4273   12.963/s
BM_MatmulBlocked16x64x64AllocationIncluded/M:32/K:256/N:255                323 us          323 us         4273  12.9169/s
BM_MatmulBlocked16x64x64AllocationIncluded/M:32/K:256/N:255                322 us          322 us         4273  12.9716/s
BM_MatmulBlocked16x64x64AllocationIncluded/M:32/K:256/N:255                322 us          322 us         4273  12.9886/s
BM_MatmulBlocked16x64x64AllocationIncluded/M:32/K:256/N:255                323 us          323 us         4273  12.9314/s
BM_MatmulBlocked16x64x64AllocationIncluded/M:32/K:256/N:255                322 us          322 us         4273  12.9584/s
BM_MatmulBlocked16x64x64AllocationIncluded/M:32/K:256/N:255                323 us          323 us         4273  12.9386/s
BM_MatmulBlocked16x64x64AllocationIncluded/M:32/K:256/N:255                323 us          323 us         4273  12.9343/s
BM_MatmulBlocked16x64x64AllocationIncluded/M:32/K:256/N:255_mean           323 us          323 us           10   12.947/s
BM_MatmulBlocked16x64x64AllocationIncluded/M:32/K:256/N:255_median         323 us          323 us           10  12.9387/s
BM_MatmulBlocked16x64x64AllocationIncluded/M:32/K:256/N:255_stddev       0.561 us        0.557 us           10 0.0223695/s
BM_MatmulBlocked16x64x64AllocationIncluded/M:32/K:256/N:255_cv            0.17 %          0.17 %            10      0.17%
BM_MatmulBlocked16x64x64AllocationIncluded/M:32/K:256/N:256                326 us          326 us         4307  12.8643/s
BM_MatmulBlocked16x64x64AllocationIncluded/M:32/K:256/N:256                327 us          327 us         4307  12.8399/s
BM_MatmulBlocked16x64x64AllocationIncluded/M:32/K:256/N:256                325 us          325 us         4307  12.8986/s
BM_MatmulBlocked16x64x64AllocationIncluded/M:32/K:256/N:256                326 us          326 us         4307  12.8479/s
BM_MatmulBlocked16x64x64AllocationIncluded/M:32/K:256/N:256                325 us          325 us         4307  12.8874/s
BM_MatmulBlocked16x64x64AllocationIncluded/M:32/K:256/N:256                325 us          325 us         4307  12.8942/s
BM_MatmulBlocked16x64x64AllocationIncluded/M:32/K:256/N:256                326 us          326 us         4307  12.8705/s
BM_MatmulBlocked16x64x64AllocationIncluded/M:32/K:256/N:256                326 us          326 us         4307  12.8831/s
BM_MatmulBlocked16x64x64AllocationIncluded/M:32/K:256/N:256                326 us          326 us         4307  12.8671/s
BM_MatmulBlocked16x64x64AllocationIncluded/M:32/K:256/N:256                326 us          326 us         4307  12.8754/s
BM_MatmulBlocked16x64x64AllocationIncluded/M:32/K:256/N:256_mean           326 us          326 us           10  12.8728/s
BM_MatmulBlocked16x64x64AllocationIncluded/M:32/K:256/N:256_median         326 us          326 us           10  12.8729/s
BM_MatmulBlocked16x64x64AllocationIncluded/M:32/K:256/N:256_stddev       0.493 us        0.482 us           10 0.0190501/s
BM_MatmulBlocked16x64x64AllocationIncluded/M:32/K:256/N:256_cv            0.15 %          0.15 %            10      0.15%
BM_MatmulBlocked16x64x64AllocationIncluded/M:32/K:256/N:257                355 us          355 us         3957   11.846/s
BM_MatmulBlocked16x64x64AllocationIncluded/M:32/K:256/N:257                359 us          359 us         3957  11.7429/s
BM_MatmulBlocked16x64x64AllocationIncluded/M:32/K:256/N:257                355 us          355 us         3957  11.8681/s
BM_MatmulBlocked16x64x64AllocationIncluded/M:32/K:256/N:257                355 us          355 us         3957   11.848/s
BM_MatmulBlocked16x64x64AllocationIncluded/M:32/K:256/N:257                355 us          355 us         3957  11.8554/s
BM_MatmulBlocked16x64x64AllocationIncluded/M:32/K:256/N:257                355 us          355 us         3957  11.8493/s
BM_MatmulBlocked16x64x64AllocationIncluded/M:32/K:256/N:257                355 us          355 us         3957  11.8514/s
BM_MatmulBlocked16x64x64AllocationIncluded/M:32/K:256/N:257                355 us          355 us         3957  11.8665/s
BM_MatmulBlocked16x64x64AllocationIncluded/M:32/K:256/N:257                355 us          355 us         3957  11.8452/s
BM_MatmulBlocked16x64x64AllocationIncluded/M:32/K:256/N:257                355 us          355 us         3957  11.8623/s
BM_MatmulBlocked16x64x64AllocationIncluded/M:32/K:256/N:257_mean           356 us          356 us           10  11.8435/s
BM_MatmulBlocked16x64x64AllocationIncluded/M:32/K:256/N:257_median         355 us          355 us           10  11.8504/s
BM_MatmulBlocked16x64x64AllocationIncluded/M:32/K:256/N:257_stddev        1.22 us         1.10 us           10 0.0363143/s
BM_MatmulBlocked16x64x64AllocationIncluded/M:32/K:256/N:257_cv            0.34 %          0.31 %            10      0.31%
BM_MatmulBlocked16x64x64AllocationIncluded/M:32/K:256/N:512                656 us          656 us         2127  12.7845/s
BM_MatmulBlocked16x64x64AllocationIncluded/M:32/K:256/N:512                657 us          656 us         2127  12.7785/s
BM_MatmulBlocked16x64x64AllocationIncluded/M:32/K:256/N:512                658 us          658 us         2127  12.7555/s
BM_MatmulBlocked16x64x64AllocationIncluded/M:32/K:256/N:512                680 us          676 us         2127   12.414/s
BM_MatmulBlocked16x64x64AllocationIncluded/M:32/K:256/N:512                658 us          658 us         2127  12.7554/s
BM_MatmulBlocked16x64x64AllocationIncluded/M:32/K:256/N:512                656 us          656 us         2127  12.7789/s
BM_MatmulBlocked16x64x64AllocationIncluded/M:32/K:256/N:512                659 us          659 us         2127  12.7318/s
BM_MatmulBlocked16x64x64AllocationIncluded/M:32/K:256/N:512                657 us          657 us         2127  12.7718/s
BM_MatmulBlocked16x64x64AllocationIncluded/M:32/K:256/N:512                656 us          656 us         2127  12.7959/s
BM_MatmulBlocked16x64x64AllocationIncluded/M:32/K:256/N:512                657 us          657 us         2127  12.7656/s
BM_MatmulBlocked16x64x64AllocationIncluded/M:32/K:256/N:512_mean           659 us          659 us           10  12.7332/s
BM_MatmulBlocked16x64x64AllocationIncluded/M:32/K:256/N:512_median         657 us          657 us           10  12.7687/s
BM_MatmulBlocked16x64x64AllocationIncluded/M:32/K:256/N:512_stddev        7.25 us         6.01 us           10 0.113603/s
BM_MatmulBlocked16x64x64AllocationIncluded/M:32/K:256/N:512_cv            1.10 %          0.91 %            10      0.89%
BM_MatmulBlocked16x64x64AllocationIncluded/M:32/K:256/N:1024              1334 us         1333 us         1050  12.5818/s
BM_MatmulBlocked16x64x64AllocationIncluded/M:32/K:256/N:1024              1339 us         1339 us         1050   12.527/s
BM_MatmulBlocked16x64x64AllocationIncluded/M:32/K:256/N:1024              1339 us         1339 us         1050    12.53/s
BM_MatmulBlocked16x64x64AllocationIncluded/M:32/K:256/N:1024              1338 us         1338 us         1050  12.5383/s
BM_MatmulBlocked16x64x64AllocationIncluded/M:32/K:256/N:1024              1337 us         1336 us         1050  12.5533/s
BM_MatmulBlocked16x64x64AllocationIncluded/M:32/K:256/N:1024              1336 us         1336 us         1050  12.5536/s
BM_MatmulBlocked16x64x64AllocationIncluded/M:32/K:256/N:1024              1334 us         1334 us         1050  12.5793/s
BM_MatmulBlocked16x64x64AllocationIncluded/M:32/K:256/N:1024              1336 us         1336 us         1050  12.5567/s
BM_MatmulBlocked16x64x64AllocationIncluded/M:32/K:256/N:1024              1333 us         1333 us         1050  12.5883/s
BM_MatmulBlocked16x64x64AllocationIncluded/M:32/K:256/N:1024              1338 us         1338 us         1050  12.5382/s
BM_MatmulBlocked16x64x64AllocationIncluded/M:32/K:256/N:1024_mean         1336 us         1336 us           10  12.5546/s
BM_MatmulBlocked16x64x64AllocationIncluded/M:32/K:256/N:1024_median       1337 us         1336 us           10  12.5534/s
BM_MatmulBlocked16x64x64AllocationIncluded/M:32/K:256/N:1024_stddev       2.41 us         2.35 us           10 0.022099/s
BM_MatmulBlocked16x64x64AllocationIncluded/M:32/K:256/N:1024_cv           0.18 %          0.18 %            10      0.18%
