Unable to determine clock rate from sysctl: hw.cpufrequency: No such file or directory
This does not affect benchmark measurements, only the metadata output.
***WARNING*** Failed to set thread affinity. Estimated CPU frequency may be incorrect.
2026-09-13T20:15:28-07:00
Running /Users/aryamaandash/GitHub/cpu_optimized_inference_engine/build/benchmark-release/matmul_bench
Run on (11 X 24 MHz CPU s)
CPU Caches:
  L1 Data 64 KiB
  L1 Instruction 128 KiB
  L2 Unified 4096 KiB (x11)
Load Average: 3.51, 3.09, 2.86
-------------------------------------------------------------------------------------------------------------------
Benchmark                                                              Time             CPU   Iterations     GFLOPS
-------------------------------------------------------------------------------------------------------------------
BM_MatmulReferenceAllocationIncluded/M:1/K:1/N:1                   0.024 us        0.024 us     59740980 0.0849364/s
BM_MatmulReferenceAllocationIncluded/M:1/K:1/N:1                   0.024 us        0.024 us     59740980 0.0841397/s
BM_MatmulReferenceAllocationIncluded/M:1/K:1/N:1                   0.024 us        0.024 us     59740980 0.0828683/s
BM_MatmulReferenceAllocationIncluded/M:1/K:1/N:1                   0.024 us        0.024 us     59740980 0.0826456/s
BM_MatmulReferenceAllocationIncluded/M:1/K:1/N:1                   0.024 us        0.024 us     59740980 0.0844876/s
BM_MatmulReferenceAllocationIncluded/M:1/K:1/N:1                   0.024 us        0.024 us     59740980 0.0844262/s
BM_MatmulReferenceAllocationIncluded/M:1/K:1/N:1                   0.024 us        0.024 us     59740980 0.0850042/s
BM_MatmulReferenceAllocationIncluded/M:1/K:1/N:1                   0.024 us        0.024 us     59740980 0.0847825/s
BM_MatmulReferenceAllocationIncluded/M:1/K:1/N:1                   0.024 us        0.024 us     59740980 0.0843166/s
BM_MatmulReferenceAllocationIncluded/M:1/K:1/N:1                   0.024 us        0.024 us     59740980 0.0848771/s
BM_MatmulReferenceAllocationIncluded/M:1/K:1/N:1_mean              0.024 us        0.024 us           10 0.0842484/s
BM_MatmulReferenceAllocationIncluded/M:1/K:1/N:1_median            0.024 us        0.024 us           10 0.0844569/s
BM_MatmulReferenceAllocationIncluded/M:1/K:1/N:1_stddev            0.000 us        0.000 us           10 836.922u/s
BM_MatmulReferenceAllocationIncluded/M:1/K:1/N:1_cv                 1.17 %          1.00 %            10      0.99%
BM_MatmulReferenceAllocationIncluded/M:32/K:32/N:32                 11.7 us         11.7 us       120203  5.60603/s
BM_MatmulReferenceAllocationIncluded/M:32/K:32/N:32                 11.8 us         11.8 us       120203  5.57569/s
BM_MatmulReferenceAllocationIncluded/M:32/K:32/N:32                 11.7 us         11.7 us       120203  5.61376/s
BM_MatmulReferenceAllocationIncluded/M:32/K:32/N:32                 11.7 us         11.7 us       120203  5.61736/s
BM_MatmulReferenceAllocationIncluded/M:32/K:32/N:32                 11.7 us         11.7 us       120203  5.59651/s
BM_MatmulReferenceAllocationIncluded/M:32/K:32/N:32                 11.7 us         11.7 us       120203  5.59211/s
BM_MatmulReferenceAllocationIncluded/M:32/K:32/N:32                 11.8 us         11.8 us       120203  5.55393/s
BM_MatmulReferenceAllocationIncluded/M:32/K:32/N:32                 11.9 us         11.8 us       120203  5.53144/s
BM_MatmulReferenceAllocationIncluded/M:32/K:32/N:32                 11.9 us         11.9 us       120203   5.5084/s
BM_MatmulReferenceAllocationIncluded/M:32/K:32/N:32                 11.9 us         11.9 us       120203  5.52212/s
BM_MatmulReferenceAllocationIncluded/M:32/K:32/N:32_mean            11.8 us         11.8 us           10  5.57173/s
BM_MatmulReferenceAllocationIncluded/M:32/K:32/N:32_median          11.8 us         11.7 us           10   5.5839/s
BM_MatmulReferenceAllocationIncluded/M:32/K:32/N:32_stddev         0.087 us        0.085 us           10 0.0401128/s
BM_MatmulReferenceAllocationIncluded/M:32/K:32/N:32_cv              0.74 %          0.72 %            10      0.72%
BM_MatmulReferenceAllocationIncluded/M:128/K:128/N:128              1258 us         1257 us         1101  3.33653/s
BM_MatmulReferenceAllocationIncluded/M:128/K:128/N:128              1260 us         1259 us         1101  3.33224/s
BM_MatmulReferenceAllocationIncluded/M:128/K:128/N:128              1260 us         1259 us         1101  3.33235/s
BM_MatmulReferenceAllocationIncluded/M:128/K:128/N:128              1259 us         1258 us         1101  3.33437/s
BM_MatmulReferenceAllocationIncluded/M:128/K:128/N:128              1262 us         1260 us         1101  3.32905/s
BM_MatmulReferenceAllocationIncluded/M:128/K:128/N:128              1252 us         1251 us         1101  3.35319/s
BM_MatmulReferenceAllocationIncluded/M:128/K:128/N:128              1256 us         1255 us         1101  3.34198/s
BM_MatmulReferenceAllocationIncluded/M:128/K:128/N:128              1262 us         1260 us         1101  3.32819/s
BM_MatmulReferenceAllocationIncluded/M:128/K:128/N:128              1260 us         1259 us         1101  3.33229/s
BM_MatmulReferenceAllocationIncluded/M:128/K:128/N:128              1301 us         1297 us         1101   3.2349/s
BM_MatmulReferenceAllocationIncluded/M:128/K:128/N:128_mean         1263 us         1261 us           10  3.32551/s
BM_MatmulReferenceAllocationIncluded/M:128/K:128/N:128_median       1260 us         1259 us           10  3.33232/s
BM_MatmulReferenceAllocationIncluded/M:128/K:128/N:128_stddev       13.6 us         12.7 us           10 0.0326695/s
BM_MatmulReferenceAllocationIncluded/M:128/K:128/N:128_cv           1.07 %          1.00 %            10      0.98%
BM_MatmulReferenceAllocationIncluded/M:256/K:256/N:256             12844 us        12832 us          108  2.61495/s
BM_MatmulReferenceAllocationIncluded/M:256/K:256/N:256             12846 us        12833 us          108   2.6148/s
BM_MatmulReferenceAllocationIncluded/M:256/K:256/N:256             12821 us        12806 us          108  2.62029/s
BM_MatmulReferenceAllocationIncluded/M:256/K:256/N:256             12864 us        12846 us          108  2.61212/s
BM_MatmulReferenceAllocationIncluded/M:256/K:256/N:256             12790 us        12776 us          108   2.6263/s
BM_MatmulReferenceAllocationIncluded/M:256/K:256/N:256             12849 us        12832 us          108  2.61483/s
BM_MatmulReferenceAllocationIncluded/M:256/K:256/N:256             12897 us        12862 us          108  2.60883/s
BM_MatmulReferenceAllocationIncluded/M:256/K:256/N:256             12804 us        12778 us          108  2.62595/s
BM_MatmulReferenceAllocationIncluded/M:256/K:256/N:256             12704 us        12687 us          108  2.64469/s
BM_MatmulReferenceAllocationIncluded/M:256/K:256/N:256             12745 us        12732 us          108  2.63546/s
BM_MatmulReferenceAllocationIncluded/M:256/K:256/N:256_mean        12816 us        12798 us           10  2.62182/s
BM_MatmulReferenceAllocationIncluded/M:256/K:256/N:256_median      12833 us        12819 us           10  2.61762/s
BM_MatmulReferenceAllocationIncluded/M:256/K:256/N:256_stddev       57.7 us         55.2 us           10 0.0113374/s
BM_MatmulReferenceAllocationIncluded/M:256/K:256/N:256_cv           0.45 %          0.43 %            10      0.43%
BM_MatmulReferenceAllocationIncluded/M:63/K:65/N:67                  127 us          127 us        10988  4.32708/s
BM_MatmulReferenceAllocationIncluded/M:63/K:65/N:67                  129 us          128 us        10988   4.2741/s
BM_MatmulReferenceAllocationIncluded/M:63/K:65/N:67                  132 us          131 us        10988  4.20046/s
BM_MatmulReferenceAllocationIncluded/M:63/K:65/N:67                  127 us          127 us        10988  4.32301/s
BM_MatmulReferenceAllocationIncluded/M:63/K:65/N:67                  127 us          127 us        10988  4.31787/s
BM_MatmulReferenceAllocationIncluded/M:63/K:65/N:67                  128 us          127 us        10988  4.30855/s
BM_MatmulReferenceAllocationIncluded/M:63/K:65/N:67                  127 us          127 us        10988  4.32927/s
BM_MatmulReferenceAllocationIncluded/M:63/K:65/N:67                  127 us          127 us        10988  4.32439/s
BM_MatmulReferenceAllocationIncluded/M:63/K:65/N:67                  127 us          127 us        10988  4.31693/s
BM_MatmulReferenceAllocationIncluded/M:63/K:65/N:67                  127 us          127 us        10988  4.31792/s
BM_MatmulReferenceAllocationIncluded/M:63/K:65/N:67_mean             128 us          128 us           10  4.30396/s
BM_MatmulReferenceAllocationIncluded/M:63/K:65/N:67_median           127 us          127 us           10  4.31789/s
BM_MatmulReferenceAllocationIncluded/M:63/K:65/N:67_stddev          1.67 us         1.20 us           10 0.0396321/s
BM_MatmulReferenceAllocationIncluded/M:63/K:65/N:67_cv              1.31 %          0.94 %            10      0.92%
BM_MatmulReferenceAllocationIncluded/M:1/K:256/N:256                49.1 us         49.0 us        28371  2.67329/s
BM_MatmulReferenceAllocationIncluded/M:1/K:256/N:256                49.4 us         49.3 us        28371  2.65941/s
BM_MatmulReferenceAllocationIncluded/M:1/K:256/N:256                49.3 us         49.3 us        28371   2.6606/s
BM_MatmulReferenceAllocationIncluded/M:1/K:256/N:256                49.2 us         49.2 us        28371  2.66616/s
BM_MatmulReferenceAllocationIncluded/M:1/K:256/N:256                49.2 us         49.2 us        28371  2.66663/s
BM_MatmulReferenceAllocationIncluded/M:1/K:256/N:256                49.6 us         49.5 us        28371  2.64638/s
BM_MatmulReferenceAllocationIncluded/M:1/K:256/N:256                49.4 us         49.3 us        28371  2.65926/s
BM_MatmulReferenceAllocationIncluded/M:1/K:256/N:256                49.1 us         49.0 us        28371  2.67379/s
BM_MatmulReferenceAllocationIncluded/M:1/K:256/N:256                49.4 us         49.3 us        28371   2.6578/s
BM_MatmulReferenceAllocationIncluded/M:1/K:256/N:256                49.2 us         49.1 us        28371  2.66854/s
BM_MatmulReferenceAllocationIncluded/M:1/K:256/N:256_mean           49.3 us         49.2 us           10  2.66319/s
BM_MatmulReferenceAllocationIncluded/M:1/K:256/N:256_median         49.3 us         49.2 us           10  2.66338/s
BM_MatmulReferenceAllocationIncluded/M:1/K:256/N:256_stddev        0.172 us        0.153 us           10  8.2442m/s
BM_MatmulReferenceAllocationIncluded/M:1/K:256/N:256_cv             0.35 %          0.31 %            10      0.31%
BM_MatmulReferenceAllocationIncluded/M:256/K:256/N:1                28.9 us         28.9 us        48316  4.53388/s
BM_MatmulReferenceAllocationIncluded/M:256/K:256/N:1                29.1 us         29.0 us        48316  4.51679/s
BM_MatmulReferenceAllocationIncluded/M:256/K:256/N:1                29.1 us         29.0 us        48316  4.51273/s
BM_MatmulReferenceAllocationIncluded/M:256/K:256/N:1                29.0 us         29.0 us        48316  4.52364/s
BM_MatmulReferenceAllocationIncluded/M:256/K:256/N:1                29.3 us         29.2 us        48316  4.48453/s
BM_MatmulReferenceAllocationIncluded/M:256/K:256/N:1                29.2 us         29.1 us        48316  4.49782/s
BM_MatmulReferenceAllocationIncluded/M:256/K:256/N:1                29.0 us         29.0 us        48316  4.51932/s
BM_MatmulReferenceAllocationIncluded/M:256/K:256/N:1                29.3 us         29.3 us        48316  4.48018/s
BM_MatmulReferenceAllocationIncluded/M:256/K:256/N:1                29.1 us         29.0 us        48316  4.51303/s
BM_MatmulReferenceAllocationIncluded/M:256/K:256/N:1                29.0 us         28.9 us        48316  4.53117/s
BM_MatmulReferenceAllocationIncluded/M:256/K:256/N:1_mean           29.1 us         29.1 us           10  4.51131/s
BM_MatmulReferenceAllocationIncluded/M:256/K:256/N:1_median         29.1 us         29.0 us           10  4.51491/s
BM_MatmulReferenceAllocationIncluded/M:256/K:256/N:1_stddev        0.133 us        0.118 us           10 0.0183296/s
BM_MatmulReferenceAllocationIncluded/M:256/K:256/N:1_cv             0.46 %          0.41 %            10      0.41%
