Unable to determine clock rate from sysctl: hw.cpufrequency: No such file or directory
This does not affect benchmark measurements, only the metadata output.
***WARNING*** Failed to set thread affinity. Estimated CPU frequency may be incorrect.
2026-09-13T19:53:47-07:00
Running /Users/aryamaandash/GitHub/cpu_optimized_inference_engine/build/benchmark-release/matmul_bench
Run on (11 X 24 MHz CPU s)
CPU Caches:
  L1 Data 64 KiB
  L1 Instruction 128 KiB
  L2 Unified 4096 KiB (x11)
Load Average: 5.04, 3.57, 2.64
-------------------------------------------------------------------------------------------------------------------
Benchmark                                                              Time             CPU   Iterations     GFLOPS
-------------------------------------------------------------------------------------------------------------------
BM_MatmulReferenceAllocationIncluded/M:1/K:1/N:1                   0.023 us        0.023 us     60332865 0.0863412/s
BM_MatmulReferenceAllocationIncluded/M:1/K:1/N:1                   0.023 us        0.023 us     60332865 0.085889/s
BM_MatmulReferenceAllocationIncluded/M:1/K:1/N:1                   0.023 us        0.023 us     60332865 0.086664/s
BM_MatmulReferenceAllocationIncluded/M:1/K:1/N:1                   0.023 us        0.023 us     60332865 0.0853538/s
BM_MatmulReferenceAllocationIncluded/M:1/K:1/N:1                   0.023 us        0.023 us     60332865 0.0853979/s
BM_MatmulReferenceAllocationIncluded/M:1/K:1/N:1_mean              0.023 us        0.023 us            5 0.0859292/s
BM_MatmulReferenceAllocationIncluded/M:1/K:1/N:1_median            0.023 us        0.023 us            5 0.085889/s
BM_MatmulReferenceAllocationIncluded/M:1/K:1/N:1_stddev            0.000 us        0.000 us            5 575.457u/s
BM_MatmulReferenceAllocationIncluded/M:1/K:1/N:1_cv                 0.77 %          0.67 %             5      0.67%
BM_MatmulReferenceAllocationIncluded/M:32/K:32/N:32                 12.6 us         12.2 us       123352  5.36324/s
BM_MatmulReferenceAllocationIncluded/M:32/K:32/N:32                 11.9 us         11.8 us       123352  5.55207/s
BM_MatmulReferenceAllocationIncluded/M:32/K:32/N:32                 11.7 us         11.7 us       123352  5.61051/s
BM_MatmulReferenceAllocationIncluded/M:32/K:32/N:32                 11.8 us         11.7 us       123352  5.58245/s
BM_MatmulReferenceAllocationIncluded/M:32/K:32/N:32                 11.5 us         11.5 us       123352  5.69555/s
BM_MatmulReferenceAllocationIncluded/M:32/K:32/N:32_mean            11.9 us         11.8 us            5  5.56076/s
BM_MatmulReferenceAllocationIncluded/M:32/K:32/N:32_median          11.8 us         11.7 us            5  5.58245/s
BM_MatmulReferenceAllocationIncluded/M:32/K:32/N:32_stddev         0.423 us        0.264 us            5 0.122681/s
BM_MatmulReferenceAllocationIncluded/M:32/K:32/N:32_cv              3.55 %          2.24 %             5      2.21%
BM_MatmulReferenceAllocationIncluded/M:128/K:128/N:128              1215 us         1214 us         1090  3.45378/s
BM_MatmulReferenceAllocationIncluded/M:128/K:128/N:128              1209 us         1208 us         1090  3.47156/s
BM_MatmulReferenceAllocationIncluded/M:128/K:128/N:128              1201 us         1190 us         1090   3.5255/s
BM_MatmulReferenceAllocationIncluded/M:128/K:128/N:128              1187 us         1186 us         1090  3.53688/s
BM_MatmulReferenceAllocationIncluded/M:128/K:128/N:128              1207 us         1202 us         1090  3.49035/s
BM_MatmulReferenceAllocationIncluded/M:128/K:128/N:128_mean         1204 us         1200 us            5  3.49562/s
BM_MatmulReferenceAllocationIncluded/M:128/K:128/N:128_median       1207 us         1202 us            5  3.49035/s
BM_MatmulReferenceAllocationIncluded/M:128/K:128/N:128_stddev       10.6 us         12.1 us            5 0.0351888/s
BM_MatmulReferenceAllocationIncluded/M:128/K:128/N:128_cv           0.88 %          1.01 %             5      1.01%
BM_MatmulReferenceAllocationIncluded/M:256/K:256/N:256             11996 us        11987 us          123  2.79916/s
BM_MatmulReferenceAllocationIncluded/M:256/K:256/N:256             11973 us        11959 us          123  2.80573/s
BM_MatmulReferenceAllocationIncluded/M:256/K:256/N:256             12107 us        12090 us          123  2.77549/s
BM_MatmulReferenceAllocationIncluded/M:256/K:256/N:256             12304 us        12256 us          123  2.73785/s
BM_MatmulReferenceAllocationIncluded/M:256/K:256/N:256             12190 us        12188 us          123  2.75314/s
BM_MatmulReferenceAllocationIncluded/M:256/K:256/N:256_mean        12114 us        12096 us            5  2.77428/s
BM_MatmulReferenceAllocationIncluded/M:256/K:256/N:256_median      12107 us        12090 us            5  2.77549/s
BM_MatmulReferenceAllocationIncluded/M:256/K:256/N:256_stddev        138 us          127 us            5 0.0290847/s
BM_MatmulReferenceAllocationIncluded/M:256/K:256/N:256_cv           1.14 %          1.05 %             5      1.05%
BM_MatmulReferenceAllocationIncluded/M:63/K:65/N:67                  117 us          117 us        12001  4.68566/s
BM_MatmulReferenceAllocationIncluded/M:63/K:65/N:67                  119 us          119 us        12001  4.61907/s
BM_MatmulReferenceAllocationIncluded/M:63/K:65/N:67                  120 us          119 us        12001  4.59746/s
BM_MatmulReferenceAllocationIncluded/M:63/K:65/N:67                  122 us          122 us        12001  4.50853/s
BM_MatmulReferenceAllocationIncluded/M:63/K:65/N:67                  121 us          121 us        12001  4.52941/s
BM_MatmulReferenceAllocationIncluded/M:63/K:65/N:67_mean             120 us          120 us            5  4.58803/s
BM_MatmulReferenceAllocationIncluded/M:63/K:65/N:67_median           120 us          119 us            5  4.59746/s
BM_MatmulReferenceAllocationIncluded/M:63/K:65/N:67_stddev          1.85 us         1.85 us            5 0.0713092/s
BM_MatmulReferenceAllocationIncluded/M:63/K:65/N:67_cv              1.55 %          1.55 %             5      1.55%
BM_MatmulReferenceAllocationIncluded/M:1/K:256/N:256                46.2 us         46.2 us        31082  2.83782/s
BM_MatmulReferenceAllocationIncluded/M:1/K:256/N:256                49.6 us         49.0 us        31082  2.67419/s
BM_MatmulReferenceAllocationIncluded/M:1/K:256/N:256                55.1 us         52.7 us        31082   2.4865/s
BM_MatmulReferenceAllocationIncluded/M:1/K:256/N:256                62.0 us         55.4 us        31082  2.36491/s
BM_MatmulReferenceAllocationIncluded/M:1/K:256/N:256                57.9 us         53.9 us        31082   2.4304/s
BM_MatmulReferenceAllocationIncluded/M:1/K:256/N:256_mean           54.2 us         51.5 us            5  2.55876/s
BM_MatmulReferenceAllocationIncluded/M:1/K:256/N:256_median         55.1 us         52.7 us            5   2.4865/s
BM_MatmulReferenceAllocationIncluded/M:1/K:256/N:256_stddev         6.35 us         3.78 us            5 0.193957/s
BM_MatmulReferenceAllocationIncluded/M:1/K:256/N:256_cv            11.73 %          7.35 %             5      7.58%
BM_MatmulReferenceAllocationIncluded/M:256/K:256/N:1                30.8 us         30.1 us        43723  4.36065/s
BM_MatmulReferenceAllocationIncluded/M:256/K:256/N:1                26.3 us         26.3 us        43723  4.97652/s
BM_MatmulReferenceAllocationIncluded/M:256/K:256/N:1                26.6 us         26.6 us        43723  4.92498/s
BM_MatmulReferenceAllocationIncluded/M:256/K:256/N:1                26.9 us         26.9 us        43723  4.88106/s
BM_MatmulReferenceAllocationIncluded/M:256/K:256/N:1                26.8 us         26.8 us        43723  4.89959/s
BM_MatmulReferenceAllocationIncluded/M:256/K:256/N:1_mean           27.5 us         27.3 us            5  4.80856/s
BM_MatmulReferenceAllocationIncluded/M:256/K:256/N:1_median         26.8 us         26.8 us            5  4.89959/s
BM_MatmulReferenceAllocationIncluded/M:256/K:256/N:1_stddev         1.89 us         1.54 us            5 0.252947/s
BM_MatmulReferenceAllocationIncluded/M:256/K:256/N:1_cv             6.88 %          5.64 %             5      5.26%
