[  6%] Building CXX object CMakeFiles/inference_demo.dir/src/main.cpp.o
[  6%] Building CXX object CMakeFiles/inference.dir/src/matrix.cpp.o
[  9%] Linking CXX static library libinference.a
[  9%] Built target inference
[ 12%] Linking CXX executable inference_demo
[ 12%] Built target inference_demo
[ 15%] Building CXX object CMakeFiles/matrix_tests.dir/tests/matrix_tests.cpp.o
[ 18%] Building CXX object _deps/googlebenchmark-build/src/CMakeFiles/benchmark.dir/benchmark.cc.o
[ 21%] Linking CXX executable matrix_tests
[ 21%] Built target matrix_tests
[ 25%] Building CXX object CMakeFiles/matrix_copy_assignment_tests.dir/tests/matrix_copy_assignment_tests.cpp.o
[ 28%] Building CXX object _deps/googlebenchmark-build/src/CMakeFiles/benchmark.dir/benchmark_api_internal.cc.o
[ 31%] Linking CXX executable matrix_copy_assignment_tests
[ 31%] Built target matrix_copy_assignment_tests
[ 34%] Building CXX object _deps/googlebenchmark-build/src/CMakeFiles/benchmark.dir/benchmark_name.cc.o
[ 37%] Building CXX object _deps/googlebenchmark-build/src/CMakeFiles/benchmark.dir/benchmark_register.cc.o
[ 40%] Building CXX object _deps/googlebenchmark-build/src/CMakeFiles/benchmark.dir/benchmark_runner.cc.o
[ 43%] Building CXX object _deps/googlebenchmark-build/src/CMakeFiles/benchmark.dir/check.cc.o
[ 46%] Building CXX object _deps/googlebenchmark-build/src/CMakeFiles/benchmark.dir/colorprint.cc.o
[ 50%] Building CXX object _deps/googlebenchmark-build/src/CMakeFiles/benchmark.dir/commandlineflags.cc.o
[ 53%] Building CXX object _deps/googlebenchmark-build/src/CMakeFiles/benchmark.dir/complexity.cc.o
[ 56%] Building CXX object _deps/googlebenchmark-build/src/CMakeFiles/benchmark.dir/console_reporter.cc.o
[ 59%] Building CXX object _deps/googlebenchmark-build/src/CMakeFiles/benchmark.dir/counter.cc.o
[ 62%] Building CXX object _deps/googlebenchmark-build/src/CMakeFiles/benchmark.dir/csv_reporter.cc.o
[ 65%] Building CXX object _deps/googlebenchmark-build/src/CMakeFiles/benchmark.dir/json_reporter.cc.o
[ 68%] Building CXX object _deps/googlebenchmark-build/src/CMakeFiles/benchmark.dir/perf_counters.cc.o
[ 71%] Building CXX object _deps/googlebenchmark-build/src/CMakeFiles/benchmark.dir/reporter.cc.o
[ 75%] Building CXX object _deps/googlebenchmark-build/src/CMakeFiles/benchmark.dir/statistics.cc.o
[ 78%] Building CXX object _deps/googlebenchmark-build/src/CMakeFiles/benchmark.dir/string_util.cc.o
[ 81%] Building CXX object _deps/googlebenchmark-build/src/CMakeFiles/benchmark.dir/sysinfo.cc.o
[ 84%] Building CXX object _deps/googlebenchmark-build/src/CMakeFiles/benchmark.dir/timers.cc.o
[ 87%] Linking CXX static library libbenchmark.a
[ 87%] Built target benchmark
[ 90%] Building CXX object _deps/googlebenchmark-build/src/CMakeFiles/benchmark_main.dir/benchmark_main.cc.o
[ 93%] Linking CXX static library libbenchmark_main.a
[ 93%] Built target benchmark_main
[ 96%] Building CXX object CMakeFiles/matmul_bench.dir/benchmarks/matmul_bench.cpp.o
[100%] Linking CXX executable matmul_bench
[100%] Built target matmul_bench
